[SERVER-SCAFFOLD] Run started at: 2026-03-25 08:22:54
[SERVER-SCAFFOLD] Run ID: 20260325_082254
[SERVER-SCAFFOLD] Log file: results\scaffold_multiclass_sslcon\logs\server_20260325_082254.log
[SERVER-SCAFFOLD] Contrastive mode: sslcon
[SERVER-SCAFFOLD] SCAFFOLD Server listening on 0.0.0.0:9999
[SERVER-SCAFFOLD] Waiting for 2 clients...
[SERVER-SCAFFOLD]   Client 0 registered from ('127.0.0.1', 65259)
[SERVER-SCAFFOLD]   Client 1 registered from ('127.0.0.1', 65274)
[SERVER-SCAFFOLD] All 2 clients connected. Starting SCAFFOLD training...
[SERVER-SCAFFOLD] =================================================================
[SERVER-SCAFFOLD] Round  10/100 | SupCon=5.1064 | CE=2.7028 | Acc_L=0.1779 | Acc_P=0.5338 | F1_P=0.1716 | BMTA_P=0.5338 | 97.4s
[SERVER-SCAFFOLD] Round  20/100 | SupCon=5.0964 | CE=2.7930 | Acc_L=0.1931 | Acc_P=0.7215 | F1_P=0.2905 | BMTA_P=0.7462 | 36.3s
[SERVER-SCAFFOLD] Round  30/100 | SupCon=5.0907 | CE=2.7475 | Acc_L=0.2012 | Acc_P=0.8802 | F1_P=0.3521 | BMTA_P=0.9478 | 37.8s
[SERVER-SCAFFOLD] Round  40/100 | SupCon=5.0978 | CE=2.7283 | Acc_L=0.2067 | Acc_P=0.9040 | F1_P=0.3809 | BMTA_P=0.9478 | 38.3s
[SERVER-SCAFFOLD] Round  50/100 | SupCon=5.0893 | CE=2.7835 | Acc_L=0.2097 | Acc_P=0.8955 | F1_P=0.3938 | BMTA_P=0.9478 | 67.1s
[SERVER-SCAFFOLD] Round  60/100 | SupCon=5.0849 | CE=2.7524 | Acc_L=0.2058 | Acc_P=0.8715 | F1_P=0.3897 | BMTA_P=0.9478 | 38.9s
[SERVER-SCAFFOLD] Round  70/100 | SupCon=5.1046 | CE=2.7317 | Acc_L=0.2093 | Acc_P=0.8816 | F1_P=0.3657 | BMTA_P=0.9478 | 46.3s
[SERVER-SCAFFOLD] Round  80/100 | SupCon=5.0884 | CE=2.7732 | Acc_L=0.2031 | Acc_P=0.9077 | F1_P=0.3988 | BMTA_P=0.9478 | 42.8s
[SERVER-SCAFFOLD] Round  90/100 | SupCon=5.0919 | CE=2.6744 | Acc_L=0.2068 | Acc_P=0.9079 | F1_P=0.3985 | BMTA_P=0.9478 | 44.8s
[SERVER-SCAFFOLD] Round 100/100 | SupCon=5.0974 | CE=2.7662 | Acc_L=0.2052 | Acc_P=0.8952 | F1_P=0.3803 | BMTA_P=0.9478 | 52.4s
[SERVER-SCAFFOLD] =================================================================
[SERVER-SCAFFOLD] SCAFFOLD + PERSONALIZATION TRAINING COMPLETE
[SERVER-SCAFFOLD]   BMTA (Local):        0.5065
[SERVER-SCAFFOLD]   BMTA (Personalized): 0.9478
[SERVER-SCAFFOLD]   Final checkpoint saved.
[SERVER-SCAFFOLD]   History saved: results\scaffold_multiclass_sslcon\logs\training_history_20260325_082254.csv
[SERVER-SCAFFOLD] Server shut down cleanly.
