[CLIENT-0-SCAFFOLD] Run started at: 2026-03-23 09:37:01
[CLIENT-0-SCAFFOLD] ============================================================
[CLIENT-0-SCAFFOLD] FeCoGraph SCAFFOLD Client 0
[CLIENT-0-SCAFFOLD] Device: cpu
[CLIENT-0-SCAFFOLD] ============================================================
[CLIENT-0-SCAFFOLD] Train: 25,353 | Test: 59,159 | Labeled: 7604
[CLIENT-0-SCAFFOLD] Connecting to server 127.0.0.1:9999...
[CLIENT-0-SCAFFOLD] Connected and registered.
[CLIENT-0-SCAFFOLD]   Round 1 | Loss=6.5750 | Acc(G)=0.9163 | Acc(P)=0.0199 | F1(P)=0.0198 | Time=6.5s
[CLIENT-0-SCAFFOLD]   Round 2 | Loss=6.5682 | Acc(G)=0.9195 | Acc(P)=0.4981 | F1(P)=0.3412 | Time=6.8s
[CLIENT-0-SCAFFOLD]   Round 3 | Loss=6.5738 | Acc(G)=0.9153 | Acc(P)=0.6035 | F1(P)=0.3879 | Time=6.5s
[CLIENT-0-SCAFFOLD]   Round 4 | Loss=6.5671 | Acc(G)=0.9135 | Acc(P)=0.8755 | F1(P)=0.5038 | Time=6.7s
[CLIENT-0-SCAFFOLD]   Round 5 | Loss=6.5690 | Acc(G)=0.9153 | Acc(P)=0.9665 | F1(P)=0.6002 | Time=7.4s
[CLIENT-0-SCAFFOLD]   Round 6 | Loss=6.5647 | Acc(G)=0.9206 | Acc(P)=0.9750 | F1(P)=0.6250 | Time=7.1s
[CLIENT-0-SCAFFOLD]   Round 7 | Loss=6.5611 | Acc(G)=0.9197 | Acc(P)=0.9864 | F1(P)=0.6935 | Time=6.8s
[CLIENT-0-SCAFFOLD]   Round 8 | Loss=6.5663 | Acc(G)=0.9222 | Acc(P)=0.9829 | F1(P)=0.6800 | Time=6.5s
[CLIENT-0-SCAFFOLD]   Round 9 | Loss=6.5631 | Acc(G)=0.9197 | Acc(P)=0.9788 | F1(P)=0.6422 | Time=6.6s
[CLIENT-0-SCAFFOLD]   Round 10 | Loss=6.5612 | Acc(G)=0.9187 | Acc(P)=0.9868 | F1(P)=0.6967 | Time=6.8s
[CLIENT-0-SCAFFOLD]   Round 11 | Loss=6.5551 | Acc(G)=0.9190 | Acc(P)=0.9902 | F1(P)=0.7346 | Time=6.9s
[CLIENT-0-SCAFFOLD]   Round 12 | Loss=6.5605 | Acc(G)=0.9191 | Acc(P)=0.9889 | F1(P)=0.7191 | Time=6.7s
[CLIENT-0-SCAFFOLD]   Round 13 | Loss=6.5570 | Acc(G)=0.9198 | Acc(P)=0.9859 | F1(P)=0.6886 | Time=6.5s
[CLIENT-0-SCAFFOLD]   Round 14 | Loss=6.5506 | Acc(G)=0.9199 | Acc(P)=0.9944 | F1(P)=0.8049 | Time=6.6s
[CLIENT-0-SCAFFOLD]   Round 15 | Loss=6.5567 | Acc(G)=0.9226 | Acc(P)=0.9898 | F1(P)=0.7382 | Time=6.8s
[CLIENT-0-SCAFFOLD]   Round 16 | Loss=6.5522 | Acc(G)=0.9192 | Acc(P)=0.9940 | F1(P)=0.8047 | Time=7.0s
[CLIENT-0-SCAFFOLD]   Round 17 | Loss=6.5525 | Acc(G)=0.9220 | Acc(P)=0.9887 | F1(P)=0.7250 | Time=6.8s
[CLIENT-0-SCAFFOLD]   Round 18 | Loss=6.5466 | Acc(G)=0.9215 | Acc(P)=0.9913 | F1(P)=0.7490 | Time=6.8s
[CLIENT-0-SCAFFOLD]   Round 19 | Loss=6.5519 | Acc(G)=0.9195 | Acc(P)=0.9949 | F1(P)=0.8142 | Time=6.9s
[CLIENT-0-SCAFFOLD]   Round 20 | Loss=6.5484 | Acc(G)=0.9197 | Acc(P)=0.9882 | F1(P)=0.7104 | Time=7.0s
[CLIENT-0-SCAFFOLD]   Round 21 | Loss=6.5463 | Acc(G)=0.9228 | Acc(P)=0.9954 | F1(P)=0.8275 | Time=6.8s
[CLIENT-0-SCAFFOLD]   Round 22 | Loss=6.5499 | Acc(G)=0.9187 | Acc(P)=0.9952 | F1(P)=0.8209 | Time=6.9s
[CLIENT-0-SCAFFOLD]   Round 23 | Loss=6.5484 | Acc(G)=0.9225 | Acc(P)=0.9966 | F1(P)=0.8653 | Time=6.8s
[CLIENT-0-SCAFFOLD]   Round 24 | Loss=6.5509 | Acc(G)=0.9225 | Acc(P)=0.9917 | F1(P)=0.7558 | Time=6.7s
[CLIENT-0-SCAFFOLD]   Round 25 | Loss=6.5463 | Acc(G)=0.9229 | Acc(P)=0.9969 | F1(P)=0.8744 | Time=6.5s
[CLIENT-0-SCAFFOLD]   Round 26 | Loss=6.5441 | Acc(G)=0.9201 | Acc(P)=0.9970 | F1(P)=0.8719 | Time=7.0s
[CLIENT-0-SCAFFOLD]   Round 27 | Loss=6.5440 | Acc(G)=0.9224 | Acc(P)=0.9917 | F1(P)=0.7641 | Time=7.0s
[CLIENT-0-SCAFFOLD]   Round 28 | Loss=6.5483 | Acc(G)=0.9243 | Acc(P)=0.9927 | F1(P)=0.7813 | Time=6.6s
[CLIENT-0-SCAFFOLD]   Round 29 | Loss=6.5436 | Acc(G)=0.9245 | Acc(P)=0.9954 | F1(P)=0.8259 | Time=6.8s
[CLIENT-0-SCAFFOLD]   Round 30 | Loss=6.5439 | Acc(G)=0.9141 | Acc(P)=0.9965 | F1(P)=0.8629 | Time=6.8s
[CLIENT-0-SCAFFOLD]   Round 31 | Loss=6.5414 | Acc(G)=0.9249 | Acc(P)=0.9956 | F1(P)=0.8318 | Time=6.9s
[CLIENT-0-SCAFFOLD]   Round 32 | Loss=6.5379 | Acc(G)=0.9209 | Acc(P)=0.9955 | F1(P)=0.8288 | Time=6.4s
[CLIENT-0-SCAFFOLD]   Round 33 | Loss=6.5415 | Acc(G)=0.9246 | Acc(P)=0.9958 | F1(P)=0.8438 | Time=6.6s
[CLIENT-0-SCAFFOLD]   Round 34 | Loss=6.5384 | Acc(G)=0.9219 | Acc(P)=0.9942 | F1(P)=0.8010 | Time=7.5s
[CLIENT-0-SCAFFOLD]   Round 35 | Loss=6.5379 | Acc(G)=0.9261 | Acc(P)=0.9954 | F1(P)=0.8267 | Time=7.2s
[CLIENT-0-SCAFFOLD]   Round 36 | Loss=6.5356 | Acc(G)=0.9247 | Acc(P)=0.9940 | F1(P)=0.7961 | Time=7.5s
[CLIENT-0-SCAFFOLD]   Round 37 | Loss=6.5369 | Acc(G)=0.9208 | Acc(P)=0.9973 | F1(P)=0.8887 | Time=7.2s
[CLIENT-0-SCAFFOLD]   Round 38 | Loss=6.5406 | Acc(G)=0.9200 | Acc(P)=0.9899 | F1(P)=0.7399 | Time=6.8s
[CLIENT-0-SCAFFOLD]   Round 39 | Loss=6.5383 | Acc(G)=0.9193 | Acc(P)=0.9946 | F1(P)=0.8179 | Time=6.8s
[CLIENT-0-SCAFFOLD]   Round 40 | Loss=6.5369 | Acc(G)=0.9269 | Acc(P)=0.9959 | F1(P)=0.8411 | Time=6.6s
[CLIENT-0-SCAFFOLD]   Round 41 | Loss=6.5340 | Acc(G)=0.9241 | Acc(P)=0.9948 | F1(P)=0.8209 | Time=7.3s
[CLIENT-0-SCAFFOLD]   Round 42 | Loss=6.5380 | Acc(G)=0.9243 | Acc(P)=0.9950 | F1(P)=0.8178 | Time=7.5s
[CLIENT-0-SCAFFOLD]   Round 43 | Loss=6.5418 | Acc(G)=0.9233 | Acc(P)=0.9977 | F1(P)=0.8927 | Time=7.1s
[CLIENT-0-SCAFFOLD]   Round 44 | Loss=6.5327 | Acc(G)=0.9255 | Acc(P)=0.9941 | F1(P)=0.7985 | Time=7.1s
[CLIENT-0-SCAFFOLD]   Round 45 | Loss=6.5384 | Acc(G)=0.9248 | Acc(P)=0.9953 | F1(P)=0.8238 | Time=7.0s
[CLIENT-0-SCAFFOLD]   Round 46 | Loss=6.5343 | Acc(G)=0.9260 | Acc(P)=0.9981 | F1(P)=0.9151 | Time=7.2s
[CLIENT-0-SCAFFOLD]   Round 47 | Loss=6.5335 | Acc(G)=0.9266 | Acc(P)=0.9944 | F1(P)=0.8035 | Time=7.0s
[CLIENT-0-SCAFFOLD]   Round 48 | Loss=6.5386 | Acc(G)=0.9269 | Acc(P)=0.9954 | F1(P)=0.8275 | Time=7.2s
[CLIENT-0-SCAFFOLD]   Round 49 | Loss=6.5344 | Acc(G)=0.9164 | Acc(P)=0.9952 | F1(P)=0.8204 | Time=7.1s
[CLIENT-0-SCAFFOLD]   Round 50 | Loss=6.5322 | Acc(G)=0.9286 | Acc(P)=0.9961 | F1(P)=0.8443 | Time=6.6s
[CLIENT-0-SCAFFOLD]   Round 51 | Loss=6.5336 | Acc(G)=0.9271 | Acc(P)=0.9963 | F1(P)=0.8505 | Time=6.8s
[CLIENT-0-SCAFFOLD]   Round 52 | Loss=6.5364 | Acc(G)=0.9242 | Acc(P)=0.9970 | F1(P)=0.8714 | Time=6.9s
[CLIENT-0-SCAFFOLD]   Round 53 | Loss=6.5340 | Acc(G)=0.9260 | Acc(P)=0.9947 | F1(P)=0.8194 | Time=7.0s
[CLIENT-0-SCAFFOLD]   Round 54 | Loss=6.5328 | Acc(G)=0.9277 | Acc(P)=0.9913 | F1(P)=0.7492 | Time=6.9s
[CLIENT-0-SCAFFOLD]   Round 55 | Loss=6.5317 | Acc(G)=0.9163 | Acc(P)=0.9969 | F1(P)=0.8676 | Time=7.0s
[CLIENT-0-SCAFFOLD]   Round 56 | Loss=6.5323 | Acc(G)=0.9178 | Acc(P)=0.9936 | F1(P)=0.7969 | Time=6.8s
[CLIENT-0-SCAFFOLD]   Round 57 | Loss=6.5316 | Acc(G)=0.9267 | Acc(P)=0.9969 | F1(P)=0.8694 | Time=7.0s
[CLIENT-0-SCAFFOLD]   Round 58 | Loss=6.5310 | Acc(G)=0.9270 | Acc(P)=0.9954 | F1(P)=0.8263 | Time=6.9s
[CLIENT-0-SCAFFOLD]   Round 59 | Loss=6.5284 | Acc(G)=0.9267 | Acc(P)=0.9969 | F1(P)=0.8687 | Time=6.9s
[CLIENT-0-SCAFFOLD]   Round 60 | Loss=6.5308 | Acc(G)=0.9259 | Acc(P)=0.9975 | F1(P)=0.8870 | Time=6.8s
[CLIENT-0-SCAFFOLD]   Round 61 | Loss=6.5287 | Acc(G)=0.9250 | Acc(P)=0.9952 | F1(P)=0.8313 | Time=7.0s
[CLIENT-0-SCAFFOLD]   Round 62 | Loss=6.5312 | Acc(G)=0.9269 | Acc(P)=0.9909 | F1(P)=0.7523 | Time=6.9s
[CLIENT-0-SCAFFOLD]   Round 63 | Loss=6.5316 | Acc(G)=0.9266 | Acc(P)=0.9950 | F1(P)=0.8250 | Time=7.1s
[CLIENT-0-SCAFFOLD]   Round 64 | Loss=6.5316 | Acc(G)=0.9278 | Acc(P)=0.9978 | F1(P)=0.8979 | Time=6.9s
[CLIENT-0-SCAFFOLD]   Round 65 | Loss=6.5302 | Acc(G)=0.9257 | Acc(P)=0.9865 | F1(P)=0.7023 | Time=7.1s
[CLIENT-0-SCAFFOLD]   Round 66 | Loss=6.5271 | Acc(G)=0.9183 | Acc(P)=0.9940 | F1(P)=0.8037 | Time=7.1s
[CLIENT-0-SCAFFOLD]   Round 67 | Loss=6.5283 | Acc(G)=0.9273 | Acc(P)=0.9964 | F1(P)=0.8597 | Time=7.0s
[CLIENT-0-SCAFFOLD]   Round 68 | Loss=6.5281 | Acc(G)=0.9266 | Acc(P)=0.9942 | F1(P)=0.8078 | Time=7.0s
[CLIENT-0-SCAFFOLD]   Round 69 | Loss=6.5261 | Acc(G)=0.9174 | Acc(P)=0.9890 | F1(P)=0.7284 | Time=7.0s
[CLIENT-0-SCAFFOLD]   Round 70 | Loss=6.5270 | Acc(G)=0.9272 | Acc(P)=0.9891 | F1(P)=0.7296 | Time=6.9s
[CLIENT-0-SCAFFOLD]   Round 71 | Loss=6.5257 | Acc(G)=0.9279 | Acc(P)=0.9983 | F1(P)=0.9214 | Time=6.8s
[CLIENT-0-SCAFFOLD]   Round 72 | Loss=6.5248 | Acc(G)=0.9279 | Acc(P)=0.9980 | F1(P)=0.9132 | Time=7.1s
[CLIENT-0-SCAFFOLD]   Round 73 | Loss=6.5289 | Acc(G)=0.9270 | Acc(P)=0.9967 | F1(P)=0.8635 | Time=7.1s
[CLIENT-0-SCAFFOLD]   Round 74 | Loss=6.5260 | Acc(G)=0.9300 | Acc(P)=0.9947 | F1(P)=0.8186 | Time=7.4s
[CLIENT-0-SCAFFOLD]   Round 75 | Loss=6.5245 | Acc(G)=0.9273 | Acc(P)=0.9980 | F1(P)=0.9120 | Time=7.1s
[CLIENT-0-SCAFFOLD]   Round 76 | Loss=6.5249 | Acc(G)=0.9232 | Acc(P)=0.9969 | F1(P)=0.8739 | Time=7.0s
[CLIENT-0-SCAFFOLD]   Round 77 | Loss=6.5265 | Acc(G)=0.9260 | Acc(P)=0.9956 | F1(P)=0.8387 | Time=7.1s
[CLIENT-0-SCAFFOLD]   Round 78 | Loss=6.5270 | Acc(G)=0.9238 | Acc(P)=0.9947 | F1(P)=0.8097 | Time=7.1s
[CLIENT-0-SCAFFOLD]   Round 79 | Loss=6.5272 | Acc(G)=0.9259 | Acc(P)=0.9971 | F1(P)=0.8739 | Time=6.9s
[CLIENT-0-SCAFFOLD]   Round 80 | Loss=6.5276 | Acc(G)=0.9258 | Acc(P)=0.9942 | F1(P)=0.7991 | Time=7.0s
[CLIENT-0-SCAFFOLD]   Round 81 | Loss=6.5261 | Acc(G)=0.9274 | Acc(P)=0.9968 | F1(P)=0.8644 | Time=7.1s
[CLIENT-0-SCAFFOLD]   Round 82 | Loss=6.5225 | Acc(G)=0.9267 | Acc(P)=0.9950 | F1(P)=0.8164 | Time=7.3s
[CLIENT-0-SCAFFOLD]   Round 83 | Loss=6.5264 | Acc(G)=0.9186 | Acc(P)=0.9962 | F1(P)=0.8567 | Time=7.0s
[CLIENT-0-SCAFFOLD]   Round 84 | Loss=6.5282 | Acc(G)=0.9277 | Acc(P)=0.9965 | F1(P)=0.8542 | Time=6.9s
[CLIENT-0-SCAFFOLD]   Round 85 | Loss=6.5239 | Acc(G)=0.9305 | Acc(P)=0.9902 | F1(P)=0.7350 | Time=6.8s
[CLIENT-0-SCAFFOLD]   Round 86 | Loss=6.5243 | Acc(G)=0.9268 | Acc(P)=0.9951 | F1(P)=0.8286 | Time=7.1s
[CLIENT-0-SCAFFOLD]   Round 87 | Loss=6.5212 | Acc(G)=0.9219 | Acc(P)=0.9934 | F1(P)=0.7922 | Time=7.5s
[CLIENT-0-SCAFFOLD]   Round 88 | Loss=6.5220 | Acc(G)=0.9147 | Acc(P)=0.9973 | F1(P)=0.8825 | Time=7.1s
[CLIENT-0-SCAFFOLD]   Round 89 | Loss=6.5199 | Acc(G)=0.9181 | Acc(P)=0.9961 | F1(P)=0.8536 | Time=7.1s
[CLIENT-0-SCAFFOLD]   Round 90 | Loss=6.5241 | Acc(G)=0.9268 | Acc(P)=0.9951 | F1(P)=0.8282 | Time=6.6s
[CLIENT-0-SCAFFOLD]   Round 91 | Loss=6.5185 | Acc(G)=0.9234 | Acc(P)=0.9967 | F1(P)=0.8613 | Time=7.0s
[CLIENT-0-SCAFFOLD]   Round 92 | Loss=6.5213 | Acc(G)=0.9276 | Acc(P)=0.9972 | F1(P)=0.8849 | Time=6.8s
[CLIENT-0-SCAFFOLD]   Round 93 | Loss=6.5259 | Acc(G)=0.9269 | Acc(P)=0.9966 | F1(P)=0.8664 | Time=6.9s
[CLIENT-0-SCAFFOLD]   Round 94 | Loss=6.5254 | Acc(G)=0.9234 | Acc(P)=0.9955 | F1(P)=0.8301 | Time=7.0s
[CLIENT-0-SCAFFOLD]   Round 95 | Loss=6.5205 | Acc(G)=0.9215 | Acc(P)=0.9956 | F1(P)=0.8392 | Time=7.2s
[CLIENT-0-SCAFFOLD]   Round 96 | Loss=6.5266 | Acc(G)=0.9279 | Acc(P)=0.9975 | F1(P)=0.8943 | Time=6.9s
[CLIENT-0-SCAFFOLD]   Round 97 | Loss=6.5219 | Acc(G)=0.9290 | Acc(P)=0.9958 | F1(P)=0.8357 | Time=7.1s
[CLIENT-0-SCAFFOLD]   Round 98 | Loss=6.5187 | Acc(G)=0.9233 | Acc(P)=0.9965 | F1(P)=0.8644 | Time=6.7s
[CLIENT-0-SCAFFOLD]   Round 99 | Loss=6.5243 | Acc(G)=0.9285 | Acc(P)=0.9960 | F1(P)=0.8434 | Time=6.8s
[CLIENT-0-SCAFFOLD]   Round 100 | Loss=6.5208 | Acc(G)=0.9150 | Acc(P)=0.9968 | F1(P)=0.8640 | Time=6.8s
[CLIENT-0-SCAFFOLD] Received SHUTDOWN. Training complete.
[CLIENT-0-SCAFFOLD] Client done.
