[SERVER-SCAFFOLD] Run started at: 2026-03-23 09:36:40
[SERVER-SCAFFOLD] SCAFFOLD Server listening on 0.0.0.0:9999
[SERVER-SCAFFOLD] Waiting for 2 clients...
[SERVER-SCAFFOLD]   Client 0 registered from ('127.0.0.1', 63893)
[SERVER-SCAFFOLD]   Client 1 registered from ('127.0.0.1', 63917)
[SERVER-SCAFFOLD] All 2 clients connected. Starting SCAFFOLD training...
[SERVER-SCAFFOLD] =================================================================
[SERVER-SCAFFOLD] Round  10/100 | SupCon=6.9619 | CE=0.6652 | Acc_L=0.6286 | Acc_P=0.9601 | F1_P=0.8075 | BMTA_P=0.9601 | 6.8s
[SERVER-SCAFFOLD] Round  20/100 | SupCon=6.9514 | CE=0.6473 | Acc_L=0.6286 | Acc_P=0.9631 | F1_P=0.8170 | BMTA_P=0.9661 | 7.0s
[SERVER-SCAFFOLD] Round  30/100 | SupCon=6.9387 | CE=0.6547 | Acc_L=0.6299 | Acc_P=0.9673 | F1_P=0.8934 | BMTA_P=0.9673 | 6.8s
[SERVER-SCAFFOLD] Round  40/100 | SupCon=6.9319 | CE=0.6450 | Acc_L=0.6389 | Acc_P=0.9665 | F1_P=0.8819 | BMTA_P=0.9719 | 6.7s
[SERVER-SCAFFOLD] Round  50/100 | SupCon=6.9203 | CE=0.6483 | Acc_L=0.6395 | Acc_P=0.9718 | F1_P=0.8896 | BMTA_P=0.9730 | 6.7s
[SERVER-SCAFFOLD] Round  60/100 | SupCon=6.9116 | CE=0.6594 | Acc_L=0.6387 | Acc_P=0.9731 | F1_P=0.9116 | BMTA_P=0.9731 | 6.8s
[SERVER-SCAFFOLD] Round  70/100 | SupCon=6.9124 | CE=0.6534 | Acc_L=0.6431 | Acc_P=0.9687 | F1_P=0.8326 | BMTA_P=0.9731 | 7.0s
[SERVER-SCAFFOLD] Round  80/100 | SupCon=6.9030 | CE=0.6512 | Acc_L=0.6456 | Acc_P=0.9709 | F1_P=0.8669 | BMTA_P=0.9739 | 7.0s
[SERVER-SCAFFOLD] Round  90/100 | SupCon=6.8979 | CE=0.6400 | Acc_L=0.6505 | Acc_P=0.9733 | F1_P=0.8838 | BMTA_P=0.9743 | 6.6s
[SERVER-SCAFFOLD] Round 100/100 | SupCon=6.8905 | CE=0.6483 | Acc_L=0.6450 | Acc_P=0.9726 | F1_P=0.8999 | BMTA_P=0.9775 | 6.8s
[SERVER-SCAFFOLD] =================================================================
[SERVER-SCAFFOLD] SCAFFOLD + PERSONALIZATION TRAINING COMPLETE
[SERVER-SCAFFOLD]   BMTA (Local):        0.6509
[SERVER-SCAFFOLD]   BMTA (Personalized): 0.9775
[SERVER-SCAFFOLD]   Final checkpoint saved.
[SERVER-SCAFFOLD]   History saved: results\scaffold_binary\logs\training_history.csv
[SERVER-SCAFFOLD] Server shut down cleanly.
