2026-03-12 09:18:25,810 [C0-MC-P0.5] Client 0 | MULTICLASS | LABEL_PROPORTION=0.5
2026-03-12 09:18:29,929 [C0-MC-P0.5] Labeled: 12671 / 25353
2026-03-12 09:19:32,984 [C0-MC-P0.5]   R1 Acc_P=0.3138 F1_P=0.0458
2026-03-12 09:20:33,658 [C0-MC-P0.5]   R2 Acc_P=0.3393 F1_P=0.0465
2026-03-12 09:21:33,978 [C0-MC-P0.5]   R3 Acc_P=0.6507 F1_P=0.0626
2026-03-12 09:22:34,218 [C0-MC-P0.5]   R4 Acc_P=0.5090 F1_P=0.0573
2026-03-12 09:23:34,189 [C0-MC-P0.5]   R5 Acc_P=0.6799 F1_P=0.0690
2026-03-12 09:24:35,129 [C0-MC-P0.5]   R6 Acc_P=0.9110 F1_P=0.0841
2026-03-12 09:25:35,934 [C0-MC-P0.5]   R7 Acc_P=0.9534 F1_P=0.0972
2026-03-12 09:26:41,861 [C0-MC-P0.5]   R8 Acc_P=0.9523 F1_P=0.0970
2026-03-12 09:27:41,719 [C0-MC-P0.5]   R9 Acc_P=0.9579 F1_P=0.0982
2026-03-12 09:28:41,281 [C0-MC-P0.5]   R10 Acc_P=0.9641 F1_P=0.1768
2026-03-12 09:29:41,266 [C0-MC-P0.5]   R11 Acc_P=0.9671 F1_P=0.1091
2026-03-12 09:30:41,796 [C0-MC-P0.5]   R12 Acc_P=0.9656 F1_P=0.1422
2026-03-12 09:31:41,636 [C0-MC-P0.5]   R13 Acc_P=0.9631 F1_P=0.1214
2026-03-12 09:32:40,996 [C0-MC-P0.5]   R14 Acc_P=0.9659 F1_P=0.1234
2026-03-12 09:33:40,451 [C0-MC-P0.5]   R15 Acc_P=0.9706 F1_P=0.1367
2026-03-12 09:34:41,381 [C0-MC-P0.5]   R16 Acc_P=0.9689 F1_P=0.1486
2026-03-12 09:35:40,582 [C0-MC-P0.5]   R17 Acc_P=0.9655 F1_P=0.1483
2026-03-12 09:36:40,349 [C0-MC-P0.5]   R18 Acc_P=0.9687 F1_P=0.1408
2026-03-12 09:37:39,617 [C0-MC-P0.5]   R19 Acc_P=0.9684 F1_P=0.1263
2026-03-12 09:38:38,335 [C0-MC-P0.5]   R20 Acc_P=0.9664 F1_P=0.1294
2026-03-12 09:39:37,188 [C0-MC-P0.5]   R21 Acc_P=0.9866 F1_P=0.1585
2026-03-12 09:40:35,392 [C0-MC-P0.5]   R22 Acc_P=0.9728 F1_P=0.1384
2026-03-12 09:41:32,049 [C0-MC-P0.5]   R23 Acc_P=0.9715 F1_P=0.1248
2026-03-12 09:42:36,129 [C0-MC-P0.5]   R24 Acc_P=0.9835 F1_P=0.1547
2026-03-12 09:43:36,930 [C0-MC-P0.5]   R25 Acc_P=0.9831 F1_P=0.1442
2026-03-12 09:44:33,069 [C0-MC-P0.5]   R26 Acc_P=0.9893 F1_P=0.1686
2026-03-12 09:45:29,217 [C0-MC-P0.5]   R27 Acc_P=0.9894 F1_P=0.1683
2026-03-12 09:46:25,404 [C0-MC-P0.5]   R28 Acc_P=0.9866 F1_P=0.2245
2026-03-12 09:47:24,153 [C0-MC-P0.5]   R29 Acc_P=0.9844 F1_P=0.1462
2026-03-12 09:48:22,220 [C0-MC-P0.5]   R30 Acc_P=0.9849 F1_P=0.2012
2026-03-12 09:49:20,854 [C0-MC-P0.5]   R31 Acc_P=0.9849 F1_P=0.2119
2026-03-12 09:50:19,529 [C0-MC-P0.5]   R32 Acc_P=0.9884 F1_P=0.2343
2026-03-12 09:51:17,693 [C0-MC-P0.5]   R33 Acc_P=0.9878 F1_P=0.2233
2026-03-12 09:52:15,745 [C0-MC-P0.5]   R34 Acc_P=0.9913 F1_P=0.2813
2026-03-12 09:53:14,489 [C0-MC-P0.5]   R35 Acc_P=0.9941 F1_P=0.2925
2026-03-12 09:54:13,404 [C0-MC-P0.5]   R36 Acc_P=0.9911 F1_P=0.3672
2026-03-12 09:55:12,071 [C0-MC-P0.5]   R37 Acc_P=0.9933 F1_P=0.2873
2026-03-12 09:56:10,388 [C0-MC-P0.5]   R38 Acc_P=0.9917 F1_P=0.2578
2026-03-12 09:57:08,529 [C0-MC-P0.5]   R39 Acc_P=0.9905 F1_P=0.2769
2026-03-12 09:58:06,821 [C0-MC-P0.5]   R40 Acc_P=0.9902 F1_P=0.2844
2026-03-12 09:59:04,918 [C0-MC-P0.5]   R41 Acc_P=0.9913 F1_P=0.3690
2026-03-12 10:00:03,027 [C0-MC-P0.5]   R42 Acc_P=0.9887 F1_P=0.2883
2026-03-12 10:01:01,370 [C0-MC-P0.5]   R43 Acc_P=0.9923 F1_P=0.3588
2026-03-12 10:02:00,551 [C0-MC-P0.5]   R44 Acc_P=0.9888 F1_P=0.2635
2026-03-12 10:02:59,322 [C0-MC-P0.5]   R45 Acc_P=0.9953 F1_P=0.3391
2026-03-12 10:03:57,729 [C0-MC-P0.5]   R46 Acc_P=0.9952 F1_P=0.3551
2026-03-12 10:04:56,134 [C0-MC-P0.5]   R47 Acc_P=0.9944 F1_P=0.3197
2026-03-12 10:05:54,966 [C0-MC-P0.5]   R48 Acc_P=0.9873 F1_P=0.2674
2026-03-12 10:06:52,830 [C0-MC-P0.5]   R49 Acc_P=0.9946 F1_P=0.3452
2026-03-12 10:07:50,968 [C0-MC-P0.5]   R50 Acc_P=0.9965 F1_P=0.3561
2026-03-12 10:08:49,854 [C0-MC-P0.5]   R51 Acc_P=0.9936 F1_P=0.3163
2026-03-12 10:09:49,444 [C0-MC-P0.5]   R52 Acc_P=0.9967 F1_P=0.3792
2026-03-12 10:11:27,823 [C0-MC-P0.5]   R53 Acc_P=0.9925 F1_P=0.3697
2026-03-12 10:13:55,923 [C0-MC-P0.5]   R54 Acc_P=0.9913 F1_P=0.2846
2026-03-12 10:16:24,365 [C0-MC-P0.5]   R55 Acc_P=0.9927 F1_P=0.3196
2026-03-12 10:18:52,236 [C0-MC-P0.5]   R56 Acc_P=0.9976 F1_P=0.3966
2026-03-12 10:21:20,596 [C0-MC-P0.5]   R57 Acc_P=0.9984 F1_P=0.4165
2026-03-12 10:23:02,657 [C0-MC-P0.5]   R58 Acc_P=0.9980 F1_P=0.4061
2026-03-12 10:23:58,311 [C0-MC-P0.5]   R59 Acc_P=0.9980 F1_P=0.4091
2026-03-12 10:24:54,922 [C0-MC-P0.5]   R60 Acc_P=0.9981 F1_P=0.4148
2026-03-12 10:25:51,469 [C0-MC-P0.5]   R61 Acc_P=0.9981 F1_P=0.4916
2026-03-12 10:27:00,451 [C0-MC-P0.5]   R62 Acc_P=0.9990 F1_P=0.4440
2026-03-12 10:29:28,863 [C0-MC-P0.5]   R63 Acc_P=0.9987 F1_P=0.4979
2026-03-12 10:31:57,147 [C0-MC-P0.5]   R64 Acc_P=0.9978 F1_P=0.4171
2026-03-12 10:34:25,307 [C0-MC-P0.5]   R65 Acc_P=0.9986 F1_P=0.4315
2026-03-12 10:36:54,201 [C0-MC-P0.5]   R66 Acc_P=0.9983 F1_P=0.5559
2026-03-12 10:39:22,125 [C0-MC-P0.5]   R67 Acc_P=0.9990 F1_P=0.5049
2026-03-12 10:41:51,391 [C0-MC-P0.5]   R68 Acc_P=0.9992 F1_P=0.5839
2026-03-12 10:44:19,440 [C0-MC-P0.5]   R69 Acc_P=0.9991 F1_P=0.5774
2026-03-12 10:46:00,331 [C0-MC-P0.5]   R70 Acc_P=0.9991 F1_P=0.5693
2026-03-12 10:46:56,821 [C0-MC-P0.5]   R71 Acc_P=0.9985 F1_P=0.5482
2026-03-12 10:47:53,354 [C0-MC-P0.5]   R72 Acc_P=0.9992 F1_P=0.5853
2026-03-12 10:48:50,305 [C0-MC-P0.5]   R73 Acc_P=0.9984 F1_P=0.5226
2026-03-12 10:49:47,077 [C0-MC-P0.5]   R74 Acc_P=0.9989 F1_P=0.5162
2026-03-12 10:51:52,029 [C0-MC-P0.5]   R75 Acc_P=0.9992 F1_P=0.6023
2026-03-12 10:54:20,278 [C0-MC-P0.5]   R76 Acc_P=0.9989 F1_P=0.5732
2026-03-12 10:55:32,448 [C0-MC-P0.5]   R77 Acc_P=0.9987 F1_P=0.5592
2026-03-12 10:56:29,120 [C0-MC-P0.5]   R78 Acc_P=0.9992 F1_P=0.6034
2026-03-12 10:57:26,028 [C0-MC-P0.5]   R79 Acc_P=0.9990 F1_P=0.5979
2026-03-12 10:58:23,143 [C0-MC-P0.5]   R80 Acc_P=0.9990 F1_P=0.5891
2026-03-12 11:00:10,126 [C0-MC-P0.5]   R81 Acc_P=0.9988 F1_P=0.5865
2026-03-12 11:02:38,653 [C0-MC-P0.5]   R82 Acc_P=0.9992 F1_P=0.6090
2026-03-12 11:05:06,477 [C0-MC-P0.5]   R83 Acc_P=0.9991 F1_P=0.5989
2026-03-12 11:07:34,142 [C0-MC-P0.5]   R84 Acc_P=0.9991 F1_P=0.5997
2026-03-12 11:10:01,061 [C0-MC-P0.5]   R85 Acc_P=0.9989 F1_P=0.5854
2026-03-12 11:12:29,110 [C0-MC-P0.5]   R86 Acc_P=0.9992 F1_P=0.5908
2026-03-12 11:14:56,951 [C0-MC-P0.5]   R87 Acc_P=0.9990 F1_P=0.5841
2026-03-12 11:17:24,911 [C0-MC-P0.5]   R88 Acc_P=0.9989 F1_P=0.5753
2026-03-12 11:19:52,754 [C0-MC-P0.5]   R89 Acc_P=0.9990 F1_P=0.5958
2026-03-12 11:22:20,722 [C0-MC-P0.5]   R90 Acc_P=0.9991 F1_P=0.6249
2026-03-12 11:24:48,295 [C0-MC-P0.5]   R91 Acc_P=0.9991 F1_P=0.5975
2026-03-12 11:27:15,734 [C0-MC-P0.5]   R92 Acc_P=0.9991 F1_P=0.5948
2026-03-12 11:29:43,677 [C0-MC-P0.5]   R93 Acc_P=0.9992 F1_P=0.6018
2026-03-12 11:32:10,102 [C0-MC-P0.5]   R94 Acc_P=0.9986 F1_P=0.5667
2026-03-12 11:34:38,073 [C0-MC-P0.5]   R95 Acc_P=0.9990 F1_P=0.5888
2026-03-12 11:37:06,473 [C0-MC-P0.5]   R96 Acc_P=0.9990 F1_P=0.5902
2026-03-12 11:39:34,363 [C0-MC-P0.5]   R97 Acc_P=0.9990 F1_P=0.5836
2026-03-12 11:42:00,976 [C0-MC-P0.5]   R98 Acc_P=0.9990 F1_P=0.5837
2026-03-12 11:44:28,289 [C0-MC-P0.5]   R99 Acc_P=0.9988 F1_P=0.5768
2026-03-12 11:46:55,154 [C0-MC-P0.5]   R100 Acc_P=0.9990 F1_P=0.5808
2026-03-12 11:46:55,936 [C0-MC-P0.5] Final: Acc=0.9990 F1=0.5808
2026-03-12 11:46:55,936 [C0-MC-P0.5] Grouped F1: {'BruteForce': 69.11, 'Bot': 100.0, 'DoS': 22.07, 'DDoS': 98.53, 'Infiltration': 15.38, 'Web Attacks': 0.0}
