2026-03-12 09:18:26,826 [C1-MC-P0.5] Client 1 | MULTICLASS | LABEL_PROPORTION=0.5
2026-03-12 09:18:28,489 [C1-MC-P0.5] Labeled: 2320 / 4646
2026-03-12 09:18:38,961 [C1-MC-P0.5]   R1 Acc_P=0.0386 F1_P=0.0351
2026-03-12 09:19:41,419 [C1-MC-P0.5]   R2 Acc_P=0.1139 F1_P=0.0929
2026-03-12 09:20:42,166 [C1-MC-P0.5]   R3 Acc_P=0.1259 F1_P=0.0732
2026-03-12 09:21:41,919 [C1-MC-P0.5]   R4 Acc_P=0.3089 F1_P=0.1935
2026-03-12 09:22:42,179 [C1-MC-P0.5]   R5 Acc_P=0.2688 F1_P=0.2134
2026-03-12 09:23:42,389 [C1-MC-P0.5]   R6 Acc_P=0.2591 F1_P=0.2036
2026-03-12 09:24:43,115 [C1-MC-P0.5]   R7 Acc_P=0.2776 F1_P=0.2808
2026-03-12 09:25:46,387 [C1-MC-P0.5]   R8 Acc_P=0.2800 F1_P=0.2776
2026-03-12 09:26:49,858 [C1-MC-P0.5]   R9 Acc_P=0.2827 F1_P=0.2640
2026-03-12 09:27:49,682 [C1-MC-P0.5]   R10 Acc_P=0.2853 F1_P=0.2490
2026-03-12 09:28:49,213 [C1-MC-P0.5]   R11 Acc_P=0.2935 F1_P=0.2535
2026-03-12 09:29:50,017 [C1-MC-P0.5]   R12 Acc_P=0.3125 F1_P=0.2549
2026-03-12 09:30:50,282 [C1-MC-P0.5]   R13 Acc_P=0.3106 F1_P=0.2567
2026-03-12 09:31:49,574 [C1-MC-P0.5]   R14 Acc_P=0.3745 F1_P=0.3344
2026-03-12 09:32:48,932 [C1-MC-P0.5]   R15 Acc_P=0.4128 F1_P=0.3708
2026-03-12 09:33:49,607 [C1-MC-P0.5]   R16 Acc_P=0.4203 F1_P=0.4109
2026-03-12 09:34:49,406 [C1-MC-P0.5]   R17 Acc_P=0.4188 F1_P=0.3663
2026-03-12 09:35:49,005 [C1-MC-P0.5]   R18 Acc_P=0.7558 F1_P=0.5248
2026-03-12 09:36:48,450 [C1-MC-P0.5]   R19 Acc_P=0.7720 F1_P=0.4993
2026-03-12 09:37:47,471 [C1-MC-P0.5]   R20 Acc_P=0.6576 F1_P=0.4691
2026-03-12 09:38:46,206 [C1-MC-P0.5]   R21 Acc_P=0.7644 F1_P=0.5154
2026-03-12 09:39:45,293 [C1-MC-P0.5]   R22 Acc_P=0.7571 F1_P=0.5738
2026-03-12 09:40:43,090 [C1-MC-P0.5]   R23 Acc_P=0.7084 F1_P=0.4593
2026-03-12 09:41:40,183 [C1-MC-P0.5]   R24 Acc_P=0.7885 F1_P=0.5892
2026-03-12 09:42:47,455 [C1-MC-P0.5]   R25 Acc_P=0.6649 F1_P=0.4177
2026-03-12 09:43:44,699 [C1-MC-P0.5]   R26 Acc_P=0.8510 F1_P=0.5365
2026-03-12 09:44:40,761 [C1-MC-P0.5]   R27 Acc_P=0.7567 F1_P=0.4555
2026-03-12 09:45:37,561 [C1-MC-P0.5]   R28 Acc_P=0.8126 F1_P=0.5610
2026-03-12 09:46:33,050 [C1-MC-P0.5]   R29 Acc_P=0.8019 F1_P=0.5513
2026-03-12 09:47:32,017 [C1-MC-P0.5]   R30 Acc_P=0.8061 F1_P=0.5306
2026-03-12 09:48:30,718 [C1-MC-P0.5]   R31 Acc_P=0.8403 F1_P=0.5513
2026-03-12 09:49:29,131 [C1-MC-P0.5]   R32 Acc_P=0.7666 F1_P=0.4951
2026-03-12 09:50:27,417 [C1-MC-P0.5]   R33 Acc_P=0.6839 F1_P=0.4505
2026-03-12 09:51:26,110 [C1-MC-P0.5]   R34 Acc_P=0.7849 F1_P=0.5507
2026-03-12 09:52:24,276 [C1-MC-P0.5]   R35 Acc_P=0.8140 F1_P=0.5429
2026-03-12 09:53:22,776 [C1-MC-P0.5]   R36 Acc_P=0.8176 F1_P=0.5443
2026-03-12 09:54:21,558 [C1-MC-P0.5]   R37 Acc_P=0.8554 F1_P=0.5628
2026-03-12 09:55:20,023 [C1-MC-P0.5]   R38 Acc_P=0.8347 F1_P=0.6213
2026-03-12 09:56:18,823 [C1-MC-P0.5]   R39 Acc_P=0.8376 F1_P=0.5530
2026-03-12 09:57:16,422 [C1-MC-P0.5]   R40 Acc_P=0.8554 F1_P=0.5742
2026-03-12 09:58:14,710 [C1-MC-P0.5]   R41 Acc_P=0.8290 F1_P=0.5422
2026-03-12 09:59:12,783 [C1-MC-P0.5]   R42 Acc_P=0.8322 F1_P=0.5483
2026-03-12 10:00:10,895 [C1-MC-P0.5]   R43 Acc_P=0.8277 F1_P=0.5932
2026-03-12 10:01:09,281 [C1-MC-P0.5]   R44 Acc_P=0.8364 F1_P=0.5731
2026-03-12 10:02:08,405 [C1-MC-P0.5]   R45 Acc_P=0.8218 F1_P=0.5237
2026-03-12 10:03:07,228 [C1-MC-P0.5]   R46 Acc_P=0.8439 F1_P=0.5937
2026-03-12 10:04:05,653 [C1-MC-P0.5]   R47 Acc_P=0.8344 F1_P=0.5437
2026-03-12 10:05:04,480 [C1-MC-P0.5]   R48 Acc_P=0.8341 F1_P=0.5515
2026-03-12 10:06:02,788 [C1-MC-P0.5]   R49 Acc_P=0.8343 F1_P=0.5423
2026-03-12 10:07:00,780 [C1-MC-P0.5]   R50 Acc_P=0.8465 F1_P=0.5609
2026-03-12 10:07:59,091 [C1-MC-P0.5]   R51 Acc_P=0.8348 F1_P=0.5625
2026-03-12 10:08:58,589 [C1-MC-P0.5]   R52 Acc_P=0.8492 F1_P=0.5241
2026-03-12 10:09:57,342 [C1-MC-P0.5]   R53 Acc_P=0.8954 F1_P=0.5571
2026-03-12 10:11:48,376 [C1-MC-P0.5]   R54 Acc_P=0.8449 F1_P=0.5694
2026-03-12 10:14:16,009 [C1-MC-P0.5]   R55 Acc_P=0.8538 F1_P=0.5564
2026-03-12 10:16:44,621 [C1-MC-P0.5]   R56 Acc_P=0.8129 F1_P=0.5031
2026-03-12 10:19:12,479 [C1-MC-P0.5]   R57 Acc_P=0.8768 F1_P=0.5521
2026-03-12 10:21:40,838 [C1-MC-P0.5]   R58 Acc_P=0.8648 F1_P=0.5551
2026-03-12 10:23:09,997 [C1-MC-P0.5]   R59 Acc_P=0.8497 F1_P=0.5980
2026-03-12 10:24:05,940 [C1-MC-P0.5]   R60 Acc_P=0.8305 F1_P=0.5457
2026-03-12 10:25:03,248 [C1-MC-P0.5]   R61 Acc_P=0.8828 F1_P=0.6027
2026-03-12 10:25:59,130 [C1-MC-P0.5]   R62 Acc_P=0.8539 F1_P=0.5854
2026-03-12 10:27:20,666 [C1-MC-P0.5]   R63 Acc_P=0.8456 F1_P=0.5635
2026-03-12 10:29:49,392 [C1-MC-P0.5]   R64 Acc_P=0.9111 F1_P=0.6397
2026-03-12 10:32:17,455 [C1-MC-P0.5]   R65 Acc_P=0.8467 F1_P=0.5606
2026-03-12 10:34:45,991 [C1-MC-P0.5]   R66 Acc_P=0.8768 F1_P=0.6310
2026-03-12 10:37:14,190 [C1-MC-P0.5]   R67 Acc_P=0.8629 F1_P=0.6411
2026-03-12 10:39:43,054 [C1-MC-P0.5]   R68 Acc_P=0.8555 F1_P=0.6315
2026-03-12 10:42:11,990 [C1-MC-P0.5]   R69 Acc_P=0.8877 F1_P=0.5754
2026-03-12 10:44:40,227 [C1-MC-P0.5]   R70 Acc_P=0.8534 F1_P=0.5787
2026-03-12 10:46:07,533 [C1-MC-P0.5]   R71 Acc_P=0.8764 F1_P=0.6391
2026-03-12 10:47:04,548 [C1-MC-P0.5]   R72 Acc_P=0.8785 F1_P=0.7044
2026-03-12 10:48:01,565 [C1-MC-P0.5]   R73 Acc_P=0.8679 F1_P=0.6305
2026-03-12 10:48:57,965 [C1-MC-P0.5]   R74 Acc_P=0.9022 F1_P=0.6074
2026-03-12 10:49:54,738 [C1-MC-P0.5]   R75 Acc_P=0.8404 F1_P=0.6272
2026-03-12 10:52:11,972 [C1-MC-P0.5]   R76 Acc_P=0.9283 F1_P=0.7013
2026-03-12 10:54:40,588 [C1-MC-P0.5]   R77 Acc_P=0.8507 F1_P=0.6630
2026-03-12 10:55:40,104 [C1-MC-P0.5]   R78 Acc_P=0.8635 F1_P=0.5691
2026-03-12 10:56:36,765 [C1-MC-P0.5]   R79 Acc_P=0.8649 F1_P=0.6160
2026-03-12 10:57:33,633 [C1-MC-P0.5]   R80 Acc_P=0.8308 F1_P=0.6649
2026-03-12 10:58:30,756 [C1-MC-P0.5]   R81 Acc_P=0.9006 F1_P=0.6429
2026-03-12 11:00:31,108 [C1-MC-P0.5]   R82 Acc_P=0.8601 F1_P=0.7003
2026-03-12 11:02:58,931 [C1-MC-P0.5]   R83 Acc_P=0.8912 F1_P=0.6260
2026-03-12 11:05:26,755 [C1-MC-P0.5]   R84 Acc_P=0.9080 F1_P=0.6360
2026-03-12 11:07:54,367 [C1-MC-P0.5]   R85 Acc_P=0.8409 F1_P=0.6233
2026-03-12 11:10:22,120 [C1-MC-P0.5]   R86 Acc_P=0.8746 F1_P=0.6520
2026-03-12 11:12:49,564 [C1-MC-P0.5]   R87 Acc_P=0.8685 F1_P=0.7162
2026-03-12 11:15:17,005 [C1-MC-P0.5]   R88 Acc_P=0.9258 F1_P=0.7067
2026-03-12 11:17:45,365 [C1-MC-P0.5]   R89 Acc_P=0.8695 F1_P=0.6334
2026-03-12 11:20:12,542 [C1-MC-P0.5]   R90 Acc_P=0.8572 F1_P=0.6660
2026-03-12 11:22:40,804 [C1-MC-P0.5]   R91 Acc_P=0.8629 F1_P=0.6944
2026-03-12 11:25:08,384 [C1-MC-P0.5]   R92 Acc_P=0.9214 F1_P=0.6563
2026-03-12 11:27:36,160 [C1-MC-P0.5]   R93 Acc_P=0.8439 F1_P=0.6350
2026-03-12 11:30:03,883 [C1-MC-P0.5]   R94 Acc_P=0.8586 F1_P=0.6662
2026-03-12 11:32:30,082 [C1-MC-P0.5]   R95 Acc_P=0.8955 F1_P=0.6652
2026-03-12 11:34:58,342 [C1-MC-P0.5]   R96 Acc_P=0.8343 F1_P=0.6745
2026-03-12 11:37:27,139 [C1-MC-P0.5]   R97 Acc_P=0.8897 F1_P=0.6968
2026-03-12 11:39:54,940 [C1-MC-P0.5]   R98 Acc_P=0.8787 F1_P=0.6305
2026-03-12 11:42:21,417 [C1-MC-P0.5]   R99 Acc_P=0.9008 F1_P=0.6802
2026-03-12 11:44:48,241 [C1-MC-P0.5]   R100 Acc_P=0.8379 F1_P=0.7058
2026-03-12 11:46:55,704 [C1-MC-P0.5] Final: Acc=0.8379 F1=0.7058
2026-03-12 11:46:55,704 [C1-MC-P0.5] Grouped F1: {'BruteForce': 48.58, 'Bot': 99.61, 'DoS': 75.67, 'DDoS': 98.95, 'Infiltration': 32.68, 'Web Attacks': 0.0}
