[CLIENT-1-SCAFFOLD] Run started at: 2026-03-25 07:11:27
[CLIENT-1-SCAFFOLD] Run ID: 20260325_071127
[CLIENT-1-SCAFFOLD] Log file: results\scaffold_binary_sslcon\logs\client_1_20260325_071127.log
[CLIENT-1-SCAFFOLD] ============================================================
[CLIENT-1-SCAFFOLD] FeCoGraph SCAFFOLD Client 1
[CLIENT-1-SCAFFOLD] Contrastive mode: sslcon
[CLIENT-1-SCAFFOLD] Device: cpu
[CLIENT-1-SCAFFOLD] ============================================================
[CLIENT-1-SCAFFOLD] Train: 4,646 | Test: 10,842 | Labeled: 1392
[CLIENT-1-SCAFFOLD] Connecting to server 127.0.0.1:9999...
[CLIENT-1-SCAFFOLD] Connected and registered.
[CLIENT-1-SCAFFOLD]   Round 1 | Loss=5.4135 | Acc(G)=0.7823 | Acc(P)=0.7705 | F1(P)=0.6311 | Time=10.7s
[CLIENT-1-SCAFFOLD]   Round 2 | Loss=5.1033 | Acc(G)=0.7667 | Acc(P)=0.9026 | F1(P)=0.8793 | Time=7.0s
[CLIENT-1-SCAFFOLD]   Round 3 | Loss=4.8993 | Acc(G)=0.8576 | Acc(P)=0.9119 | F1(P)=0.8935 | Time=7.0s
[CLIENT-1-SCAFFOLD]   Round 4 | Loss=4.9933 | Acc(G)=0.8283 | Acc(P)=0.9305 | F1(P)=0.9145 | Time=7.4s
[CLIENT-1-SCAFFOLD]   Round 5 | Loss=4.8900 | Acc(G)=0.8449 | Acc(P)=0.9313 | F1(P)=0.9156 | Time=7.3s
[CLIENT-1-SCAFFOLD]   Round 6 | Loss=4.9619 | Acc(G)=0.8520 | Acc(P)=0.9318 | F1(P)=0.9162 | Time=7.1s
[CLIENT-1-SCAFFOLD]   Round 7 | Loss=4.8753 | Acc(G)=0.8118 | Acc(P)=0.9327 | F1(P)=0.9172 | Time=7.0s
[CLIENT-1-SCAFFOLD]   Round 8 | Loss=4.9487 | Acc(G)=0.8131 | Acc(P)=0.9324 | F1(P)=0.9168 | Time=5.8s
[CLIENT-1-SCAFFOLD]   Round 9 | Loss=4.8579 | Acc(G)=0.8371 | Acc(P)=0.9324 | F1(P)=0.9170 | Time=5.5s
[CLIENT-1-SCAFFOLD]   Round 10 | Loss=4.9411 | Acc(G)=0.8190 | Acc(P)=0.9351 | F1(P)=0.9199 | Time=6.2s
[CLIENT-1-SCAFFOLD]   Round 11 | Loss=4.8453 | Acc(G)=0.8479 | Acc(P)=0.9341 | F1(P)=0.9189 | Time=5.8s
[CLIENT-1-SCAFFOLD]   Round 12 | Loss=4.9264 | Acc(G)=0.8174 | Acc(P)=0.9362 | F1(P)=0.9211 | Time=5.8s
[CLIENT-1-SCAFFOLD]   Round 13 | Loss=4.8574 | Acc(G)=0.7909 | Acc(P)=0.9375 | F1(P)=0.9228 | Time=5.7s
[CLIENT-1-SCAFFOLD]   Round 14 | Loss=4.9227 | Acc(G)=0.7519 | Acc(P)=0.9376 | F1(P)=0.9230 | Time=5.7s
[CLIENT-1-SCAFFOLD]   Round 15 | Loss=4.8497 | Acc(G)=0.7916 | Acc(P)=0.9373 | F1(P)=0.9226 | Time=5.9s
[CLIENT-1-SCAFFOLD]   Round 16 | Loss=4.9197 | Acc(G)=0.6867 | Acc(P)=0.9371 | F1(P)=0.9224 | Time=5.7s
[CLIENT-1-SCAFFOLD]   Round 17 | Loss=4.8572 | Acc(G)=0.7912 | Acc(P)=0.9346 | F1(P)=0.9196 | Time=5.6s
[CLIENT-1-SCAFFOLD]   Round 18 | Loss=4.9157 | Acc(G)=0.6318 | Acc(P)=0.9370 | F1(P)=0.9222 | Time=5.7s
[CLIENT-1-SCAFFOLD]   Round 19 | Loss=4.8474 | Acc(G)=0.7910 | Acc(P)=0.9360 | F1(P)=0.9210 | Time=6.0s
[CLIENT-1-SCAFFOLD]   Round 20 | Loss=4.9156 | Acc(G)=0.5912 | Acc(P)=0.9365 | F1(P)=0.9215 | Time=5.9s
[CLIENT-1-SCAFFOLD]   Round 21 | Loss=4.8516 | Acc(G)=0.7896 | Acc(P)=0.9361 | F1(P)=0.9211 | Time=5.8s
[CLIENT-1-SCAFFOLD]   Round 22 | Loss=4.9192 | Acc(G)=0.5647 | Acc(P)=0.9345 | F1(P)=0.9194 | Time=6.9s
[CLIENT-1-SCAFFOLD]   Round 23 | Loss=4.8362 | Acc(G)=0.7891 | Acc(P)=0.9347 | F1(P)=0.9196 | Time=7.6s
[CLIENT-1-SCAFFOLD]   Round 24 | Loss=4.9059 | Acc(G)=0.5030 | Acc(P)=0.9376 | F1(P)=0.9229 | Time=6.6s
[CLIENT-1-SCAFFOLD]   Round 25 | Loss=4.8417 | Acc(G)=0.7888 | Acc(P)=0.9361 | F1(P)=0.9211 | Time=5.9s
[CLIENT-1-SCAFFOLD]   Round 26 | Loss=4.9122 | Acc(G)=0.4689 | Acc(P)=0.9382 | F1(P)=0.9236 | Time=5.9s
[CLIENT-1-SCAFFOLD]   Round 27 | Loss=4.8506 | Acc(G)=0.7889 | Acc(P)=0.9458 | F1(P)=0.9324 | Time=6.0s
[CLIENT-1-SCAFFOLD]   Round 28 | Loss=4.9099 | Acc(G)=0.4616 | Acc(P)=0.9478 | F1(P)=0.9348 | Time=5.8s
[CLIENT-1-SCAFFOLD]   Round 29 | Loss=4.8328 | Acc(G)=0.7866 | Acc(P)=0.9370 | F1(P)=0.9222 | Time=5.7s
[CLIENT-1-SCAFFOLD]   Round 30 | Loss=4.8982 | Acc(G)=0.4460 | Acc(P)=0.9462 | F1(P)=0.9330 | Time=5.7s
[CLIENT-1-SCAFFOLD]   Round 31 | Loss=4.8410 | Acc(G)=0.7839 | Acc(P)=0.9477 | F1(P)=0.9346 | Time=5.9s
[CLIENT-1-SCAFFOLD]   Round 32 | Loss=4.9055 | Acc(G)=0.4407 | Acc(P)=0.9488 | F1(P)=0.9361 | Time=5.9s
[CLIENT-1-SCAFFOLD]   Round 33 | Loss=4.8395 | Acc(G)=0.7775 | Acc(P)=0.9480 | F1(P)=0.9349 | Time=6.5s
[CLIENT-1-SCAFFOLD]   Round 34 | Loss=4.9131 | Acc(G)=0.4295 | Acc(P)=0.9388 | F1(P)=0.9244 | Time=5.7s
[CLIENT-1-SCAFFOLD]   Round 35 | Loss=4.8374 | Acc(G)=0.6097 | Acc(P)=0.9498 | F1(P)=0.9373 | Time=5.6s
[CLIENT-1-SCAFFOLD]   Round 36 | Loss=4.8972 | Acc(G)=0.4260 | Acc(P)=0.9489 | F1(P)=0.9360 | Time=5.8s
[CLIENT-1-SCAFFOLD]   Round 37 | Loss=4.8533 | Acc(G)=0.5715 | Acc(P)=0.9485 | F1(P)=0.9357 | Time=5.9s
[CLIENT-1-SCAFFOLD]   Round 38 | Loss=4.9030 | Acc(G)=0.4174 | Acc(P)=0.9477 | F1(P)=0.9345 | Time=5.8s
[CLIENT-1-SCAFFOLD]   Round 39 | Loss=4.8427 | Acc(G)=0.5144 | Acc(P)=0.9485 | F1(P)=0.9356 | Time=5.7s
[CLIENT-1-SCAFFOLD]   Round 40 | Loss=4.9203 | Acc(G)=0.4119 | Acc(P)=0.9479 | F1(P)=0.9347 | Time=5.9s
[CLIENT-1-SCAFFOLD]   Round 41 | Loss=4.8358 | Acc(G)=0.4951 | Acc(P)=0.9491 | F1(P)=0.9364 | Time=5.7s
[CLIENT-1-SCAFFOLD]   Round 42 | Loss=4.9233 | Acc(G)=0.4074 | Acc(P)=0.9485 | F1(P)=0.9357 | Time=5.9s
[CLIENT-1-SCAFFOLD]   Round 43 | Loss=4.8391 | Acc(G)=0.4664 | Acc(P)=0.9471 | F1(P)=0.9337 | Time=5.9s
[CLIENT-1-SCAFFOLD]   Round 44 | Loss=4.8991 | Acc(G)=0.4078 | Acc(P)=0.9475 | F1(P)=0.9342 | Time=5.8s
[CLIENT-1-SCAFFOLD]   Round 45 | Loss=4.8345 | Acc(G)=0.4447 | Acc(P)=0.9492 | F1(P)=0.9365 | Time=5.8s
[CLIENT-1-SCAFFOLD]   Round 46 | Loss=4.9196 | Acc(G)=0.4044 | Acc(P)=0.9481 | F1(P)=0.9352 | Time=5.9s
[CLIENT-1-SCAFFOLD]   Round 47 | Loss=4.8287 | Acc(G)=0.4346 | Acc(P)=0.9379 | F1(P)=0.9235 | Time=6.1s
[CLIENT-1-SCAFFOLD]   Round 48 | Loss=4.9086 | Acc(G)=0.3985 | Acc(P)=0.9484 | F1(P)=0.9355 | Time=5.9s
[CLIENT-1-SCAFFOLD]   Round 49 | Loss=4.8529 | Acc(G)=0.4288 | Acc(P)=0.9488 | F1(P)=0.9359 | Time=5.7s
[CLIENT-1-SCAFFOLD]   Round 50 | Loss=4.8896 | Acc(G)=0.3995 | Acc(P)=0.9486 | F1(P)=0.9357 | Time=5.7s
[CLIENT-1-SCAFFOLD]   Round 51 | Loss=4.8320 | Acc(G)=0.4292 | Acc(P)=0.9494 | F1(P)=0.9366 | Time=5.8s
[CLIENT-1-SCAFFOLD]   Round 52 | Loss=4.9056 | Acc(G)=0.3945 | Acc(P)=0.9494 | F1(P)=0.9367 | Time=5.8s
[CLIENT-1-SCAFFOLD]   Round 53 | Loss=4.8527 | Acc(G)=0.4246 | Acc(P)=0.9494 | F1(P)=0.9366 | Time=6.0s
[CLIENT-1-SCAFFOLD]   Round 54 | Loss=4.9071 | Acc(G)=0.3911 | Acc(P)=0.9596 | F1(P)=0.9489 | Time=5.9s
[CLIENT-1-SCAFFOLD]   Round 55 | Loss=4.8411 | Acc(G)=0.4230 | Acc(P)=0.9496 | F1(P)=0.9371 | Time=5.8s
[CLIENT-1-SCAFFOLD]   Round 56 | Loss=4.9019 | Acc(G)=0.3913 | Acc(P)=0.9585 | F1(P)=0.9475 | Time=5.9s
[CLIENT-1-SCAFFOLD]   Round 57 | Loss=4.8418 | Acc(G)=0.4191 | Acc(P)=0.9601 | F1(P)=0.9495 | Time=5.8s
[CLIENT-1-SCAFFOLD]   Round 58 | Loss=4.8949 | Acc(G)=0.3831 | Acc(P)=0.9589 | F1(P)=0.9480 | Time=5.8s
[CLIENT-1-SCAFFOLD]   Round 59 | Loss=4.8450 | Acc(G)=0.4185 | Acc(P)=0.9520 | F1(P)=0.9398 | Time=6.0s
[CLIENT-1-SCAFFOLD]   Round 60 | Loss=4.8984 | Acc(G)=0.3808 | Acc(P)=0.9519 | F1(P)=0.9397 | Time=5.6s
[CLIENT-1-SCAFFOLD]   Round 61 | Loss=4.8440 | Acc(G)=0.4176 | Acc(P)=0.9507 | F1(P)=0.9383 | Time=5.7s
[CLIENT-1-SCAFFOLD]   Round 62 | Loss=4.9063 | Acc(G)=0.3771 | Acc(P)=0.9508 | F1(P)=0.9385 | Time=5.7s
[CLIENT-1-SCAFFOLD]   Round 63 | Loss=4.8473 | Acc(G)=0.4175 | Acc(P)=0.9529 | F1(P)=0.9409 | Time=6.6s
[CLIENT-1-SCAFFOLD]   Round 64 | Loss=4.8935 | Acc(G)=0.3717 | Acc(P)=0.9521 | F1(P)=0.9400 | Time=5.6s
[CLIENT-1-SCAFFOLD]   Round 65 | Loss=4.8513 | Acc(G)=0.4164 | Acc(P)=0.9535 | F1(P)=0.9416 | Time=5.8s
[CLIENT-1-SCAFFOLD]   Round 66 | Loss=4.9029 | Acc(G)=0.3709 | Acc(P)=0.9544 | F1(P)=0.9428 | Time=5.8s
[CLIENT-1-SCAFFOLD]   Round 67 | Loss=4.8405 | Acc(G)=0.4165 | Acc(P)=0.9531 | F1(P)=0.9411 | Time=6.0s
[CLIENT-1-SCAFFOLD]   Round 68 | Loss=4.8968 | Acc(G)=0.3584 | Acc(P)=0.9520 | F1(P)=0.9398 | Time=5.8s
[CLIENT-1-SCAFFOLD]   Round 69 | Loss=4.8330 | Acc(G)=0.4144 | Acc(P)=0.9595 | F1(P)=0.9488 | Time=5.9s
[CLIENT-1-SCAFFOLD]   Round 70 | Loss=4.9028 | Acc(G)=0.3582 | Acc(P)=0.9590 | F1(P)=0.9481 | Time=5.7s
[CLIENT-1-SCAFFOLD]   Round 71 | Loss=4.8427 | Acc(G)=0.4141 | Acc(P)=0.9600 | F1(P)=0.9494 | Time=5.7s
[CLIENT-1-SCAFFOLD]   Round 72 | Loss=4.9044 | Acc(G)=0.3599 | Acc(P)=0.9597 | F1(P)=0.9490 | Time=5.6s
[CLIENT-1-SCAFFOLD]   Round 73 | Loss=4.8485 | Acc(G)=0.4139 | Acc(P)=0.9592 | F1(P)=0.9485 | Time=5.9s
[CLIENT-1-SCAFFOLD]   Round 74 | Loss=4.8879 | Acc(G)=0.3570 | Acc(P)=0.9594 | F1(P)=0.9487 | Time=5.9s
[CLIENT-1-SCAFFOLD]   Round 75 | Loss=4.8430 | Acc(G)=0.4140 | Acc(P)=0.9600 | F1(P)=0.9494 | Time=6.0s
[CLIENT-1-SCAFFOLD]   Round 76 | Loss=4.9053 | Acc(G)=0.3591 | Acc(P)=0.9586 | F1(P)=0.9477 | Time=5.6s
[CLIENT-1-SCAFFOLD]   Round 77 | Loss=4.8403 | Acc(G)=0.4127 | Acc(P)=0.9601 | F1(P)=0.9495 | Time=5.9s
[CLIENT-1-SCAFFOLD]   Round 78 | Loss=4.9110 | Acc(G)=0.3596 | Acc(P)=0.9599 | F1(P)=0.9493 | Time=5.8s
[CLIENT-1-SCAFFOLD]   Round 79 | Loss=4.8369 | Acc(G)=0.4121 | Acc(P)=0.9599 | F1(P)=0.9492 | Time=5.6s
[CLIENT-1-SCAFFOLD]   Round 80 | Loss=4.8930 | Acc(G)=0.3520 | Acc(P)=0.9515 | F1(P)=0.9392 | Time=5.9s
[CLIENT-1-SCAFFOLD]   Round 81 | Loss=4.8418 | Acc(G)=0.4115 | Acc(P)=0.9601 | F1(P)=0.9494 | Time=15.2s
[CLIENT-1-SCAFFOLD]   Round 82 | Loss=4.9081 | Acc(G)=0.3513 | Acc(P)=0.9602 | F1(P)=0.9496 | Time=15.0s
[CLIENT-1-SCAFFOLD]   Round 83 | Loss=4.8397 | Acc(G)=0.4122 | Acc(P)=0.9518 | F1(P)=0.9393 | Time=15.0s
[CLIENT-1-SCAFFOLD]   Round 84 | Loss=4.9049 | Acc(G)=0.3517 | Acc(P)=0.9597 | F1(P)=0.9490 | Time=14.8s
[CLIENT-1-SCAFFOLD]   Round 85 | Loss=4.8476 | Acc(G)=0.4118 | Acc(P)=0.9596 | F1(P)=0.9488 | Time=14.9s
[CLIENT-1-SCAFFOLD]   Round 86 | Loss=4.9110 | Acc(G)=0.3500 | Acc(P)=0.9586 | F1(P)=0.9477 | Time=15.4s
[CLIENT-1-SCAFFOLD]   Round 87 | Loss=4.8343 | Acc(G)=0.4115 | Acc(P)=0.9583 | F1(P)=0.9473 | Time=15.4s
[CLIENT-1-SCAFFOLD]   Round 88 | Loss=4.8854 | Acc(G)=0.3481 | Acc(P)=0.9585 | F1(P)=0.9475 | Time=7.0s
[CLIENT-1-SCAFFOLD]   Round 89 | Loss=4.8451 | Acc(G)=0.4118 | Acc(P)=0.9593 | F1(P)=0.9486 | Time=6.2s
[CLIENT-1-SCAFFOLD]   Round 90 | Loss=4.9053 | Acc(G)=0.3503 | Acc(P)=0.9526 | F1(P)=0.9405 | Time=5.9s
[CLIENT-1-SCAFFOLD]   Round 91 | Loss=4.8429 | Acc(G)=0.4109 | Acc(P)=0.9606 | F1(P)=0.9502 | Time=6.0s
[CLIENT-1-SCAFFOLD]   Round 92 | Loss=4.9028 | Acc(G)=0.3486 | Acc(P)=0.9519 | F1(P)=0.9396 | Time=5.8s
[CLIENT-1-SCAFFOLD]   Round 93 | Loss=4.8458 | Acc(G)=0.4100 | Acc(P)=0.9591 | F1(P)=0.9483 | Time=5.5s
[CLIENT-1-SCAFFOLD]   Round 94 | Loss=4.9119 | Acc(G)=0.3489 | Acc(P)=0.9511 | F1(P)=0.9387 | Time=5.7s
[CLIENT-1-SCAFFOLD]   Round 95 | Loss=4.8511 | Acc(G)=0.4106 | Acc(P)=0.9600 | F1(P)=0.9494 | Time=5.9s
[CLIENT-1-SCAFFOLD]   Round 96 | Loss=4.9032 | Acc(G)=0.3487 | Acc(P)=0.9509 | F1(P)=0.9386 | Time=5.8s
[CLIENT-1-SCAFFOLD]   Round 97 | Loss=4.8418 | Acc(G)=0.4107 | Acc(P)=0.9602 | F1(P)=0.9496 | Time=5.6s
[CLIENT-1-SCAFFOLD]   Round 98 | Loss=4.9038 | Acc(G)=0.3491 | Acc(P)=0.9522 | F1(P)=0.9401 | Time=6.0s
[CLIENT-1-SCAFFOLD]   Round 99 | Loss=4.8482 | Acc(G)=0.4101 | Acc(P)=0.9600 | F1(P)=0.9493 | Time=5.9s
[CLIENT-1-SCAFFOLD]   Round 100 | Loss=4.9061 | Acc(G)=0.3447 | Acc(P)=0.9525 | F1(P)=0.9404 | Time=16.1s
[CLIENT-1-SCAFFOLD] Received SHUTDOWN. Training complete.
[CLIENT-1-SCAFFOLD] Client done.
