[SERVER-SCAFFOLD] Run started at: 2026-03-25 07:10:44
[SERVER-SCAFFOLD] Run ID: 20260325_071044
[SERVER-SCAFFOLD] Log file: results\scaffold_binary_sslcon\logs\server_20260325_071044.log
[SERVER-SCAFFOLD] Contrastive mode: sslcon
[SERVER-SCAFFOLD] SCAFFOLD Server listening on 0.0.0.0:9999
[SERVER-SCAFFOLD] Waiting for 2 clients...
[SERVER-SCAFFOLD]   Client 0 registered from ('127.0.0.1', 63816)
[SERVER-SCAFFOLD]   Client 1 registered from ('127.0.0.1', 63941)
[SERVER-SCAFFOLD] All 2 clients connected. Starting SCAFFOLD training...
[SERVER-SCAFFOLD] =================================================================
[SERVER-SCAFFOLD] Round  10/100 | SupCon=5.1610 | CE=0.6068 | Acc_L=0.6987 | Acc_P=0.9600 | F1_P=0.8004 | BMTA_P=0.9600 | 37.2s
[SERVER-SCAFFOLD] Round  20/100 | SupCon=5.1236 | CE=0.5882 | Acc_L=0.6513 | Acc_P=0.9622 | F1_P=0.8150 | BMTA_P=0.9640 | 37.0s
[SERVER-SCAFFOLD] Round  30/100 | SupCon=5.1123 | CE=0.5710 | Acc_L=0.5997 | Acc_P=0.9705 | F1_P=0.8768 | BMTA_P=0.9705 | 36.7s
[SERVER-SCAFFOLD] Round  40/100 | SupCon=5.1186 | CE=0.5624 | Acc_L=0.5965 | Acc_P=0.9710 | F1_P=0.8664 | BMTA_P=0.9719 | 36.7s
[SERVER-SCAFFOLD] Round  50/100 | SupCon=5.1009 | CE=0.5532 | Acc_L=0.6065 | Acc_P=0.9720 | F1_P=0.8795 | BMTA_P=0.9722 | 36.7s
[SERVER-SCAFFOLD] Round  60/100 | SupCon=5.1060 | CE=0.5569 | Acc_L=0.5974 | Acc_P=0.9749 | F1_P=0.9218 | BMTA_P=0.9786 | 36.9s
[SERVER-SCAFFOLD] Round  70/100 | SupCon=5.1049 | CE=0.5578 | Acc_L=0.5948 | Acc_P=0.9778 | F1_P=0.9069 | BMTA_P=0.9786 | 36.9s
[SERVER-SCAFFOLD] Round  80/100 | SupCon=5.1030 | CE=0.5577 | Acc_L=0.5965 | Acc_P=0.9741 | F1_P=0.8995 | BMTA_P=0.9786 | 55.8s
[SERVER-SCAFFOLD] Round  90/100 | SupCon=5.1062 | CE=0.5636 | Acc_L=0.5959 | Acc_P=0.9744 | F1_P=0.8985 | BMTA_P=0.9786 | 35.9s
[SERVER-SCAFFOLD] Round 100/100 | SupCon=5.1091 | CE=0.5621 | Acc_L=0.5951 | Acc_P=0.9753 | F1_P=0.9250 | BMTA_P=0.9788 | 74.2s
[SERVER-SCAFFOLD] =================================================================
[SERVER-SCAFFOLD] SCAFFOLD + PERSONALIZATION TRAINING COMPLETE
[SERVER-SCAFFOLD]   BMTA (Local):        0.7812
[SERVER-SCAFFOLD]   BMTA (Personalized): 0.9788
[SERVER-SCAFFOLD]   Final checkpoint saved.
[SERVER-SCAFFOLD]   History saved: results\scaffold_binary_sslcon\logs\training_history_20260325_071044.csv
[SERVER-SCAFFOLD] Server shut down cleanly.
