2026-03-12 07:41:58,329 [C0-MC-P0.3] Client 0 | MULTICLASS | LABEL_PROPORTION=0.3
2026-03-12 07:42:03,688 [C0-MC-P0.3] Labeled: 7602 / 25353
2026-03-12 07:42:49,150 [C0-MC-P0.3]   R1 Acc_P=0.2958 F1_P=0.0354
2026-03-12 07:43:34,970 [C0-MC-P0.3]   R2 Acc_P=0.6016 F1_P=0.0703
2026-03-12 07:44:25,724 [C0-MC-P0.3]   R3 Acc_P=0.6968 F1_P=0.0680
2026-03-12 07:45:17,119 [C0-MC-P0.3]   R4 Acc_P=0.9037 F1_P=0.0842
2026-03-12 07:46:07,396 [C0-MC-P0.3]   R5 Acc_P=0.9296 F1_P=0.0856
2026-03-12 07:46:58,592 [C0-MC-P0.3]   R6 Acc_P=0.9330 F1_P=0.0941
2026-03-12 07:47:46,199 [C0-MC-P0.3]   R7 Acc_P=0.9371 F1_P=0.0945
2026-03-12 07:48:30,629 [C0-MC-P0.3]   R8 Acc_P=0.9524 F1_P=0.0971
2026-03-12 07:49:14,477 [C0-MC-P0.3]   R9 Acc_P=0.9429 F1_P=0.0953
2026-03-12 07:49:57,909 [C0-MC-P0.3]   R10 Acc_P=0.9472 F1_P=0.0960
2026-03-12 07:50:40,643 [C0-MC-P0.3]   R11 Acc_P=0.9569 F1_P=0.1828
2026-03-12 07:51:23,335 [C0-MC-P0.3]   R12 Acc_P=0.9763 F1_P=0.1063
2026-03-12 07:52:04,901 [C0-MC-P0.3]   R13 Acc_P=0.9602 F1_P=0.1776
2026-03-12 07:52:46,733 [C0-MC-P0.3]   R14 Acc_P=0.9728 F1_P=0.1885
2026-03-12 07:53:28,371 [C0-MC-P0.3]   R15 Acc_P=0.9648 F1_P=0.2338
2026-03-12 07:54:09,529 [C0-MC-P0.3]   R16 Acc_P=0.9781 F1_P=0.2388
2026-03-12 07:54:51,002 [C0-MC-P0.3]   R17 Acc_P=0.9765 F1_P=0.1902
2026-03-12 07:55:32,336 [C0-MC-P0.3]   R18 Acc_P=0.9833 F1_P=0.2582
2026-03-12 07:56:13,431 [C0-MC-P0.3]   R19 Acc_P=0.9768 F1_P=0.2438
2026-03-12 07:57:04,555 [C0-MC-P0.3]   R20 Acc_P=0.9739 F1_P=0.1819
2026-03-12 07:58:43,207 [C0-MC-P0.3]   R21 Acc_P=0.9804 F1_P=0.1682
2026-03-12 08:00:21,063 [C0-MC-P0.3]   R22 Acc_P=0.9750 F1_P=0.2617
2026-03-12 08:01:57,207 [C0-MC-P0.3]   R23 Acc_P=0.9697 F1_P=0.1543
2026-03-12 08:03:32,456 [C0-MC-P0.3]   R24 Acc_P=0.9802 F1_P=0.2631
2026-03-12 08:05:07,285 [C0-MC-P0.3]   R25 Acc_P=0.9838 F1_P=0.1946
2026-03-12 08:06:42,024 [C0-MC-P0.3]   R26 Acc_P=0.9895 F1_P=0.1791
2026-03-12 08:08:16,583 [C0-MC-P0.3]   R27 Acc_P=0.9840 F1_P=0.1513
2026-03-12 08:09:51,035 [C0-MC-P0.3]   R28 Acc_P=0.9882 F1_P=0.1667
2026-03-12 08:11:26,061 [C0-MC-P0.3]   R29 Acc_P=0.9871 F1_P=0.2459
2026-03-12 08:13:01,194 [C0-MC-P0.3]   R30 Acc_P=0.9909 F1_P=0.2087
2026-03-12 08:14:35,325 [C0-MC-P0.3]   R31 Acc_P=0.9918 F1_P=0.1894
2026-03-12 08:16:09,571 [C0-MC-P0.3]   R32 Acc_P=0.9877 F1_P=0.1641
2026-03-12 08:17:43,814 [C0-MC-P0.3]   R33 Acc_P=0.9888 F1_P=0.2655
2026-03-12 08:19:17,827 [C0-MC-P0.3]   R34 Acc_P=0.9918 F1_P=0.2720
2026-03-12 08:20:52,028 [C0-MC-P0.3]   R35 Acc_P=0.9933 F1_P=0.2646
2026-03-12 08:22:26,579 [C0-MC-P0.3]   R36 Acc_P=0.9974 F1_P=0.3221
2026-03-12 08:24:00,883 [C0-MC-P0.3]   R37 Acc_P=0.9920 F1_P=0.2815
2026-03-12 08:25:34,916 [C0-MC-P0.3]   R38 Acc_P=0.9955 F1_P=0.3051
2026-03-12 08:27:08,847 [C0-MC-P0.3]   R39 Acc_P=0.9960 F1_P=0.3127
2026-03-12 08:28:42,932 [C0-MC-P0.3]   R40 Acc_P=0.9932 F1_P=0.2977
2026-03-12 08:30:16,912 [C0-MC-P0.3]   R41 Acc_P=0.9947 F1_P=0.3013
2026-03-12 08:31:50,945 [C0-MC-P0.3]   R42 Acc_P=0.9949 F1_P=0.3045
2026-03-12 08:33:24,701 [C0-MC-P0.3]   R43 Acc_P=0.9948 F1_P=0.3022
2026-03-12 08:34:58,573 [C0-MC-P0.3]   R44 Acc_P=0.9959 F1_P=0.3037
2026-03-12 08:36:32,457 [C0-MC-P0.3]   R45 Acc_P=0.9952 F1_P=0.3741
2026-03-12 08:38:06,545 [C0-MC-P0.3]   R46 Acc_P=0.9934 F1_P=0.3569
2026-03-12 08:39:40,409 [C0-MC-P0.3]   R47 Acc_P=0.9958 F1_P=0.3024
2026-03-12 08:41:13,994 [C0-MC-P0.3]   R48 Acc_P=0.9986 F1_P=0.4144
2026-03-12 08:42:48,391 [C0-MC-P0.3]   R49 Acc_P=0.9984 F1_P=0.3419
2026-03-12 08:44:22,532 [C0-MC-P0.3]   R50 Acc_P=0.9981 F1_P=0.3307
2026-03-12 08:45:52,745 [C0-MC-P0.3]   R51 Acc_P=0.9976 F1_P=0.3223
2026-03-12 08:47:26,818 [C0-MC-P0.3]   R52 Acc_P=0.9983 F1_P=0.4206
2026-03-12 08:49:01,098 [C0-MC-P0.3]   R53 Acc_P=0.9988 F1_P=0.4950
2026-03-12 08:49:58,548 [C0-MC-P0.3]   R54 Acc_P=0.9971 F1_P=0.4290
2026-03-12 08:50:33,802 [C0-MC-P0.3]   R55 Acc_P=0.9988 F1_P=0.5003
2026-03-12 08:51:10,020 [C0-MC-P0.3]   R56 Acc_P=0.9984 F1_P=0.4269
2026-03-12 08:51:47,315 [C0-MC-P0.3]   R57 Acc_P=0.9982 F1_P=0.5337
2026-03-12 08:52:22,681 [C0-MC-P0.3]   R58 Acc_P=0.9985 F1_P=0.5451
2026-03-12 08:52:57,955 [C0-MC-P0.3]   R59 Acc_P=0.9981 F1_P=0.5447
2026-03-12 08:53:33,325 [C0-MC-P0.3]   R60 Acc_P=0.9969 F1_P=0.5413
2026-03-12 08:54:09,649 [C0-MC-P0.3]   R61 Acc_P=0.9989 F1_P=0.5586
2026-03-12 08:54:45,655 [C0-MC-P0.3]   R62 Acc_P=0.9965 F1_P=0.4890
2026-03-12 08:55:21,325 [C0-MC-P0.3]   R63 Acc_P=0.9983 F1_P=0.5427
2026-03-12 08:55:57,450 [C0-MC-P0.3]   R64 Acc_P=0.9986 F1_P=0.5703
2026-03-12 08:56:35,679 [C0-MC-P0.3]   R65 Acc_P=0.9987 F1_P=0.5586
2026-03-12 08:57:13,493 [C0-MC-P0.3]   R66 Acc_P=0.9984 F1_P=0.5591
2026-03-12 08:57:51,180 [C0-MC-P0.3]   R67 Acc_P=0.9991 F1_P=0.5876
2026-03-12 08:58:28,709 [C0-MC-P0.3]   R68 Acc_P=0.9988 F1_P=0.5693
2026-03-12 08:59:06,082 [C0-MC-P0.3]   R69 Acc_P=0.9984 F1_P=0.5176
2026-03-12 08:59:43,391 [C0-MC-P0.3]   R70 Acc_P=0.9988 F1_P=0.5608
2026-03-12 09:00:21,694 [C0-MC-P0.3]   R71 Acc_P=0.9986 F1_P=0.5488
2026-03-12 09:01:02,386 [C0-MC-P0.3]   R72 Acc_P=0.9986 F1_P=0.5434
2026-03-12 09:01:42,775 [C0-MC-P0.3]   R73 Acc_P=0.9979 F1_P=0.5279
2026-03-12 09:02:25,234 [C0-MC-P0.3]   R74 Acc_P=0.9990 F1_P=0.5712
2026-03-12 09:03:01,888 [C0-MC-P0.3]   R75 Acc_P=0.9984 F1_P=0.5529
2026-03-12 09:03:38,688 [C0-MC-P0.3]   R76 Acc_P=0.9987 F1_P=0.5625
2026-03-12 09:04:15,318 [C0-MC-P0.3]   R77 Acc_P=0.9986 F1_P=0.5532
2026-03-12 09:04:52,071 [C0-MC-P0.3]   R78 Acc_P=0.9989 F1_P=0.5664
2026-03-12 09:05:28,213 [C0-MC-P0.3]   R79 Acc_P=0.9985 F1_P=0.5459
2026-03-12 09:06:03,620 [C0-MC-P0.3]   R80 Acc_P=0.9988 F1_P=0.5665
2026-03-12 09:06:39,187 [C0-MC-P0.3]   R81 Acc_P=0.9983 F1_P=0.5333
2026-03-12 09:07:14,857 [C0-MC-P0.3]   R82 Acc_P=0.9987 F1_P=0.5647
2026-03-12 09:07:50,475 [C0-MC-P0.3]   R83 Acc_P=0.9987 F1_P=0.5579
2026-03-12 09:08:26,279 [C0-MC-P0.3]   R84 Acc_P=0.9986 F1_P=0.5468
2026-03-12 09:09:03,918 [C0-MC-P0.3]   R85 Acc_P=0.9989 F1_P=0.5696
2026-03-12 09:09:41,278 [C0-MC-P0.3]   R86 Acc_P=0.9986 F1_P=0.5593
2026-03-12 09:10:18,818 [C0-MC-P0.3]   R87 Acc_P=0.9988 F1_P=0.5681
2026-03-12 09:10:56,065 [C0-MC-P0.3]   R88 Acc_P=0.9987 F1_P=0.5781
2026-03-12 09:11:33,135 [C0-MC-P0.3]   R89 Acc_P=0.9990 F1_P=0.5960
2026-03-12 09:12:10,231 [C0-MC-P0.3]   R90 Acc_P=0.9983 F1_P=0.5875
2026-03-12 09:12:47,314 [C0-MC-P0.3]   R91 Acc_P=0.9988 F1_P=0.5773
2026-03-12 09:13:24,411 [C0-MC-P0.3]   R92 Acc_P=0.9989 F1_P=0.5756
2026-03-12 09:14:01,712 [C0-MC-P0.3]   R93 Acc_P=0.9990 F1_P=0.5816
2026-03-12 09:14:40,479 [C0-MC-P0.3]   R94 Acc_P=0.9986 F1_P=0.5489
2026-03-12 09:15:17,762 [C0-MC-P0.3]   R95 Acc_P=0.9988 F1_P=0.5690
2026-03-12 09:15:54,798 [C0-MC-P0.3]   R96 Acc_P=0.9986 F1_P=0.5585
2026-03-12 09:16:31,512 [C0-MC-P0.3]   R97 Acc_P=0.9989 F1_P=0.5654
2026-03-12 09:17:08,401 [C0-MC-P0.3]   R98 Acc_P=0.9989 F1_P=0.5697
2026-03-12 09:17:45,515 [C0-MC-P0.3]   R99 Acc_P=0.9990 F1_P=0.5834
2026-03-12 09:18:22,490 [C0-MC-P0.3]   R100 Acc_P=0.9990 F1_P=0.5855
2026-03-12 09:18:22,785 [C0-MC-P0.3] Final: Acc=0.9990 F1=0.5855
2026-03-12 09:18:22,785 [C0-MC-P0.3] Grouped F1: {'BruteForce': 73.68, 'Bot': 95.65, 'DoS': 21.83, 'DDoS': 97.8, 'Infiltration': 18.18, 'Web Attacks': 0.0}
