2026-03-12 07:41:59,343 [C1-MC-P0.3] Client 1 | MULTICLASS | LABEL_PROPORTION=0.3
2026-03-12 07:42:01,589 [C1-MC-P0.3] Labeled: 1389 / 4646
2026-03-12 07:42:11,408 [C1-MC-P0.3]   R1 Acc_P=0.0244 F1_P=0.0248
2026-03-12 07:42:55,567 [C1-MC-P0.3]   R2 Acc_P=0.0731 F1_P=0.1540
2026-03-12 07:43:43,160 [C1-MC-P0.3]   R3 Acc_P=0.0744 F1_P=0.1436
2026-03-12 07:44:34,195 [C1-MC-P0.3]   R4 Acc_P=0.0740 F1_P=0.1291
2026-03-12 07:45:26,069 [C1-MC-P0.3]   R5 Acc_P=0.1412 F1_P=0.2519
2026-03-12 07:46:18,375 [C1-MC-P0.3]   R6 Acc_P=0.1114 F1_P=0.1827
2026-03-12 07:47:06,790 [C1-MC-P0.3]   R7 Acc_P=0.1577 F1_P=0.2152
2026-03-12 07:47:52,920 [C1-MC-P0.3]   R8 Acc_P=0.1674 F1_P=0.2653
2026-03-12 07:48:37,019 [C1-MC-P0.3]   R9 Acc_P=0.2179 F1_P=0.2792
2026-03-12 07:49:20,852 [C1-MC-P0.3]   R10 Acc_P=0.2482 F1_P=0.2189
2026-03-12 07:50:04,049 [C1-MC-P0.3]   R11 Acc_P=0.2512 F1_P=0.2900
2026-03-12 07:50:46,795 [C1-MC-P0.3]   R12 Acc_P=0.5281 F1_P=0.2787
2026-03-12 07:51:29,385 [C1-MC-P0.3]   R13 Acc_P=0.5670 F1_P=0.3419
2026-03-12 07:52:10,919 [C1-MC-P0.3]   R14 Acc_P=0.5823 F1_P=0.3522
2026-03-12 07:52:53,183 [C1-MC-P0.3]   R15 Acc_P=0.6055 F1_P=0.3196
2026-03-12 07:53:34,550 [C1-MC-P0.3]   R16 Acc_P=0.6091 F1_P=0.2961
2026-03-12 07:54:15,778 [C1-MC-P0.3]   R17 Acc_P=0.6996 F1_P=0.3961
2026-03-12 07:54:56,976 [C1-MC-P0.3]   R18 Acc_P=0.6967 F1_P=0.3868
2026-03-12 07:55:38,905 [C1-MC-P0.3]   R19 Acc_P=0.7753 F1_P=0.4605
2026-03-12 07:56:19,514 [C1-MC-P0.3]   R20 Acc_P=0.7585 F1_P=0.4345
2026-03-12 07:57:20,738 [C1-MC-P0.3]   R21 Acc_P=0.7468 F1_P=0.4503
2026-03-12 07:58:59,753 [C1-MC-P0.3]   R22 Acc_P=0.8281 F1_P=0.4773
2026-03-12 08:00:36,931 [C1-MC-P0.3]   R23 Acc_P=0.7718 F1_P=0.5176
2026-03-12 08:02:11,836 [C1-MC-P0.3]   R24 Acc_P=0.7888 F1_P=0.5323
2026-03-12 08:03:47,262 [C1-MC-P0.3]   R25 Acc_P=0.8250 F1_P=0.5351
2026-03-12 08:05:21,992 [C1-MC-P0.3]   R26 Acc_P=0.7702 F1_P=0.5529
2026-03-12 08:06:56,860 [C1-MC-P0.3]   R27 Acc_P=0.7665 F1_P=0.5247
2026-03-12 08:08:31,026 [C1-MC-P0.3]   R28 Acc_P=0.7646 F1_P=0.5007
2026-03-12 08:10:05,803 [C1-MC-P0.3]   R29 Acc_P=0.7872 F1_P=0.5569
2026-03-12 08:11:42,097 [C1-MC-P0.3]   R30 Acc_P=0.7298 F1_P=0.6016
2026-03-12 08:13:15,659 [C1-MC-P0.3]   R31 Acc_P=0.6774 F1_P=0.4975
2026-03-12 08:14:49,947 [C1-MC-P0.3]   R32 Acc_P=0.7408 F1_P=0.5332
2026-03-12 08:16:24,259 [C1-MC-P0.3]   R33 Acc_P=0.7855 F1_P=0.5433
2026-03-12 08:17:58,075 [C1-MC-P0.3]   R34 Acc_P=0.7765 F1_P=0.5361
2026-03-12 08:19:32,921 [C1-MC-P0.3]   R35 Acc_P=0.7896 F1_P=0.5535
2026-03-12 08:21:06,953 [C1-MC-P0.3]   R36 Acc_P=0.7824 F1_P=0.5008
2026-03-12 08:22:41,293 [C1-MC-P0.3]   R37 Acc_P=0.7947 F1_P=0.4906
2026-03-12 08:24:15,439 [C1-MC-P0.3]   R38 Acc_P=0.7603 F1_P=0.4948
2026-03-12 08:25:49,521 [C1-MC-P0.3]   R39 Acc_P=0.7772 F1_P=0.5049
2026-03-12 08:27:23,577 [C1-MC-P0.3]   R40 Acc_P=0.7609 F1_P=0.4959
2026-03-12 08:28:57,178 [C1-MC-P0.3]   R41 Acc_P=0.7749 F1_P=0.4910
2026-03-12 08:30:31,394 [C1-MC-P0.3]   R42 Acc_P=0.7803 F1_P=0.5030
2026-03-12 08:32:05,115 [C1-MC-P0.3]   R43 Acc_P=0.8105 F1_P=0.5052
2026-03-12 08:33:39,223 [C1-MC-P0.3]   R44 Acc_P=0.7987 F1_P=0.5168
2026-03-12 08:35:13,024 [C1-MC-P0.3]   R45 Acc_P=0.7913 F1_P=0.4925
2026-03-12 08:36:47,359 [C1-MC-P0.3]   R46 Acc_P=0.7742 F1_P=0.5066
2026-03-12 08:38:21,084 [C1-MC-P0.3]   R47 Acc_P=0.7869 F1_P=0.5115
2026-03-12 08:39:54,903 [C1-MC-P0.3]   R48 Acc_P=0.8223 F1_P=0.5791
2026-03-12 08:41:28,851 [C1-MC-P0.3]   R49 Acc_P=0.7926 F1_P=0.5049
2026-03-12 08:43:02,776 [C1-MC-P0.3]   R50 Acc_P=0.8570 F1_P=0.5507
2026-03-12 08:44:37,181 [C1-MC-P0.3]   R51 Acc_P=0.7718 F1_P=0.5049
2026-03-12 08:46:07,449 [C1-MC-P0.3]   R52 Acc_P=0.7889 F1_P=0.5113
2026-03-12 08:47:41,555 [C1-MC-P0.3]   R53 Acc_P=0.7841 F1_P=0.5122
2026-03-12 08:49:16,030 [C1-MC-P0.3]   R54 Acc_P=0.7945 F1_P=0.5543
2026-03-12 08:50:03,706 [C1-MC-P0.3]   R55 Acc_P=0.7827 F1_P=0.5521
2026-03-12 08:50:39,585 [C1-MC-P0.3]   R56 Acc_P=0.7839 F1_P=0.5036
2026-03-12 08:51:15,792 [C1-MC-P0.3]   R57 Acc_P=0.8218 F1_P=0.5898
2026-03-12 08:51:52,843 [C1-MC-P0.3]   R58 Acc_P=0.8158 F1_P=0.6051
2026-03-12 08:52:28,170 [C1-MC-P0.3]   R59 Acc_P=0.8931 F1_P=0.6311
2026-03-12 08:53:03,469 [C1-MC-P0.3]   R60 Acc_P=0.8675 F1_P=0.6134
2026-03-12 08:53:39,293 [C1-MC-P0.3]   R61 Acc_P=0.8124 F1_P=0.6120
2026-03-12 08:54:15,326 [C1-MC-P0.3]   R62 Acc_P=0.7980 F1_P=0.5816
2026-03-12 08:54:51,254 [C1-MC-P0.3]   R63 Acc_P=0.8939 F1_P=0.6120
2026-03-12 08:55:27,232 [C1-MC-P0.3]   R64 Acc_P=0.7949 F1_P=0.6050
2026-03-12 08:56:03,312 [C1-MC-P0.3]   R65 Acc_P=0.9086 F1_P=0.6350
2026-03-12 08:56:42,009 [C1-MC-P0.3]   R66 Acc_P=0.8243 F1_P=0.5922
2026-03-12 08:57:19,498 [C1-MC-P0.3]   R67 Acc_P=0.8458 F1_P=0.6007
2026-03-12 08:57:57,094 [C1-MC-P0.3]   R68 Acc_P=0.7830 F1_P=0.5839
2026-03-12 08:58:34,743 [C1-MC-P0.3]   R69 Acc_P=0.8406 F1_P=0.6228
2026-03-12 08:59:11,818 [C1-MC-P0.3]   R70 Acc_P=0.8008 F1_P=0.5919
2026-03-12 08:59:49,563 [C1-MC-P0.3]   R71 Acc_P=0.8889 F1_P=0.6193
2026-03-12 09:00:27,266 [C1-MC-P0.3]   R72 Acc_P=0.8294 F1_P=0.6208
2026-03-12 09:01:08,414 [C1-MC-P0.3]   R73 Acc_P=0.8294 F1_P=0.6048
2026-03-12 09:01:48,863 [C1-MC-P0.3]   R74 Acc_P=0.8094 F1_P=0.5987
2026-03-12 09:02:30,886 [C1-MC-P0.3]   R75 Acc_P=0.8582 F1_P=0.6575
2026-03-12 09:03:07,794 [C1-MC-P0.3]   R76 Acc_P=0.8422 F1_P=0.6036
2026-03-12 09:03:44,282 [C1-MC-P0.3]   R77 Acc_P=0.8355 F1_P=0.6009
2026-03-12 09:04:21,157 [C1-MC-P0.3]   R78 Acc_P=0.8554 F1_P=0.6203
2026-03-12 09:04:57,876 [C1-MC-P0.3]   R79 Acc_P=0.8666 F1_P=0.6286
2026-03-12 09:05:33,705 [C1-MC-P0.3]   R80 Acc_P=0.8622 F1_P=0.6205
2026-03-12 09:06:09,594 [C1-MC-P0.3]   R81 Acc_P=0.8141 F1_P=0.6349
2026-03-12 09:06:45,034 [C1-MC-P0.3]   R82 Acc_P=0.8768 F1_P=0.6310
2026-03-12 09:07:20,594 [C1-MC-P0.3]   R83 Acc_P=0.8243 F1_P=0.5759
2026-03-12 09:07:56,117 [C1-MC-P0.3]   R84 Acc_P=0.9254 F1_P=0.6457
2026-03-12 09:08:31,780 [C1-MC-P0.3]   R85 Acc_P=0.8123 F1_P=0.6383
2026-03-12 09:09:09,589 [C1-MC-P0.3]   R86 Acc_P=0.8783 F1_P=0.6944
2026-03-12 09:09:47,290 [C1-MC-P0.3]   R87 Acc_P=0.8504 F1_P=0.6621
2026-03-12 09:10:24,599 [C1-MC-P0.3]   R88 Acc_P=0.8069 F1_P=0.5978
2026-03-12 09:11:01,892 [C1-MC-P0.3]   R89 Acc_P=0.8842 F1_P=0.6875
2026-03-12 09:11:38,799 [C1-MC-P0.3]   R90 Acc_P=0.8283 F1_P=0.6667
2026-03-12 09:12:15,898 [C1-MC-P0.3]   R91 Acc_P=0.8304 F1_P=0.6878
2026-03-12 09:12:52,942 [C1-MC-P0.3]   R92 Acc_P=0.8823 F1_P=0.6722
2026-03-12 09:13:30,097 [C1-MC-P0.3]   R93 Acc_P=0.8447 F1_P=0.6416
2026-03-12 09:14:08,352 [C1-MC-P0.3]   R94 Acc_P=0.8176 F1_P=0.5987
2026-03-12 09:14:46,052 [C1-MC-P0.3]   R95 Acc_P=0.8741 F1_P=0.6492
2026-03-12 09:15:23,871 [C1-MC-P0.3]   R96 Acc_P=0.8566 F1_P=0.6491
2026-03-12 09:16:00,807 [C1-MC-P0.3]   R97 Acc_P=0.8451 F1_P=0.6795
2026-03-12 09:16:37,436 [C1-MC-P0.3]   R98 Acc_P=0.8961 F1_P=0.7085
2026-03-12 09:17:14,385 [C1-MC-P0.3]   R99 Acc_P=0.8393 F1_P=0.7041
2026-03-12 09:17:51,373 [C1-MC-P0.3]   R100 Acc_P=0.8577 F1_P=0.6845
2026-03-12 09:18:22,699 [C1-MC-P0.3] Final: Acc=0.8577 F1=0.6845
2026-03-12 09:18:22,699 [C1-MC-P0.3] Grouped F1: {'BruteForce': 46.27, 'Bot': 99.51, 'DoS': 68.22, 'DDoS': 99.24, 'Infiltration': 33.65, 'Web Attacks': 0.0}
