2026-03-10 20:30:37,231 [CLIENT-0] ============================================================
2026-03-10 20:30:37,231 [CLIENT-0] FeCoGraph Client 0
2026-03-10 20:30:37,231 [CLIENT-0] FL Scheme: DITTO
2026-03-10 20:30:37,231 [CLIENT-0] Device: cpu
2026-03-10 20:30:37,231 [CLIENT-0] ============================================================
2026-03-10 20:30:37,231 [CLIENT-0] Loading train graph from ./data\client_0_train.csv (label_col=Label_ENCODED)
2026-03-10 20:30:38,417 [CLIENT-0] Loading test graph from ./data\client_0_test.csv
2026-03-10 20:30:41,069 [CLIENT-0] Train graph: 25,353 nodes | Test graph: 59,159 nodes
2026-03-10 20:30:41,069 [CLIENT-0] Label proportion: 30%  (7604 labeled nodes)
2026-03-10 20:30:41,077 [CLIENT-0] Label dist (train): tensor([25220,   133])
2026-03-10 20:30:41,077 [CLIENT-0] Label dist (labeled subset): tensor([7565,   39])
2026-03-10 20:30:41,085 [CLIENT-0] Connecting to server 0.0.0.0:9999...
2026-03-10 20:34:32,150 [CLIENT-0] ============================================================
2026-03-10 20:34:32,150 [CLIENT-0] FeCoGraph Client 0
2026-03-10 20:34:32,150 [CLIENT-0] FL Scheme: DITTO
2026-03-10 20:34:32,150 [CLIENT-0] Device: cpu
2026-03-10 20:34:32,150 [CLIENT-0] ============================================================
2026-03-10 20:34:32,150 [CLIENT-0] Loading train graph from ./data\client_0_train.csv (label_col=Label_ENCODED)
2026-03-10 20:34:33,107 [CLIENT-0] Loading test graph from ./data\client_0_test.csv
2026-03-10 20:34:35,797 [CLIENT-0] Train graph: 25,353 nodes | Test graph: 59,159 nodes
2026-03-10 20:34:35,799 [CLIENT-0] Label proportion: 30%  (7604 labeled nodes)
2026-03-10 20:34:35,799 [CLIENT-0] Label dist (train): tensor([25220,   133])
2026-03-10 20:34:35,799 [CLIENT-0] Label dist (labeled subset): tensor([7565,   39])
2026-03-10 20:34:35,804 [CLIENT-0] Connecting to server 127.0.0.1:9999...
2026-03-10 20:34:35,807 [CLIENT-0] Connected and registered with server.
2026-03-10 20:34:44,475 [CLIENT-0] Round 1: Starting local training...
2026-03-10 20:35:21,891 [CLIENT-0]   Round 1 done | Train loss=6.5034 | SupCon=6.9427 | CE=0.6675 | TestAcc(local)=0.5049 | TestAcc(pers)=0.0178 | F1=0.0177 | Time=37.4s
2026-03-10 20:35:21,912 [CLIENT-0] Round 2: Starting local training...
2026-03-10 20:36:01,579 [CLIENT-0]   Round 2 done | Train loss=6.4758 | SupCon=6.9203 | CE=0.5692 | TestAcc(local)=0.9391 | TestAcc(pers)=0.4582 | F1=0.3221 | Time=39.7s
2026-03-10 20:36:01,597 [CLIENT-0] Round 3: Starting local training...
2026-03-10 20:36:39,708 [CLIENT-0]   Round 3 done | Train loss=6.4653 | SupCon=6.9179 | CE=0.4521 | TestAcc(local)=0.9778 | TestAcc(pers)=0.5959 | F1=0.3847 | Time=38.1s
2026-03-10 20:36:39,727 [CLIENT-0] Round 4: Starting local training...
2026-03-10 20:37:17,900 [CLIENT-0]   Round 4 done | Train loss=6.4584 | SupCon=6.9165 | CE=0.3718 | TestAcc(local)=0.9878 | TestAcc(pers)=0.8372 | F1=0.4844 | Time=38.2s
2026-03-10 20:37:17,923 [CLIENT-0] Round 5: Starting local training...
2026-03-10 20:37:56,632 [CLIENT-0]   Round 5 done | Train loss=6.4517 | SupCon=6.9150 | CE=0.2963 | TestAcc(local)=0.9908 | TestAcc(pers)=0.9452 | F1=0.5628 | Time=38.7s
2026-03-10 20:37:56,660 [CLIENT-0] Round 6: Starting local training...
2026-03-10 20:38:34,842 [CLIENT-0]   Round 6 done | Train loss=6.4452 | SupCon=6.9124 | CE=0.2390 | TestAcc(local)=0.9934 | TestAcc(pers)=0.9582 | F1=0.5768 | Time=38.2s
2026-03-10 20:38:34,863 [CLIENT-0] Round 7: Starting local training...
2026-03-10 20:39:13,113 [CLIENT-0]   Round 7 done | Train loss=6.4408 | SupCon=6.9103 | CE=0.2044 | TestAcc(local)=0.9954 | TestAcc(pers)=0.9829 | F1=0.6740 | Time=38.2s
2026-03-10 20:39:13,130 [CLIENT-0] Round 8: Starting local training...
2026-03-10 20:39:51,288 [CLIENT-0]   Round 8 done | Train loss=6.4351 | SupCon=6.9069 | CE=0.1673 | TestAcc(local)=0.9965 | TestAcc(pers)=0.9801 | F1=0.6613 | Time=38.2s
2026-03-10 20:39:51,304 [CLIENT-0] Round 9: Starting local training...
2026-03-10 20:40:29,841 [CLIENT-0]   Round 9 done | Train loss=6.4303 | SupCon=6.9033 | CE=0.1462 | TestAcc(local)=0.9972 | TestAcc(pers)=0.9772 | F1=0.6410 | Time=38.5s
2026-03-10 20:40:29,856 [CLIENT-0] Round 10: Starting local training...
2026-03-10 20:41:08,473 [CLIENT-0]   Round 10 done | Train loss=6.4257 | SupCon=6.9000 | CE=0.1251 | TestAcc(local)=0.9976 | TestAcc(pers)=0.9840 | F1=0.6817 | Time=38.6s
2026-03-10 20:41:08,496 [CLIENT-0] Round 11: Starting local training...
2026-03-10 20:41:46,245 [CLIENT-0]   Round 11 done | Train loss=6.4228 | SupCon=6.8977 | CE=0.1138 | TestAcc(local)=0.9974 | TestAcc(pers)=0.9888 | F1=0.7178 | Time=37.7s
2026-03-10 20:41:46,260 [CLIENT-0] Round 12: Starting local training...
2026-03-10 20:42:41,894 [CLIENT-0]   Round 12 done | Train loss=6.4213 | SupCon=6.8968 | CE=0.1029 | TestAcc(local)=0.9983 | TestAcc(pers)=0.9889 | F1=0.7173 | Time=55.6s
2026-03-10 20:42:41,933 [CLIENT-0] Round 13: Starting local training...
2026-03-10 20:43:31,029 [CLIENT-0]   Round 13 done | Train loss=6.4204 | SupCon=6.8965 | CE=0.0955 | TestAcc(local)=0.9979 | TestAcc(pers)=0.9893 | F1=0.7232 | Time=49.1s
2026-03-10 20:43:31,051 [CLIENT-0] Round 14: Starting local training...
2026-03-10 20:44:09,221 [CLIENT-0]   Round 14 done | Train loss=6.4187 | SupCon=6.8954 | CE=0.0867 | TestAcc(local)=0.9984 | TestAcc(pers)=0.9926 | F1=0.7706 | Time=38.2s
2026-03-10 20:44:09,239 [CLIENT-0] Round 15: Starting local training...
2026-03-10 20:44:46,422 [CLIENT-0]   Round 15 done | Train loss=6.4181 | SupCon=6.8951 | CE=0.0808 | TestAcc(local)=0.9983 | TestAcc(pers)=0.9925 | F1=0.7778 | Time=37.2s
2026-03-10 20:44:46,446 [CLIENT-0] Round 16: Starting local training...
2026-03-10 20:45:23,119 [CLIENT-0]   Round 16 done | Train loss=6.4194 | SupCon=6.8966 | CE=0.0784 | TestAcc(local)=0.9986 | TestAcc(pers)=0.9913 | F1=0.7588 | Time=36.7s
2026-03-10 20:45:23,135 [CLIENT-0] Round 17: Starting local training...
2026-03-10 20:46:01,992 [CLIENT-0]   Round 17 done | Train loss=6.4170 | SupCon=6.8946 | CE=0.0711 | TestAcc(local)=0.9988 | TestAcc(pers)=0.9937 | F1=0.7970 | Time=38.9s
2026-03-10 20:46:02,022 [CLIENT-0] Round 18: Starting local training...
2026-03-10 20:46:40,811 [CLIENT-0]   Round 18 done | Train loss=6.4160 | SupCon=6.8938 | CE=0.0682 | TestAcc(local)=0.9988 | TestAcc(pers)=0.9947 | F1=0.8186 | Time=38.8s
2026-03-10 20:46:40,831 [CLIENT-0] Round 19: Starting local training...
2026-03-10 20:47:19,648 [CLIENT-0]   Round 19 done | Train loss=6.4138 | SupCon=6.8918 | CE=0.0635 | TestAcc(local)=0.9986 | TestAcc(pers)=0.9958 | F1=0.8504 | Time=38.8s
2026-03-10 20:47:19,678 [CLIENT-0] Round 20: Starting local training...
2026-03-10 20:47:58,352 [CLIENT-0]   Round 20 done | Train loss=6.4141 | SupCon=6.8926 | CE=0.0569 | TestAcc(local)=0.9989 | TestAcc(pers)=0.9908 | F1=0.7506 | Time=38.7s
2026-03-10 20:47:58,366 [CLIENT-0] Round 21: Starting local training...
2026-03-10 20:48:36,391 [CLIENT-0]   Round 21 done | Train loss=6.4137 | SupCon=6.8923 | CE=0.0552 | TestAcc(local)=0.9989 | TestAcc(pers)=0.9957 | F1=0.8340 | Time=38.0s
2026-03-10 20:48:36,407 [CLIENT-0] Round 22: Starting local training...
2026-03-10 20:49:16,013 [CLIENT-0]   Round 22 done | Train loss=6.4133 | SupCon=6.8921 | CE=0.0526 | TestAcc(local)=0.9988 | TestAcc(pers)=0.9940 | F1=0.7948 | Time=39.6s
2026-03-10 20:49:16,025 [CLIENT-0] Round 23: Starting local training...
2026-03-10 20:49:53,882 [CLIENT-0]   Round 23 done | Train loss=6.4166 | SupCon=6.8956 | CE=0.0530 | TestAcc(local)=0.9989 | TestAcc(pers)=0.9930 | F1=0.7911 | Time=37.9s
2026-03-10 20:49:53,897 [CLIENT-0] Round 24: Starting local training...
2026-03-10 20:50:31,553 [CLIENT-0]   Round 24 done | Train loss=6.4138 | SupCon=6.8928 | CE=0.0492 | TestAcc(local)=0.9989 | TestAcc(pers)=0.9942 | F1=0.7991 | Time=37.7s
2026-03-10 20:50:31,582 [CLIENT-0] Round 25: Starting local training...
2026-03-10 20:51:10,737 [CLIENT-0]   Round 25 done | Train loss=6.4124 | SupCon=6.8917 | CE=0.0447 | TestAcc(local)=0.9991 | TestAcc(pers)=0.9962 | F1=0.8559 | Time=39.2s
2026-03-10 20:51:10,756 [CLIENT-0] Round 26: Starting local training...
2026-03-10 20:51:48,949 [CLIENT-0]   Round 26 done | Train loss=6.4125 | SupCon=6.8920 | CE=0.0420 | TestAcc(local)=0.9992 | TestAcc(pers)=0.9973 | F1=0.8881 | Time=38.2s
2026-03-10 20:51:48,967 [CLIENT-0] Round 27: Starting local training...
2026-03-10 20:52:27,758 [CLIENT-0]   Round 27 done | Train loss=6.4119 | SupCon=6.8916 | CE=0.0394 | TestAcc(local)=0.9991 | TestAcc(pers)=0.9925 | F1=0.7824 | Time=38.8s
2026-03-10 20:52:27,774 [CLIENT-0] Round 28: Starting local training...
2026-03-10 20:53:05,255 [CLIENT-0]   Round 28 done | Train loss=6.4122 | SupCon=6.8920 | CE=0.0382 | TestAcc(local)=0.9992 | TestAcc(pers)=0.9943 | F1=0.8088 | Time=37.5s
2026-03-10 20:53:05,277 [CLIENT-0] Round 29: Starting local training...
2026-03-10 20:53:42,930 [CLIENT-0]   Round 29 done | Train loss=6.4117 | SupCon=6.8916 | CE=0.0366 | TestAcc(local)=0.9988 | TestAcc(pers)=0.9938 | F1=0.7990 | Time=37.7s
2026-03-10 20:53:42,948 [CLIENT-0] Round 30: Starting local training...
2026-03-10 20:54:20,273 [CLIENT-0]   Round 30 done | Train loss=6.4104 | SupCon=6.8905 | CE=0.0329 | TestAcc(local)=0.9993 | TestAcc(pers)=0.9936 | F1=0.7958 | Time=37.3s
2026-03-10 20:54:20,293 [CLIENT-0] Round 31: Starting local training...
2026-03-10 20:54:57,992 [CLIENT-0]   Round 31 done | Train loss=6.4123 | SupCon=6.8926 | CE=0.0308 | TestAcc(local)=0.9990 | TestAcc(pers)=0.9954 | F1=0.8354 | Time=37.7s
2026-03-10 20:54:58,010 [CLIENT-0] Round 32: Starting local training...
2026-03-10 20:55:35,083 [CLIENT-0]   Round 32 done | Train loss=6.4110 | SupCon=6.8913 | CE=0.0302 | TestAcc(local)=0.9992 | TestAcc(pers)=0.9961 | F1=0.8527 | Time=37.1s
2026-03-10 20:55:35,102 [CLIENT-0] Round 33: Starting local training...
2026-03-10 20:56:36,960 [CLIENT-0]   Round 33 done | Train loss=6.4117 | SupCon=6.8922 | CE=0.0271 | TestAcc(local)=0.9992 | TestAcc(pers)=0.9964 | F1=0.8606 | Time=61.9s
2026-03-10 20:56:37,002 [CLIENT-0] Round 34: Starting local training...
2026-03-10 20:58:10,472 [CLIENT-0]   Round 34 done | Train loss=6.4104 | SupCon=6.8909 | CE=0.0271 | TestAcc(local)=0.9993 | TestAcc(pers)=0.9973 | F1=0.8820 | Time=93.5s
2026-03-10 20:58:10,523 [CLIENT-0] Round 35: Starting local training...
2026-03-10 20:59:44,203 [CLIENT-0]   Round 35 done | Train loss=6.4122 | SupCon=6.8930 | CE=0.0248 | TestAcc(local)=0.9991 | TestAcc(pers)=0.9982 | F1=0.9118 | Time=93.7s
2026-03-10 20:59:44,243 [CLIENT-0] Round 36: Starting local training...
2026-03-10 21:01:17,506 [CLIENT-0]   Round 36 done | Train loss=6.4116 | SupCon=6.8922 | CE=0.0259 | TestAcc(local)=0.9993 | TestAcc(pers)=0.9970 | F1=0.8721 | Time=93.3s
2026-03-10 21:01:17,540 [CLIENT-0] Round 37: Starting local training...
2026-03-10 21:02:50,731 [CLIENT-0]   Round 37 done | Train loss=6.4112 | SupCon=6.8920 | CE=0.0236 | TestAcc(local)=0.9992 | TestAcc(pers)=0.9989 | F1=0.9467 | Time=93.2s
2026-03-10 21:02:50,772 [CLIENT-0] Round 38: Starting local training...
2026-03-10 21:04:24,011 [CLIENT-0]   Round 38 done | Train loss=6.4096 | SupCon=6.8904 | CE=0.0219 | TestAcc(local)=0.9992 | TestAcc(pers)=0.9983 | F1=0.9269 | Time=93.2s
2026-03-10 21:04:24,053 [CLIENT-0] Round 39: Starting local training...
2026-03-10 21:05:37,599 [CLIENT-0]   Round 39 done | Train loss=6.4091 | SupCon=6.8901 | CE=0.0195 | TestAcc(local)=0.9993 | TestAcc(pers)=0.9985 | F1=0.9313 | Time=73.5s
2026-03-10 21:05:37,623 [CLIENT-0] Round 40: Starting local training...
2026-03-10 21:06:23,079 [CLIENT-0]   Round 40 done | Train loss=6.4095 | SupCon=6.8905 | CE=0.0192 | TestAcc(local)=0.9993 | TestAcc(pers)=0.9987 | F1=0.9382 | Time=45.5s
2026-03-10 21:06:23,129 [CLIENT-0] Round 41: Starting local training...
2026-03-10 21:07:07,651 [CLIENT-0]   Round 41 done | Train loss=6.4086 | SupCon=6.8896 | CE=0.0184 | TestAcc(local)=0.9993 | TestAcc(pers)=0.9984 | F1=0.9253 | Time=44.5s
2026-03-10 21:07:07,667 [CLIENT-0] Round 42: Starting local training...
2026-03-10 21:07:47,168 [CLIENT-0]   Round 42 done | Train loss=6.4095 | SupCon=6.8906 | CE=0.0176 | TestAcc(local)=0.9992 | TestAcc(pers)=0.9986 | F1=0.9368 | Time=39.5s
2026-03-10 21:07:47,183 [CLIENT-0] Round 43: Starting local training...
2026-03-10 21:08:23,891 [CLIENT-0]   Round 43 done | Train loss=6.4091 | SupCon=6.8904 | CE=0.0149 | TestAcc(local)=0.9993 | TestAcc(pers)=0.9986 | F1=0.9347 | Time=36.7s
2026-03-10 21:08:23,907 [CLIENT-0] Round 44: Starting local training...
2026-03-10 21:08:59,644 [CLIENT-0]   Round 44 done | Train loss=6.4093 | SupCon=6.8905 | CE=0.0156 | TestAcc(local)=0.9990 | TestAcc(pers)=0.9985 | F1=0.9327 | Time=35.7s
2026-03-10 21:08:59,656 [CLIENT-0] Round 45: Starting local training...
2026-03-10 21:09:35,664 [CLIENT-0]   Round 45 done | Train loss=6.4084 | SupCon=6.8897 | CE=0.0139 | TestAcc(local)=0.9993 | TestAcc(pers)=0.9989 | F1=0.9503 | Time=36.0s
2026-03-10 21:09:35,678 [CLIENT-0] Round 46: Starting local training...
2026-03-10 21:10:11,427 [CLIENT-0]   Round 46 done | Train loss=6.4097 | SupCon=6.8912 | CE=0.0130 | TestAcc(local)=0.9993 | TestAcc(pers)=0.9986 | F1=0.9368 | Time=35.7s
2026-03-10 21:10:11,447 [CLIENT-0] Round 47: Starting local training...
2026-03-10 21:10:47,562 [CLIENT-0]   Round 47 done | Train loss=6.4093 | SupCon=6.8909 | CE=0.0119 | TestAcc(local)=0.9990 | TestAcc(pers)=0.9988 | F1=0.9431 | Time=36.1s
2026-03-10 21:10:47,572 [CLIENT-0] Round 48: Starting local training...
2026-03-10 21:11:23,720 [CLIENT-0]   Round 48 done | Train loss=6.4116 | SupCon=6.8932 | CE=0.0124 | TestAcc(local)=0.9992 | TestAcc(pers)=0.9987 | F1=0.9403 | Time=36.1s
2026-03-10 21:11:23,748 [CLIENT-0] Round 49: Starting local training...
2026-03-10 21:12:00,356 [CLIENT-0]   Round 49 done | Train loss=6.4093 | SupCon=6.8907 | CE=0.0130 | TestAcc(local)=0.9993 | TestAcc(pers)=0.9986 | F1=0.9340 | Time=36.6s
2026-03-10 21:12:00,380 [CLIENT-0] Round 50: Starting local training...
2026-03-10 21:12:40,568 [CLIENT-0]   Round 50 done | Train loss=6.4083 | SupCon=6.8899 | CE=0.0106 | TestAcc(local)=0.9994 | TestAcc(pers)=0.9989 | F1=0.9481 | Time=40.2s
2026-03-10 21:12:40,582 [CLIENT-0] Round 51: Starting local training...
2026-03-10 21:13:18,514 [CLIENT-0]   Round 51 done | Train loss=6.4089 | SupCon=6.8906 | CE=0.0100 | TestAcc(local)=0.9993 | TestAcc(pers)=0.9990 | F1=0.9539 | Time=37.9s
2026-03-10 21:13:18,524 [CLIENT-0] Round 52: Starting local training...
2026-03-10 21:13:56,277 [CLIENT-0]   Round 52 done | Train loss=6.4081 | SupCon=6.8897 | CE=0.0090 | TestAcc(local)=0.9994 | TestAcc(pers)=0.9993 | F1=0.9678 | Time=37.8s
2026-03-10 21:13:56,295 [CLIENT-0] Round 53: Starting local training...
2026-03-10 21:14:34,577 [CLIENT-0]   Round 53 done | Train loss=6.4086 | SupCon=6.8903 | CE=0.0085 | TestAcc(local)=0.9994 | TestAcc(pers)=0.9989 | F1=0.9493 | Time=38.3s
2026-03-10 21:14:34,590 [CLIENT-0] Round 54: Starting local training...
2026-03-10 21:15:12,354 [CLIENT-0]   Round 54 done | Train loss=6.4085 | SupCon=6.8902 | CE=0.0087 | TestAcc(local)=0.9993 | TestAcc(pers)=0.9990 | F1=0.9518 | Time=37.8s
2026-03-10 21:15:12,371 [CLIENT-0] Round 55: Starting local training...
2026-03-10 21:15:51,200 [CLIENT-0]   Round 55 done | Train loss=6.4080 | SupCon=6.8897 | CE=0.0083 | TestAcc(local)=0.9994 | TestAcc(pers)=0.9992 | F1=0.9604 | Time=38.8s
2026-03-10 21:15:51,228 [CLIENT-0] Round 56: Starting local training...
2026-03-10 21:16:28,959 [CLIENT-0]   Round 56 done | Train loss=6.4082 | SupCon=6.8900 | CE=0.0070 | TestAcc(local)=0.9994 | TestAcc(pers)=0.9992 | F1=0.9611 | Time=37.7s
2026-03-10 21:16:28,967 [CLIENT-0] Round 57: Starting local training...
2026-03-10 21:17:05,629 [CLIENT-0]   Round 57 done | Train loss=6.4089 | SupCon=6.8908 | CE=0.0074 | TestAcc(local)=0.9994 | TestAcc(pers)=0.9994 | F1=0.9708 | Time=36.7s
2026-03-10 21:17:05,650 [CLIENT-0] Round 58: Starting local training...
2026-03-10 21:17:43,241 [CLIENT-0]   Round 58 done | Train loss=6.4093 | SupCon=6.8912 | CE=0.0072 | TestAcc(local)=0.9993 | TestAcc(pers)=0.9994 | F1=0.9708 | Time=37.6s
2026-03-10 21:17:43,263 [CLIENT-0] Round 59: Starting local training...
2026-03-10 21:18:20,615 [CLIENT-0]   Round 59 done | Train loss=6.4078 | SupCon=6.8897 | CE=0.0056 | TestAcc(local)=0.9993 | TestAcc(pers)=0.9992 | F1=0.9640 | Time=37.4s
2026-03-10 21:18:20,626 [CLIENT-0] Round 60: Starting local training...
2026-03-10 21:18:58,516 [CLIENT-0]   Round 60 done | Train loss=6.4074 | SupCon=6.8893 | CE=0.0050 | TestAcc(local)=0.9994 | TestAcc(pers)=0.9993 | F1=0.9648 | Time=37.9s
2026-03-10 21:18:58,529 [CLIENT-0] Round 61: Starting local training...
2026-03-10 21:19:35,561 [CLIENT-0]   Round 61 done | Train loss=6.4085 | SupCon=6.8904 | CE=0.0054 | TestAcc(local)=0.9993 | TestAcc(pers)=0.9992 | F1=0.9604 | Time=37.0s
2026-03-10 21:19:35,577 [CLIENT-0] Round 62: Starting local training...
2026-03-10 21:20:14,594 [CLIENT-0]   Round 62 done | Train loss=6.4084 | SupCon=6.8904 | CE=0.0053 | TestAcc(local)=0.9993 | TestAcc(pers)=0.9991 | F1=0.9567 | Time=39.0s
2026-03-10 21:20:14,615 [CLIENT-0] Round 63: Starting local training...
2026-03-10 21:20:53,770 [CLIENT-0]   Round 63 done | Train loss=6.4076 | SupCon=6.8896 | CE=0.0048 | TestAcc(local)=0.9994 | TestAcc(pers)=0.9993 | F1=0.9678 | Time=39.2s
2026-03-10 21:20:53,791 [CLIENT-0] Round 64: Starting local training...
2026-03-10 21:21:31,754 [CLIENT-0]   Round 64 done | Train loss=6.4092 | SupCon=6.8912 | CE=0.0051 | TestAcc(local)=0.9993 | TestAcc(pers)=0.9993 | F1=0.9648 | Time=38.0s
2026-03-10 21:21:31,778 [CLIENT-0] Round 65: Starting local training...
2026-03-10 21:22:09,238 [CLIENT-0]   Round 65 done | Train loss=6.4081 | SupCon=6.8900 | CE=0.0049 | TestAcc(local)=0.9994 | TestAcc(pers)=0.9991 | F1=0.9589 | Time=37.5s
2026-03-10 21:22:09,254 [CLIENT-0] Round 66: Starting local training...
2026-03-10 21:22:46,832 [CLIENT-0]   Round 66 done | Train loss=6.4081 | SupCon=6.8901 | CE=0.0052 | TestAcc(local)=0.9994 | TestAcc(pers)=0.9993 | F1=0.9678 | Time=37.6s
2026-03-10 21:22:46,848 [CLIENT-0] Round 67: Starting local training...
2026-03-10 21:23:24,351 [CLIENT-0]   Round 67 done | Train loss=6.4084 | SupCon=6.8904 | CE=0.0042 | TestAcc(local)=0.9993 | TestAcc(pers)=0.9989 | F1=0.9510 | Time=37.5s
2026-03-10 21:23:24,365 [CLIENT-0] Round 68: Starting local training...
2026-03-10 21:24:02,220 [CLIENT-0]   Round 68 done | Train loss=6.4086 | SupCon=6.8906 | CE=0.0042 | TestAcc(local)=0.9994 | TestAcc(pers)=0.9992 | F1=0.9618 | Time=37.9s
2026-03-10 21:24:02,236 [CLIENT-0] Round 69: Starting local training...
2026-03-10 21:24:39,522 [CLIENT-0]   Round 69 done | Train loss=6.4078 | SupCon=6.8898 | CE=0.0042 | TestAcc(local)=0.9993 | TestAcc(pers)=0.9992 | F1=0.9604 | Time=37.3s
2026-03-10 21:24:39,530 [CLIENT-0] Round 70: Starting local training...
2026-03-10 21:25:17,783 [CLIENT-0]   Round 70 done | Train loss=6.4086 | SupCon=6.8907 | CE=0.0034 | TestAcc(local)=0.9993 | TestAcc(pers)=0.9992 | F1=0.9618 | Time=38.3s
2026-03-10 21:25:17,800 [CLIENT-0] Round 71: Starting local training...
2026-03-10 21:25:56,546 [CLIENT-0]   Round 71 done | Train loss=6.4076 | SupCon=6.8896 | CE=0.0037 | TestAcc(local)=0.9994 | TestAcc(pers)=0.9994 | F1=0.9701 | Time=38.7s
2026-03-10 21:25:56,559 [CLIENT-0] Round 72: Starting local training...
2026-03-10 21:26:34,960 [CLIENT-0]   Round 72 done | Train loss=6.4072 | SupCon=6.8892 | CE=0.0027 | TestAcc(local)=0.9994 | TestAcc(pers)=0.9994 | F1=0.9723 | Time=38.4s
2026-03-10 21:26:34,979 [CLIENT-0] Round 73: Starting local training...
2026-03-10 21:27:13,627 [CLIENT-0]   Round 73 done | Train loss=6.4074 | SupCon=6.8894 | CE=0.0025 | TestAcc(local)=0.9994 | TestAcc(pers)=0.9993 | F1=0.9670 | Time=38.6s
2026-03-10 21:27:13,641 [CLIENT-0] Round 74: Starting local training...
2026-03-10 21:27:52,469 [CLIENT-0]   Round 74 done | Train loss=6.4070 | SupCon=6.8891 | CE=0.0022 | TestAcc(local)=0.9994 | TestAcc(pers)=0.9993 | F1=0.9655 | Time=38.8s
2026-03-10 21:27:52,483 [CLIENT-0] Round 75: Starting local training...
2026-03-10 21:28:31,025 [CLIENT-0]   Round 75 done | Train loss=6.4089 | SupCon=6.8911 | CE=0.0027 | TestAcc(local)=0.9994 | TestAcc(pers)=0.9994 | F1=0.9701 | Time=38.5s
2026-03-10 21:28:31,043 [CLIENT-0] Round 76: Starting local training...
2026-03-10 21:29:10,408 [CLIENT-0]   Round 76 done | Train loss=6.4075 | SupCon=6.8894 | CE=0.0049 | TestAcc(local)=0.9995 | TestAcc(pers)=0.9994 | F1=0.9701 | Time=39.4s
2026-03-10 21:29:10,420 [CLIENT-0] Round 77: Starting local training...
2026-03-10 21:29:48,883 [CLIENT-0]   Round 77 done | Train loss=6.4078 | SupCon=6.8899 | CE=0.0022 | TestAcc(local)=0.9995 | TestAcc(pers)=0.9994 | F1=0.9716 | Time=38.5s
2026-03-10 21:29:48,903 [CLIENT-0] Round 78: Starting local training...
2026-03-10 21:30:27,073 [CLIENT-0]   Round 78 done | Train loss=6.4083 | SupCon=6.8904 | CE=0.0023 | TestAcc(local)=0.9994 | TestAcc(pers)=0.9993 | F1=0.9663 | Time=38.2s
2026-03-10 21:30:27,086 [CLIENT-0] Round 79: Starting local training...
2026-03-10 21:31:04,625 [CLIENT-0]   Round 79 done | Train loss=6.4081 | SupCon=6.8903 | CE=0.0024 | TestAcc(local)=0.9994 | TestAcc(pers)=0.9994 | F1=0.9731 | Time=37.5s
2026-03-10 21:31:04,638 [CLIENT-0] Round 80: Starting local training...
2026-03-10 21:31:42,479 [CLIENT-0]   Round 80 done | Train loss=6.4076 | SupCon=6.8897 | CE=0.0016 | TestAcc(local)=0.9994 | TestAcc(pers)=0.9994 | F1=0.9716 | Time=37.8s
2026-03-10 21:31:42,494 [CLIENT-0] Round 81: Starting local training...
2026-03-10 21:32:19,941 [CLIENT-0]   Round 81 done | Train loss=6.4078 | SupCon=6.8900 | CE=0.0016 | TestAcc(local)=0.9994 | TestAcc(pers)=0.9994 | F1=0.9708 | Time=37.4s
2026-03-10 21:32:19,951 [CLIENT-0] Round 82: Starting local training...
2026-03-10 21:32:57,722 [CLIENT-0]   Round 82 done | Train loss=6.4081 | SupCon=6.8903 | CE=0.0014 | TestAcc(local)=0.9994 | TestAcc(pers)=0.9993 | F1=0.9685 | Time=37.8s
2026-03-10 21:32:57,735 [CLIENT-0] Round 83: Starting local training...
2026-03-10 21:33:35,265 [CLIENT-0]   Round 83 done | Train loss=6.4076 | SupCon=6.8898 | CE=0.0017 | TestAcc(local)=0.9994 | TestAcc(pers)=0.9993 | F1=0.9648 | Time=37.5s
2026-03-10 21:33:35,289 [CLIENT-0] Round 84: Starting local training...
2026-03-10 21:34:14,548 [CLIENT-0]   Round 84 done | Train loss=6.4075 | SupCon=6.8896 | CE=0.0017 | TestAcc(local)=0.9994 | TestAcc(pers)=0.9993 | F1=0.9670 | Time=39.3s
2026-03-10 21:34:14,567 [CLIENT-0] Round 85: Starting local training...
2026-03-10 21:34:53,188 [CLIENT-0]   Round 85 done | Train loss=6.4081 | SupCon=6.8904 | CE=0.0015 | TestAcc(local)=0.9994 | TestAcc(pers)=0.9994 | F1=0.9701 | Time=38.6s
2026-03-10 21:34:53,209 [CLIENT-0] Round 86: Starting local training...
2026-03-10 21:35:31,669 [CLIENT-0]   Round 86 done | Train loss=6.4082 | SupCon=6.8904 | CE=0.0013 | TestAcc(local)=0.9994 | TestAcc(pers)=0.9993 | F1=0.9655 | Time=38.5s
2026-03-10 21:35:31,679 [CLIENT-0] Round 87: Starting local training...
2026-03-10 21:36:10,362 [CLIENT-0]   Round 87 done | Train loss=6.4085 | SupCon=6.8907 | CE=0.0015 | TestAcc(local)=0.9993 | TestAcc(pers)=0.9993 | F1=0.9655 | Time=38.7s
2026-03-10 21:36:10,382 [CLIENT-0] Round 88: Starting local training...
2026-03-10 21:36:48,792 [CLIENT-0]   Round 88 done | Train loss=6.4077 | SupCon=6.8898 | CE=0.0015 | TestAcc(local)=0.9994 | TestAcc(pers)=0.9994 | F1=0.9723 | Time=38.4s
2026-03-10 21:36:48,812 [CLIENT-0] Round 89: Starting local training...
2026-03-10 21:37:27,899 [CLIENT-0]   Round 89 done | Train loss=6.4077 | SupCon=6.8899 | CE=0.0011 | TestAcc(local)=0.9993 | TestAcc(pers)=0.9993 | F1=0.9678 | Time=39.1s
2026-03-10 21:37:27,917 [CLIENT-0] Round 90: Starting local training...
2026-03-10 21:38:07,075 [CLIENT-0]   Round 90 done | Train loss=6.4072 | SupCon=6.8894 | CE=0.0008 | TestAcc(local)=0.9994 | TestAcc(pers)=0.9994 | F1=0.9701 | Time=39.2s
2026-03-10 21:38:07,086 [CLIENT-0] Round 91: Starting local training...
2026-03-10 21:38:46,538 [CLIENT-0]   Round 91 done | Train loss=6.4070 | SupCon=6.8892 | CE=0.0009 | TestAcc(local)=0.9994 | TestAcc(pers)=0.9994 | F1=0.9701 | Time=39.5s
2026-03-10 21:38:46,559 [CLIENT-0] Round 92: Starting local training...
2026-03-10 21:39:25,616 [CLIENT-0]   Round 92 done | Train loss=6.4078 | SupCon=6.8900 | CE=0.0009 | TestAcc(local)=0.9994 | TestAcc(pers)=0.9994 | F1=0.9731 | Time=39.1s
2026-03-10 21:39:25,628 [CLIENT-0] Round 93: Starting local training...
2026-03-10 21:40:03,584 [CLIENT-0]   Round 93 done | Train loss=6.4075 | SupCon=6.8897 | CE=0.0012 | TestAcc(local)=0.9993 | TestAcc(pers)=0.9993 | F1=0.9685 | Time=38.0s
2026-03-10 21:40:03,595 [CLIENT-0] Round 94: Starting local training...
2026-03-10 21:40:41,927 [CLIENT-0]   Round 94 done | Train loss=6.4082 | SupCon=6.8905 | CE=0.0010 | TestAcc(local)=0.9994 | TestAcc(pers)=0.9993 | F1=0.9685 | Time=38.3s
2026-03-10 21:40:41,950 [CLIENT-0] Round 95: Starting local training...
2026-03-10 21:41:19,298 [CLIENT-0]   Round 95 done | Train loss=6.4072 | SupCon=6.8894 | CE=0.0007 | TestAcc(local)=0.9994 | TestAcc(pers)=0.9994 | F1=0.9716 | Time=37.3s
2026-03-10 21:41:19,314 [CLIENT-0] Round 96: Starting local training...
2026-03-10 21:41:57,006 [CLIENT-0]   Round 96 done | Train loss=6.4080 | SupCon=6.8903 | CE=0.0008 | TestAcc(local)=0.9994 | TestAcc(pers)=0.9994 | F1=0.9723 | Time=37.7s
2026-03-10 21:41:57,018 [CLIENT-0] Round 97: Starting local training...
2026-03-10 21:42:35,036 [CLIENT-0]   Round 97 done | Train loss=6.4083 | SupCon=6.8904 | CE=0.0029 | TestAcc(local)=0.9994 | TestAcc(pers)=0.9994 | F1=0.9708 | Time=38.0s
2026-03-10 21:42:35,051 [CLIENT-0] Round 98: Starting local training...
2026-03-10 21:43:12,671 [CLIENT-0]   Round 98 done | Train loss=6.4075 | SupCon=6.8897 | CE=0.0006 | TestAcc(local)=0.9994 | TestAcc(pers)=0.9994 | F1=0.9693 | Time=37.6s
2026-03-10 21:43:12,692 [CLIENT-0] Round 99: Starting local training...
2026-03-10 21:43:51,331 [CLIENT-0]   Round 99 done | Train loss=6.4075 | SupCon=6.8897 | CE=0.0005 | TestAcc(local)=0.9994 | TestAcc(pers)=0.9994 | F1=0.9731 | Time=38.6s
2026-03-10 21:43:51,343 [CLIENT-0] Round 100: Starting local training...
2026-03-10 21:44:30,488 [CLIENT-0]   Round 100 done | Train loss=6.4078 | SupCon=6.8901 | CE=0.0005 | TestAcc(local)=0.9994 | TestAcc(pers)=0.9994 | F1=0.9731 | Time=39.1s
2026-03-10 21:44:30,505 [CLIENT-0] Received SHUTDOWN from server. Training complete.
2026-03-10 21:44:30,517 [CLIENT-0] Client done.
