2026-03-10 20:30:54,909 [CLIENT-1] ============================================================
2026-03-10 20:30:54,909 [CLIENT-1] FeCoGraph Client 1
2026-03-10 20:30:54,909 [CLIENT-1] FL Scheme: DITTO
2026-03-10 20:30:54,909 [CLIENT-1] Device: cpu
2026-03-10 20:30:54,909 [CLIENT-1] ============================================================
2026-03-10 20:30:54,909 [CLIENT-1] Loading train graph from ./data\client_1_train.csv (label_col=Label_ENCODED)
2026-03-10 20:30:55,686 [CLIENT-1] Loading test graph from ./data\client_1_test.csv
2026-03-10 20:30:56,838 [CLIENT-1] Train graph: 4,646 nodes | Test graph: 10,842 nodes
2026-03-10 20:30:56,838 [CLIENT-1] Label proportion: 30%  (1392 labeled nodes)
2026-03-10 20:30:56,838 [CLIENT-1] Label dist (train): tensor([1183, 3463])
2026-03-10 20:30:56,842 [CLIENT-1] Label dist (labeled subset): tensor([ 354, 1038])
2026-03-10 20:30:56,842 [CLIENT-1] Connecting to server 0.0.0.0:9999...
2026-03-10 20:34:42,225 [CLIENT-1] ============================================================
2026-03-10 20:34:42,225 [CLIENT-1] FeCoGraph Client 1
2026-03-10 20:34:42,225 [CLIENT-1] FL Scheme: DITTO
2026-03-10 20:34:42,225 [CLIENT-1] Device: cpu
2026-03-10 20:34:42,225 [CLIENT-1] ============================================================
2026-03-10 20:34:42,225 [CLIENT-1] Loading train graph from ./data\client_1_train.csv (label_col=Label_ENCODED)
2026-03-10 20:34:43,145 [CLIENT-1] Loading test graph from ./data\client_1_test.csv
2026-03-10 20:34:44,417 [CLIENT-1] Train graph: 4,646 nodes | Test graph: 10,842 nodes
2026-03-10 20:34:44,417 [CLIENT-1] Label proportion: 30%  (1392 labeled nodes)
2026-03-10 20:34:44,417 [CLIENT-1] Label dist (train): tensor([1183, 3463])
2026-03-10 20:34:44,417 [CLIENT-1] Label dist (labeled subset): tensor([ 354, 1038])
2026-03-10 20:34:44,417 [CLIENT-1] Connecting to server 127.0.0.1:9999...
2026-03-10 20:34:44,417 [CLIENT-1] Connected and registered with server.
2026-03-10 20:34:44,475 [CLIENT-1] Round 1: Starting local training...
2026-03-10 20:34:52,621 [CLIENT-1]   Round 1 done | Train loss=6.2881 | SupCon=6.7102 | CE=0.6799 | TestAcc(local)=0.8308 | TestAcc(pers)=0.7828 | F1=0.7423 | Time=8.1s
2026-03-10 20:35:21,914 [CLIENT-1] Round 2: Starting local training...
2026-03-10 20:35:27,968 [CLIENT-1]   Round 2 done | Train loss=6.2143 | SupCon=6.6345 | CE=0.6311 | TestAcc(local)=0.8815 | TestAcc(pers)=0.8823 | F1=0.8572 | Time=6.1s
2026-03-10 20:36:01,599 [CLIENT-1] Round 3: Starting local training...
2026-03-10 20:36:07,808 [CLIENT-1]   Round 3 done | Train loss=6.1662 | SupCon=6.5881 | CE=0.5604 | TestAcc(local)=0.8866 | TestAcc(pers)=0.8991 | F1=0.8799 | Time=6.2s
2026-03-10 20:36:39,729 [CLIENT-1] Round 4: Starting local training...
2026-03-10 20:36:45,805 [CLIENT-1]   Round 4 done | Train loss=6.1318 | SupCon=6.5561 | CE=0.4944 | TestAcc(local)=0.8883 | TestAcc(pers)=0.9270 | F1=0.9106 | Time=6.1s
2026-03-10 20:37:17,923 [CLIENT-1] Round 5: Starting local training...
2026-03-10 20:37:23,655 [CLIENT-1]   Round 5 done | Train loss=6.1144 | SupCon=6.5416 | CE=0.4395 | TestAcc(local)=0.8938 | TestAcc(pers)=0.9286 | F1=0.9126 | Time=5.7s
2026-03-10 20:37:56,662 [CLIENT-1] Round 6: Starting local training...
2026-03-10 20:38:02,972 [CLIENT-1]   Round 6 done | Train loss=6.0952 | SupCon=6.5240 | CE=0.3977 | TestAcc(local)=0.8937 | TestAcc(pers)=0.9302 | F1=0.9145 | Time=6.3s
2026-03-10 20:38:34,865 [CLIENT-1] Round 7: Starting local training...
2026-03-10 20:38:40,687 [CLIENT-1]   Round 7 done | Train loss=6.0846 | SupCon=6.5148 | CE=0.3701 | TestAcc(local)=0.9378 | TestAcc(pers)=0.9319 | F1=0.9165 | Time=5.8s
2026-03-10 20:39:13,132 [CLIENT-1] Round 8: Starting local training...
2026-03-10 20:39:19,009 [CLIENT-1]   Round 8 done | Train loss=6.0787 | SupCon=6.5098 | CE=0.3501 | TestAcc(local)=0.9388 | TestAcc(pers)=0.9327 | F1=0.9174 | Time=5.9s
2026-03-10 20:39:51,306 [CLIENT-1] Round 9: Starting local training...
2026-03-10 20:39:57,328 [CLIENT-1]   Round 9 done | Train loss=6.0677 | SupCon=6.4993 | CE=0.3342 | TestAcc(local)=0.9391 | TestAcc(pers)=0.9338 | F1=0.9187 | Time=6.0s
2026-03-10 20:40:29,856 [CLIENT-1] Round 10: Starting local training...
2026-03-10 20:40:35,632 [CLIENT-1]   Round 10 done | Train loss=6.0649 | SupCon=6.4967 | CE=0.3281 | TestAcc(local)=0.9398 | TestAcc(pers)=0.9369 | F1=0.9222 | Time=5.8s
2026-03-10 20:41:08,498 [CLIENT-1] Round 11: Starting local training...
2026-03-10 20:41:14,666 [CLIENT-1]   Round 11 done | Train loss=6.0563 | SupCon=6.4881 | CE=0.3203 | TestAcc(local)=0.9386 | TestAcc(pers)=0.9369 | F1=0.9222 | Time=6.2s
2026-03-10 20:41:46,264 [CLIENT-1] Round 12: Starting local training...
2026-03-10 20:41:52,201 [CLIENT-1]   Round 12 done | Train loss=6.0479 | SupCon=6.4800 | CE=0.3078 | TestAcc(local)=0.9506 | TestAcc(pers)=0.9365 | F1=0.9219 | Time=5.9s
2026-03-10 20:42:41,939 [CLIENT-1] Round 13: Starting local training...
2026-03-10 20:42:56,566 [CLIENT-1]   Round 13 done | Train loss=6.0402 | SupCon=6.4725 | CE=0.2971 | TestAcc(local)=0.9511 | TestAcc(pers)=0.9383 | F1=0.9239 | Time=14.6s
2026-03-10 20:43:31,053 [CLIENT-1] Round 14: Starting local training...
2026-03-10 20:43:36,574 [CLIENT-1]   Round 14 done | Train loss=6.0389 | SupCon=6.4712 | CE=0.2952 | TestAcc(local)=0.9542 | TestAcc(pers)=0.9373 | F1=0.9229 | Time=5.5s
2026-03-10 20:44:09,241 [CLIENT-1] Round 15: Starting local training...
2026-03-10 20:44:15,101 [CLIENT-1]   Round 15 done | Train loss=6.0324 | SupCon=6.4647 | CE=0.2887 | TestAcc(local)=0.9540 | TestAcc(pers)=0.9386 | F1=0.9244 | Time=5.9s
2026-03-10 20:44:46,448 [CLIENT-1] Round 16: Starting local training...
2026-03-10 20:44:52,384 [CLIENT-1]   Round 16 done | Train loss=6.0331 | SupCon=6.4665 | CE=0.2763 | TestAcc(local)=0.9548 | TestAcc(pers)=0.9390 | F1=0.9249 | Time=5.9s
2026-03-10 20:45:23,137 [CLIENT-1] Round 17: Starting local training...
2026-03-10 20:45:29,292 [CLIENT-1]   Round 17 done | Train loss=6.0214 | SupCon=6.4545 | CE=0.2673 | TestAcc(local)=0.9543 | TestAcc(pers)=0.9387 | F1=0.9245 | Time=6.2s
2026-03-10 20:46:02,024 [CLIENT-1] Round 18: Starting local training...
2026-03-10 20:46:08,618 [CLIENT-1]   Round 18 done | Train loss=6.0241 | SupCon=6.4577 | CE=0.2639 | TestAcc(local)=0.9547 | TestAcc(pers)=0.9393 | F1=0.9252 | Time=6.6s
2026-03-10 20:46:40,833 [CLIENT-1] Round 19: Starting local training...
2026-03-10 20:46:46,692 [CLIENT-1]   Round 19 done | Train loss=6.0176 | SupCon=6.4514 | CE=0.2544 | TestAcc(local)=0.9546 | TestAcc(pers)=0.9389 | F1=0.9248 | Time=5.9s
2026-03-10 20:47:19,680 [CLIENT-1] Round 20: Starting local training...
2026-03-10 20:47:25,899 [CLIENT-1]   Round 20 done | Train loss=6.0174 | SupCon=6.4520 | CE=0.2435 | TestAcc(local)=0.9545 | TestAcc(pers)=0.9388 | F1=0.9247 | Time=6.2s
2026-03-10 20:47:58,367 [CLIENT-1] Round 21: Starting local training...
2026-03-10 20:48:04,381 [CLIENT-1]   Round 21 done | Train loss=6.0153 | SupCon=6.4498 | CE=0.2427 | TestAcc(local)=0.9549 | TestAcc(pers)=0.9389 | F1=0.9248 | Time=6.0s
2026-03-10 20:48:36,409 [CLIENT-1] Round 22: Starting local training...
2026-03-10 20:48:43,042 [CLIENT-1]   Round 22 done | Train loss=6.0099 | SupCon=6.4447 | CE=0.2327 | TestAcc(local)=0.9548 | TestAcc(pers)=0.9391 | F1=0.9250 | Time=6.6s
2026-03-10 20:49:16,027 [CLIENT-1] Round 23: Starting local training...
2026-03-10 20:49:22,191 [CLIENT-1]   Round 23 done | Train loss=6.0044 | SupCon=6.4395 | CE=0.2232 | TestAcc(local)=0.9546 | TestAcc(pers)=0.9399 | F1=0.9259 | Time=6.2s
2026-03-10 20:49:53,899 [CLIENT-1] Round 24: Starting local training...
2026-03-10 20:49:59,824 [CLIENT-1]   Round 24 done | Train loss=6.0050 | SupCon=6.4408 | CE=0.2161 | TestAcc(local)=0.9605 | TestAcc(pers)=0.9395 | F1=0.9256 | Time=5.9s
2026-03-10 20:50:31,584 [CLIENT-1] Round 25: Starting local training...
2026-03-10 20:50:37,844 [CLIENT-1]   Round 25 done | Train loss=6.0073 | SupCon=6.4431 | CE=0.2184 | TestAcc(local)=0.9615 | TestAcc(pers)=0.9395 | F1=0.9256 | Time=6.3s
2026-03-10 20:51:10,758 [CLIENT-1] Round 26: Starting local training...
2026-03-10 20:51:17,059 [CLIENT-1]   Round 26 done | Train loss=6.0063 | SupCon=6.4428 | CE=0.2077 | TestAcc(local)=0.9623 | TestAcc(pers)=0.9398 | F1=0.9258 | Time=6.3s
2026-03-10 20:51:48,971 [CLIENT-1] Round 27: Starting local training...
2026-03-10 20:51:55,813 [CLIENT-1]   Round 27 done | Train loss=6.0023 | SupCon=6.4385 | CE=0.2071 | TestAcc(local)=0.9620 | TestAcc(pers)=0.9496 | F1=0.9373 | Time=6.8s
2026-03-10 20:52:27,776 [CLIENT-1] Round 28: Starting local training...
2026-03-10 20:52:33,766 [CLIENT-1]   Round 28 done | Train loss=6.0006 | SupCon=6.4372 | CE=0.2000 | TestAcc(local)=0.9614 | TestAcc(pers)=0.9395 | F1=0.9254 | Time=6.0s
2026-03-10 20:53:05,279 [CLIENT-1] Round 29: Starting local training...
2026-03-10 20:53:11,566 [CLIENT-1]   Round 29 done | Train loss=6.0008 | SupCon=6.4380 | CE=0.1914 | TestAcc(local)=0.9620 | TestAcc(pers)=0.9509 | F1=0.9389 | Time=6.3s
2026-03-10 20:53:42,950 [CLIENT-1] Round 30: Starting local training...
2026-03-10 20:53:48,925 [CLIENT-1]   Round 30 done | Train loss=5.9990 | SupCon=6.4367 | CE=0.1844 | TestAcc(local)=0.9618 | TestAcc(pers)=0.9472 | F1=0.9346 | Time=6.0s
2026-03-10 20:54:20,295 [CLIENT-1] Round 31: Starting local training...
2026-03-10 20:54:26,202 [CLIENT-1]   Round 31 done | Train loss=6.0011 | SupCon=6.4389 | CE=0.1858 | TestAcc(local)=0.9622 | TestAcc(pers)=0.9484 | F1=0.9359 | Time=5.9s
2026-03-10 20:54:58,012 [CLIENT-1] Round 32: Starting local training...
2026-03-10 20:55:04,105 [CLIENT-1]   Round 32 done | Train loss=5.9891 | SupCon=6.4266 | CE=0.1764 | TestAcc(local)=0.9549 | TestAcc(pers)=0.9578 | F1=0.9469 | Time=6.1s
2026-03-10 20:55:35,104 [CLIENT-1] Round 33: Starting local training...
2026-03-10 20:55:41,291 [CLIENT-1]   Round 33 done | Train loss=5.9926 | SupCon=6.4307 | CE=0.1723 | TestAcc(local)=0.9616 | TestAcc(pers)=0.9512 | F1=0.9392 | Time=6.2s
2026-03-10 20:56:37,008 [CLIENT-1] Round 34: Starting local training...
2026-03-10 20:56:51,730 [CLIENT-1]   Round 34 done | Train loss=5.9904 | SupCon=6.4287 | CE=0.1672 | TestAcc(local)=0.9618 | TestAcc(pers)=0.9578 | F1=0.9471 | Time=14.7s
2026-03-10 20:58:10,528 [CLIENT-1] Round 35: Starting local training...
2026-03-10 20:58:25,707 [CLIENT-1]   Round 35 done | Train loss=5.9941 | SupCon=6.4331 | CE=0.1624 | TestAcc(local)=0.9622 | TestAcc(pers)=0.9588 | F1=0.9482 | Time=15.2s
2026-03-10 20:59:44,247 [CLIENT-1] Round 36: Starting local training...
2026-03-10 20:59:59,104 [CLIENT-1]   Round 36 done | Train loss=5.9859 | SupCon=6.4248 | CE=0.1554 | TestAcc(local)=0.9621 | TestAcc(pers)=0.9508 | F1=0.9388 | Time=14.9s
2026-03-10 21:01:17,545 [CLIENT-1] Round 37: Starting local training...
2026-03-10 21:01:32,046 [CLIENT-1]   Round 37 done | Train loss=5.9830 | SupCon=6.4220 | CE=0.1502 | TestAcc(local)=0.9618 | TestAcc(pers)=0.9582 | F1=0.9476 | Time=14.5s
2026-03-10 21:02:50,776 [CLIENT-1] Round 38: Starting local training...
2026-03-10 21:03:05,495 [CLIENT-1]   Round 38 done | Train loss=5.9917 | SupCon=6.4314 | CE=0.1504 | TestAcc(local)=0.9615 | TestAcc(pers)=0.9614 | F1=0.9513 | Time=14.7s
2026-03-10 21:04:24,059 [CLIENT-1] Round 39: Starting local training...
2026-03-10 21:04:38,988 [CLIENT-1]   Round 39 done | Train loss=5.9911 | SupCon=6.4311 | CE=0.1460 | TestAcc(local)=0.9616 | TestAcc(pers)=0.9614 | F1=0.9515 | Time=14.9s
2026-03-10 21:05:37,625 [CLIENT-1] Round 40: Starting local training...
2026-03-10 21:05:42,856 [CLIENT-1]   Round 40 done | Train loss=5.9873 | SupCon=6.4277 | CE=0.1363 | TestAcc(local)=0.9618 | TestAcc(pers)=0.9614 | F1=0.9513 | Time=5.2s
2026-03-10 21:06:23,135 [CLIENT-1] Round 41: Starting local training...
2026-03-10 21:06:37,763 [CLIENT-1]   Round 41 done | Train loss=5.9879 | SupCon=6.4284 | CE=0.1347 | TestAcc(local)=0.9624 | TestAcc(pers)=0.9610 | F1=0.9509 | Time=14.6s
2026-03-10 21:07:07,668 [CLIENT-1] Round 42: Starting local training...
2026-03-10 21:07:14,129 [CLIENT-1]   Round 42 done | Train loss=5.9910 | SupCon=6.4318 | CE=0.1347 | TestAcc(local)=0.9618 | TestAcc(pers)=0.9617 | F1=0.9518 | Time=6.5s
2026-03-10 21:07:47,185 [CLIENT-1] Round 43: Starting local training...
2026-03-10 21:07:53,773 [CLIENT-1]   Round 43 done | Train loss=5.9863 | SupCon=6.4269 | CE=0.1335 | TestAcc(local)=0.9618 | TestAcc(pers)=0.9620 | F1=0.9521 | Time=6.6s
2026-03-10 21:08:23,909 [CLIENT-1] Round 44: Starting local training...
2026-03-10 21:08:29,647 [CLIENT-1]   Round 44 done | Train loss=5.9895 | SupCon=6.4305 | CE=0.1300 | TestAcc(local)=0.9620 | TestAcc(pers)=0.9616 | F1=0.9517 | Time=5.7s
2026-03-10 21:08:59,658 [CLIENT-1] Round 45: Starting local training...
2026-03-10 21:09:05,431 [CLIENT-1]   Round 45 done | Train loss=5.9841 | SupCon=6.4249 | CE=0.1275 | TestAcc(local)=0.9624 | TestAcc(pers)=0.9617 | F1=0.9518 | Time=5.8s
2026-03-10 21:09:35,680 [CLIENT-1] Round 46: Starting local training...
2026-03-10 21:09:41,386 [CLIENT-1]   Round 46 done | Train loss=5.9872 | SupCon=6.4285 | CE=0.1244 | TestAcc(local)=0.9619 | TestAcc(pers)=0.9616 | F1=0.9517 | Time=5.7s
2026-03-10 21:10:11,449 [CLIENT-1] Round 47: Starting local training...
2026-03-10 21:10:17,154 [CLIENT-1]   Round 47 done | Train loss=5.9807 | SupCon=6.4220 | CE=0.1175 | TestAcc(local)=0.9619 | TestAcc(pers)=0.9616 | F1=0.9517 | Time=5.7s
2026-03-10 21:10:47,574 [CLIENT-1] Round 48: Starting local training...
2026-03-10 21:10:53,354 [CLIENT-1]   Round 48 done | Train loss=5.9833 | SupCon=6.4250 | CE=0.1150 | TestAcc(local)=0.9622 | TestAcc(pers)=0.9624 | F1=0.9526 | Time=5.8s
2026-03-10 21:11:23,750 [CLIENT-1] Round 49: Starting local training...
2026-03-10 21:11:29,794 [CLIENT-1]   Round 49 done | Train loss=5.9904 | SupCon=6.4327 | CE=0.1149 | TestAcc(local)=0.9624 | TestAcc(pers)=0.9616 | F1=0.9517 | Time=6.0s
2026-03-10 21:12:00,382 [CLIENT-1] Round 50: Starting local training...
2026-03-10 21:12:06,399 [CLIENT-1]   Round 50 done | Train loss=5.9809 | SupCon=6.4226 | CE=0.1121 | TestAcc(local)=0.9619 | TestAcc(pers)=0.9621 | F1=0.9523 | Time=6.0s
2026-03-10 21:12:40,586 [CLIENT-1] Round 51: Starting local training...
2026-03-10 21:12:46,608 [CLIENT-1]   Round 51 done | Train loss=5.9845 | SupCon=6.4265 | CE=0.1125 | TestAcc(local)=0.9620 | TestAcc(pers)=0.9617 | F1=0.9518 | Time=6.0s
2026-03-10 21:13:18,524 [CLIENT-1] Round 52: Starting local training...
2026-03-10 21:13:24,978 [CLIENT-1]   Round 52 done | Train loss=5.9846 | SupCon=6.4266 | CE=0.1133 | TestAcc(local)=0.9621 | TestAcc(pers)=0.9626 | F1=0.9528 | Time=6.5s
2026-03-10 21:13:56,297 [CLIENT-1] Round 53: Starting local training...
2026-03-10 21:14:02,602 [CLIENT-1]   Round 53 done | Train loss=5.9854 | SupCon=6.4276 | CE=0.1100 | TestAcc(local)=0.9621 | TestAcc(pers)=0.9625 | F1=0.9527 | Time=6.3s
2026-03-10 21:14:34,593 [CLIENT-1] Round 54: Starting local training...
2026-03-10 21:14:40,769 [CLIENT-1]   Round 54 done | Train loss=5.9799 | SupCon=6.4219 | CE=0.1083 | TestAcc(local)=0.9621 | TestAcc(pers)=0.9622 | F1=0.9524 | Time=6.2s
2026-03-10 21:15:12,371 [CLIENT-1] Round 55: Starting local training...
2026-03-10 21:15:18,298 [CLIENT-1]   Round 55 done | Train loss=5.9774 | SupCon=6.4196 | CE=0.1024 | TestAcc(local)=0.9624 | TestAcc(pers)=0.9626 | F1=0.9529 | Time=5.9s
2026-03-10 21:15:51,228 [CLIENT-1] Round 56: Starting local training...
2026-03-10 21:15:57,522 [CLIENT-1]   Round 56 done | Train loss=5.9833 | SupCon=6.4257 | CE=0.1049 | TestAcc(local)=0.9620 | TestAcc(pers)=0.9622 | F1=0.9524 | Time=6.3s
2026-03-10 21:16:28,970 [CLIENT-1] Round 57: Starting local training...
2026-03-10 21:16:35,166 [CLIENT-1]   Round 57 done | Train loss=5.9874 | SupCon=6.4301 | CE=0.1060 | TestAcc(local)=0.9621 | TestAcc(pers)=0.9618 | F1=0.9519 | Time=6.2s
2026-03-10 21:17:05,652 [CLIENT-1] Round 58: Starting local training...
2026-03-10 21:17:11,755 [CLIENT-1]   Round 58 done | Train loss=5.9815 | SupCon=6.4240 | CE=0.1033 | TestAcc(local)=0.9623 | TestAcc(pers)=0.9624 | F1=0.9526 | Time=6.1s
2026-03-10 21:17:43,263 [CLIENT-1] Round 59: Starting local training...
2026-03-10 21:17:49,584 [CLIENT-1]   Round 59 done | Train loss=5.9759 | SupCon=6.4180 | CE=0.1023 | TestAcc(local)=0.9624 | TestAcc(pers)=0.9621 | F1=0.9523 | Time=6.3s
2026-03-10 21:18:20,629 [CLIENT-1] Round 60: Starting local training...
2026-03-10 21:18:26,968 [CLIENT-1]   Round 60 done | Train loss=5.9789 | SupCon=6.4214 | CE=0.1012 | TestAcc(local)=0.9623 | TestAcc(pers)=0.9621 | F1=0.9523 | Time=6.3s
2026-03-10 21:18:58,531 [CLIENT-1] Round 61: Starting local training...
2026-03-10 21:19:04,641 [CLIENT-1]   Round 61 done | Train loss=5.9765 | SupCon=6.4192 | CE=0.0952 | TestAcc(local)=0.9619 | TestAcc(pers)=0.9617 | F1=0.9518 | Time=6.1s
2026-03-10 21:19:35,579 [CLIENT-1] Round 62: Starting local training...
2026-03-10 21:19:41,684 [CLIENT-1]   Round 62 done | Train loss=5.9805 | SupCon=6.4232 | CE=0.1001 | TestAcc(local)=0.9621 | TestAcc(pers)=0.9623 | F1=0.9525 | Time=6.1s
2026-03-10 21:20:14,617 [CLIENT-1] Round 63: Starting local training...
2026-03-10 21:20:20,781 [CLIENT-1]   Round 63 done | Train loss=5.9726 | SupCon=6.4150 | CE=0.0941 | TestAcc(local)=0.9623 | TestAcc(pers)=0.9621 | F1=0.9523 | Time=6.2s
2026-03-10 21:20:53,793 [CLIENT-1] Round 64: Starting local training...
2026-03-10 21:21:00,087 [CLIENT-1]   Round 64 done | Train loss=5.9784 | SupCon=6.4212 | CE=0.0958 | TestAcc(local)=0.9622 | TestAcc(pers)=0.9625 | F1=0.9527 | Time=6.3s
2026-03-10 21:21:31,778 [CLIENT-1] Round 65: Starting local training...
2026-03-10 21:21:37,921 [CLIENT-1]   Round 65 done | Train loss=5.9792 | SupCon=6.4221 | CE=0.0945 | TestAcc(local)=0.9623 | TestAcc(pers)=0.9628 | F1=0.9532 | Time=6.1s
2026-03-10 21:22:09,254 [CLIENT-1] Round 66: Starting local training...
2026-03-10 21:22:15,388 [CLIENT-1]   Round 66 done | Train loss=5.9781 | SupCon=6.4211 | CE=0.0924 | TestAcc(local)=0.9627 | TestAcc(pers)=0.9623 | F1=0.9525 | Time=6.1s
2026-03-10 21:22:46,850 [CLIENT-1] Round 67: Starting local training...
2026-03-10 21:22:53,317 [CLIENT-1]   Round 67 done | Train loss=5.9780 | SupCon=6.4212 | CE=0.0902 | TestAcc(local)=0.9626 | TestAcc(pers)=0.9626 | F1=0.9529 | Time=6.5s
2026-03-10 21:23:24,368 [CLIENT-1] Round 68: Starting local training...
2026-03-10 21:23:30,509 [CLIENT-1]   Round 68 done | Train loss=5.9746 | SupCon=6.4173 | CE=0.0921 | TestAcc(local)=0.9622 | TestAcc(pers)=0.9621 | F1=0.9523 | Time=6.1s
2026-03-10 21:24:02,238 [CLIENT-1] Round 69: Starting local training...
2026-03-10 21:24:08,212 [CLIENT-1]   Round 69 done | Train loss=5.9776 | SupCon=6.4205 | CE=0.0932 | TestAcc(local)=0.9626 | TestAcc(pers)=0.9623 | F1=0.9525 | Time=6.0s
2026-03-10 21:24:39,534 [CLIENT-1] Round 70: Starting local training...
2026-03-10 21:24:45,563 [CLIENT-1]   Round 70 done | Train loss=5.9701 | SupCon=6.4127 | CE=0.0901 | TestAcc(local)=0.9623 | TestAcc(pers)=0.9622 | F1=0.9524 | Time=6.0s
2026-03-10 21:25:17,801 [CLIENT-1] Round 71: Starting local training...
2026-03-10 21:25:23,908 [CLIENT-1]   Round 71 done | Train loss=5.9743 | SupCon=6.4174 | CE=0.0877 | TestAcc(local)=0.9623 | TestAcc(pers)=0.9623 | F1=0.9525 | Time=6.1s
2026-03-10 21:25:56,561 [CLIENT-1] Round 72: Starting local training...
2026-03-10 21:26:02,940 [CLIENT-1]   Round 72 done | Train loss=5.9728 | SupCon=6.4156 | CE=0.0892 | TestAcc(local)=0.9628 | TestAcc(pers)=0.9630 | F1=0.9534 | Time=6.4s
2026-03-10 21:26:34,983 [CLIENT-1] Round 73: Starting local training...
2026-03-10 21:26:41,485 [CLIENT-1]   Round 73 done | Train loss=5.9718 | SupCon=6.4148 | CE=0.0857 | TestAcc(local)=0.9624 | TestAcc(pers)=0.9619 | F1=0.9521 | Time=6.5s
2026-03-10 21:27:13,641 [CLIENT-1] Round 74: Starting local training...
2026-03-10 21:27:19,800 [CLIENT-1]   Round 74 done | Train loss=5.9705 | SupCon=6.4134 | CE=0.0870 | TestAcc(local)=0.9626 | TestAcc(pers)=0.9624 | F1=0.9526 | Time=6.2s
2026-03-10 21:27:52,485 [CLIENT-1] Round 75: Starting local training...
2026-03-10 21:27:58,804 [CLIENT-1]   Round 75 done | Train loss=5.9772 | SupCon=6.4206 | CE=0.0859 | TestAcc(local)=0.9623 | TestAcc(pers)=0.9622 | F1=0.9524 | Time=6.3s
2026-03-10 21:28:31,045 [CLIENT-1] Round 76: Starting local training...
2026-03-10 21:28:37,438 [CLIENT-1]   Round 76 done | Train loss=5.9730 | SupCon=6.4159 | CE=0.0891 | TestAcc(local)=0.9626 | TestAcc(pers)=0.9624 | F1=0.9526 | Time=6.4s
2026-03-10 21:29:10,422 [CLIENT-1] Round 77: Starting local training...
2026-03-10 21:29:16,669 [CLIENT-1]   Round 77 done | Train loss=5.9716 | SupCon=6.4146 | CE=0.0861 | TestAcc(local)=0.9629 | TestAcc(pers)=0.9624 | F1=0.9526 | Time=6.2s
2026-03-10 21:29:48,903 [CLIENT-1] Round 78: Starting local training...
2026-03-10 21:29:54,983 [CLIENT-1]   Round 78 done | Train loss=5.9743 | SupCon=6.4175 | CE=0.0861 | TestAcc(local)=0.9624 | TestAcc(pers)=0.9619 | F1=0.9520 | Time=6.1s
2026-03-10 21:30:27,087 [CLIENT-1] Round 79: Starting local training...
2026-03-10 21:30:33,049 [CLIENT-1]   Round 79 done | Train loss=5.9750 | SupCon=6.4184 | CE=0.0845 | TestAcc(local)=0.9623 | TestAcc(pers)=0.9622 | F1=0.9524 | Time=6.0s
2026-03-10 21:31:04,640 [CLIENT-1] Round 80: Starting local training...
2026-03-10 21:31:11,030 [CLIENT-1]   Round 80 done | Train loss=5.9730 | SupCon=6.4163 | CE=0.0842 | TestAcc(local)=0.9620 | TestAcc(pers)=0.9622 | F1=0.9524 | Time=6.4s
2026-03-10 21:31:42,494 [CLIENT-1] Round 81: Starting local training...
2026-03-10 21:31:48,539 [CLIENT-1]   Round 81 done | Train loss=5.9768 | SupCon=6.4204 | CE=0.0830 | TestAcc(local)=0.9623 | TestAcc(pers)=0.9622 | F1=0.9524 | Time=6.0s
2026-03-10 21:32:19,953 [CLIENT-1] Round 82: Starting local training...
2026-03-10 21:32:26,149 [CLIENT-1]   Round 82 done | Train loss=5.9700 | SupCon=6.4132 | CE=0.0823 | TestAcc(local)=0.9623 | TestAcc(pers)=0.9624 | F1=0.9526 | Time=6.2s
2026-03-10 21:32:57,737 [CLIENT-1] Round 83: Starting local training...
2026-03-10 21:33:03,737 [CLIENT-1]   Round 83 done | Train loss=5.9704 | SupCon=6.4137 | CE=0.0807 | TestAcc(local)=0.9620 | TestAcc(pers)=0.9624 | F1=0.9526 | Time=6.0s
2026-03-10 21:33:35,291 [CLIENT-1] Round 84: Starting local training...
2026-03-10 21:33:42,000 [CLIENT-1]   Round 84 done | Train loss=5.9707 | SupCon=6.4140 | CE=0.0807 | TestAcc(local)=0.9626 | TestAcc(pers)=0.9626 | F1=0.9529 | Time=6.7s
2026-03-10 21:34:14,568 [CLIENT-1] Round 85: Starting local training...
2026-03-10 21:34:20,865 [CLIENT-1]   Round 85 done | Train loss=5.9775 | SupCon=6.4210 | CE=0.0860 | TestAcc(local)=0.9625 | TestAcc(pers)=0.9628 | F1=0.9531 | Time=6.3s
2026-03-10 21:34:53,210 [CLIENT-1] Round 86: Starting local training...
2026-03-10 21:34:59,322 [CLIENT-1]   Round 86 done | Train loss=5.9688 | SupCon=6.4119 | CE=0.0822 | TestAcc(local)=0.9627 | TestAcc(pers)=0.9625 | F1=0.9527 | Time=6.1s
2026-03-10 21:35:31,681 [CLIENT-1] Round 87: Starting local training...
2026-03-10 21:35:38,100 [CLIENT-1]   Round 87 done | Train loss=5.9703 | SupCon=6.4138 | CE=0.0780 | TestAcc(local)=0.9619 | TestAcc(pers)=0.9618 | F1=0.9519 | Time=6.4s
2026-03-10 21:36:10,385 [CLIENT-1] Round 88: Starting local training...
2026-03-10 21:36:16,567 [CLIENT-1]   Round 88 done | Train loss=5.9769 | SupCon=6.4209 | CE=0.0788 | TestAcc(local)=0.9621 | TestAcc(pers)=0.9620 | F1=0.9522 | Time=6.2s
2026-03-10 21:36:48,814 [CLIENT-1] Round 89: Starting local training...
2026-03-10 21:36:55,232 [CLIENT-1]   Round 89 done | Train loss=5.9708 | SupCon=6.4141 | CE=0.0804 | TestAcc(local)=0.9623 | TestAcc(pers)=0.9624 | F1=0.9526 | Time=6.4s
2026-03-10 21:37:27,919 [CLIENT-1] Round 90: Starting local training...
2026-03-10 21:37:34,398 [CLIENT-1]   Round 90 done | Train loss=5.9703 | SupCon=6.4137 | CE=0.0791 | TestAcc(local)=0.9623 | TestAcc(pers)=0.9623 | F1=0.9525 | Time=6.5s
2026-03-10 21:38:07,086 [CLIENT-1] Round 91: Starting local training...
2026-03-10 21:38:13,369 [CLIENT-1]   Round 91 done | Train loss=5.9778 | SupCon=6.4217 | CE=0.0801 | TestAcc(local)=0.9621 | TestAcc(pers)=0.9622 | F1=0.9524 | Time=6.3s
2026-03-10 21:38:46,561 [CLIENT-1] Round 92: Starting local training...
2026-03-10 21:38:52,771 [CLIENT-1]   Round 92 done | Train loss=5.9606 | SupCon=6.4035 | CE=0.0768 | TestAcc(local)=0.9624 | TestAcc(pers)=0.9626 | F1=0.9528 | Time=6.2s
2026-03-10 21:39:25,630 [CLIENT-1] Round 93: Starting local training...
2026-03-10 21:39:32,119 [CLIENT-1]   Round 93 done | Train loss=5.9711 | SupCon=6.4143 | CE=0.0832 | TestAcc(local)=0.9625 | TestAcc(pers)=0.9623 | F1=0.9525 | Time=6.5s
2026-03-10 21:40:03,597 [CLIENT-1] Round 94: Starting local training...
2026-03-10 21:40:10,054 [CLIENT-1]   Round 94 done | Train loss=5.9616 | SupCon=6.4046 | CE=0.0766 | TestAcc(local)=0.9622 | TestAcc(pers)=0.9622 | F1=0.9524 | Time=6.5s
2026-03-10 21:40:41,952 [CLIENT-1] Round 95: Starting local training...
2026-03-10 21:40:48,179 [CLIENT-1]   Round 95 done | Train loss=5.9689 | SupCon=6.4124 | CE=0.0763 | TestAcc(local)=0.9624 | TestAcc(pers)=0.9623 | F1=0.9525 | Time=6.2s
2026-03-10 21:41:19,316 [CLIENT-1] Round 96: Starting local training...
2026-03-10 21:41:25,782 [CLIENT-1]   Round 96 done | Train loss=5.9667 | SupCon=6.4100 | CE=0.0769 | TestAcc(local)=0.9621 | TestAcc(pers)=0.9614 | F1=0.9515 | Time=6.5s
2026-03-10 21:41:57,020 [CLIENT-1] Round 97: Starting local training...
2026-03-10 21:42:03,199 [CLIENT-1]   Round 97 done | Train loss=5.9676 | SupCon=6.4110 | CE=0.0767 | TestAcc(local)=0.9626 | TestAcc(pers)=0.9623 | F1=0.9525 | Time=6.2s
2026-03-10 21:42:35,052 [CLIENT-1] Round 98: Starting local training...
2026-03-10 21:42:41,204 [CLIENT-1]   Round 98 done | Train loss=5.9690 | SupCon=6.4124 | CE=0.0783 | TestAcc(local)=0.9622 | TestAcc(pers)=0.9616 | F1=0.9517 | Time=6.2s
2026-03-10 21:43:12,694 [CLIENT-1] Round 99: Starting local training...
2026-03-10 21:43:18,902 [CLIENT-1]   Round 99 done | Train loss=5.9664 | SupCon=6.4099 | CE=0.0743 | TestAcc(local)=0.9625 | TestAcc(pers)=0.9623 | F1=0.9525 | Time=6.2s
2026-03-10 21:43:51,345 [CLIENT-1] Round 100: Starting local training...
2026-03-10 21:43:57,603 [CLIENT-1]   Round 100 done | Train loss=5.9649 | SupCon=6.4083 | CE=0.0743 | TestAcc(local)=0.9625 | TestAcc(pers)=0.9622 | F1=0.9524 | Time=6.3s
2026-03-10 21:44:30,505 [CLIENT-1] Received SHUTDOWN from server. Training complete.
2026-03-10 21:44:30,519 [CLIENT-1] Client done.
2026-03-26 12:28:20,819 [CLIENT-1] ============================================================
2026-03-26 12:28:20,819 [CLIENT-1] FeCoGraph Client 1
2026-03-26 12:28:20,819 [CLIENT-1] FL Scheme: DITTO
2026-03-26 12:28:20,822 [CLIENT-1] Device: cpu
2026-03-26 12:28:20,822 [CLIENT-1] ============================================================
2026-03-26 12:28:20,822 [CLIENT-1] Loading train graph from ./data\client_1_train.csv (label_col=Attack_ENCODED)
2026-03-26 12:28:21,870 [CLIENT-1] Loading test graph from ./data\client_1_test.csv
2026-03-26 12:28:23,607 [CLIENT-1] Train graph: 4,646 nodes | Test graph: 10,842 nodes
2026-03-26 12:28:23,609 [CLIENT-1] Label proportion: 30%  (1389 labeled nodes)
2026-03-26 12:28:23,609 [CLIENT-1] Label dist (train): tensor([1183,  217,    4,    1, 1682,    3,  455,   51,  649,   18,   24,   42,
         162,    0,  155])
2026-03-26 12:28:23,609 [CLIENT-1] Label dist (labeled subset): tensor([354,  65,   1,   1, 504,   1, 136,  15, 194,   5,   7,  12,  48,   0,
         46])
2026-03-26 12:28:23,613 [CLIENT-1] Connecting to server 127.0.0.1:9999...
2026-03-26 12:28:23,613 [CLIENT-1] Connected and registered with server.
2026-03-26 12:28:23,724 [CLIENT-1] Round 1: Starting local training...
2026-03-26 12:28:29,947 [CLIENT-1]   Round 1 done | Train loss=5.9226 | SupCon=6.1411 | CE=3.0201 | TestAcc(local)=0.0325 | TestAcc(pers)=0.0582 | F1=0.0454 | Time=6.2s
2026-03-26 12:29:00,350 [CLIENT-1] Round 2: Starting local training...
2026-03-26 12:29:07,044 [CLIENT-1]   Round 2 done | Train loss=5.7121 | SupCon=5.9226 | CE=2.9147 | TestAcc(local)=0.1221 | TestAcc(pers)=0.4567 | F1=0.1826 | Time=6.7s
2026-03-26 12:29:38,860 [CLIENT-1] Round 3: Starting local training...
2026-03-26 12:29:45,079 [CLIENT-1]   Round 3 done | Train loss=5.5970 | SupCon=5.7985 | CE=2.9194 | TestAcc(local)=0.2333 | TestAcc(pers)=0.5100 | F1=0.2717 | Time=6.2s
2026-03-26 12:30:16,964 [CLIENT-1] Round 4: Starting local training...
2026-03-26 12:30:23,048 [CLIENT-1]   Round 4 done | Train loss=5.5033 | SupCon=5.7120 | CE=2.7296 | TestAcc(local)=0.6697 | TestAcc(pers)=0.5199 | F1=0.2710 | Time=6.1s
2026-03-26 12:30:54,763 [CLIENT-1] Round 5: Starting local training...
2026-03-26 12:31:01,257 [CLIENT-1]   Round 5 done | Train loss=5.4462 | SupCon=5.6611 | CE=2.5916 | TestAcc(local)=0.6967 | TestAcc(pers)=0.5784 | F1=0.3014 | Time=6.5s
2026-03-26 12:31:32,605 [CLIENT-1] Round 6: Starting local training...
2026-03-26 12:31:38,542 [CLIENT-1]   Round 6 done | Train loss=5.3961 | SupCon=5.6136 | CE=2.5068 | TestAcc(local)=0.8257 | TestAcc(pers)=0.5749 | F1=0.3577 | Time=5.9s
2026-03-26 12:32:16,494 [CLIENT-1] Round 7: Starting local training...
2026-03-26 12:32:22,823 [CLIENT-1]   Round 7 done | Train loss=5.3561 | SupCon=5.5779 | CE=2.4101 | TestAcc(local)=0.8335 | TestAcc(pers)=0.5529 | F1=0.3113 | Time=6.3s
2026-03-26 12:32:53,388 [CLIENT-1] Round 8: Starting local training...
2026-03-26 12:32:59,187 [CLIENT-1]   Round 8 done | Train loss=5.3396 | SupCon=5.5468 | CE=2.5870 | TestAcc(local)=0.8400 | TestAcc(pers)=0.5210 | F1=0.3587 | Time=5.8s
2026-03-26 12:33:29,666 [CLIENT-1] Round 9: Starting local training...
2026-03-26 12:33:35,878 [CLIENT-1]   Round 9 done | Train loss=5.3152 | SupCon=5.5471 | CE=2.2349 | TestAcc(local)=0.8506 | TestAcc(pers)=0.5374 | F1=0.3589 | Time=6.2s
2026-03-26 12:34:05,996 [CLIENT-1] Round 10: Starting local training...
2026-03-26 12:34:11,585 [CLIENT-1]   Round 10 done | Train loss=5.2843 | SupCon=5.5181 | CE=2.1771 | TestAcc(local)=0.8531 | TestAcc(pers)=0.4826 | F1=0.3800 | Time=5.6s
2026-03-26 12:34:41,951 [CLIENT-1] Round 11: Starting local training...
2026-03-26 12:34:47,812 [CLIENT-1]   Round 11 done | Train loss=5.2640 | SupCon=5.5008 | CE=2.1180 | TestAcc(local)=0.8515 | TestAcc(pers)=0.2400 | F1=0.2899 | Time=5.9s
2026-03-26 12:35:17,811 [CLIENT-1] Round 12: Starting local training...
2026-03-26 12:35:24,013 [CLIENT-1]   Round 12 done | Train loss=5.2715 | SupCon=5.5040 | CE=2.1833 | TestAcc(local)=0.8495 | TestAcc(pers)=0.2298 | F1=0.2637 | Time=6.2s
2026-03-26 12:35:55,680 [CLIENT-1] Round 13: Starting local training...
2026-03-26 12:36:01,654 [CLIENT-1]   Round 13 done | Train loss=5.2378 | SupCon=5.4822 | CE=1.9913 | TestAcc(local)=0.8535 | TestAcc(pers)=0.2473 | F1=0.2983 | Time=6.0s
2026-03-26 12:36:32,153 [CLIENT-1] Round 14: Starting local training...
2026-03-26 12:36:38,145 [CLIENT-1]   Round 14 done | Train loss=5.2341 | SupCon=5.4745 | CE=2.0409 | TestAcc(local)=0.8521 | TestAcc(pers)=0.2368 | F1=0.2841 | Time=6.0s
2026-03-26 12:37:08,948 [CLIENT-1] Round 15: Starting local training...
2026-03-26 12:37:14,700 [CLIENT-1]   Round 15 done | Train loss=5.2241 | SupCon=5.4657 | CE=2.0145 | TestAcc(local)=0.9189 | TestAcc(pers)=0.5814 | F1=0.3933 | Time=5.8s
2026-03-26 12:37:45,227 [CLIENT-1] Round 16: Starting local training...
2026-03-26 12:37:51,597 [CLIENT-1]   Round 16 done | Train loss=5.2053 | SupCon=5.4630 | CE=1.7817 | TestAcc(local)=0.9211 | TestAcc(pers)=0.2500 | F1=0.2921 | Time=6.4s
2026-03-26 12:38:21,768 [CLIENT-1] Round 17: Starting local training...
2026-03-26 12:38:27,656 [CLIENT-1]   Round 17 done | Train loss=5.1992 | SupCon=5.4481 | CE=1.8920 | TestAcc(local)=0.9220 | TestAcc(pers)=0.2713 | F1=0.3054 | Time=5.9s
2026-03-26 12:38:59,170 [CLIENT-1] Round 18: Starting local training...
2026-03-26 12:39:05,055 [CLIENT-1]   Round 18 done | Train loss=5.1836 | SupCon=5.4519 | CE=1.6196 | TestAcc(local)=0.9219 | TestAcc(pers)=0.2942 | F1=0.3246 | Time=5.9s
2026-03-26 12:39:35,612 [CLIENT-1] Round 19: Starting local training...
2026-03-26 12:39:41,569 [CLIENT-1]   Round 19 done | Train loss=5.1790 | SupCon=5.4402 | CE=1.7086 | TestAcc(local)=0.9218 | TestAcc(pers)=0.3163 | F1=0.4175 | Time=6.0s
2026-03-26 12:40:11,576 [CLIENT-1] Round 20: Starting local training...
2026-03-26 12:40:17,487 [CLIENT-1]   Round 20 done | Train loss=5.1633 | SupCon=5.4319 | CE=1.5939 | TestAcc(local)=0.9228 | TestAcc(pers)=0.3075 | F1=0.3520 | Time=5.9s
2026-03-26 12:41:16,981 [CLIENT-1] Round 21: Starting local training...
2026-03-26 12:41:32,048 [CLIENT-1]   Round 21 done | Train loss=5.1620 | SupCon=5.4349 | CE=1.5367 | TestAcc(local)=0.9220 | TestAcc(pers)=0.3403 | F1=0.3162 | Time=15.1s
2026-03-26 12:42:51,722 [CLIENT-1] Round 22: Starting local training...
2026-03-26 12:43:06,405 [CLIENT-1]   Round 22 done | Train loss=5.1652 | SupCon=5.4398 | CE=1.5169 | TestAcc(local)=0.9234 | TestAcc(pers)=0.4021 | F1=0.3285 | Time=14.7s
2026-03-26 12:44:25,874 [CLIENT-1] Round 23: Starting local training...
2026-03-26 12:44:40,637 [CLIENT-1]   Round 23 done | Train loss=5.1640 | SupCon=5.4296 | CE=1.6354 | TestAcc(local)=0.9228 | TestAcc(pers)=0.7357 | F1=0.4912 | Time=14.8s
2026-03-26 12:46:12,340 [CLIENT-1] Round 24: Starting local training...
2026-03-26 12:46:26,918 [CLIENT-1]   Round 24 done | Train loss=5.1503 | SupCon=5.4214 | CE=1.5491 | TestAcc(local)=0.9346 | TestAcc(pers)=0.7624 | F1=0.4545 | Time=14.6s
2026-03-26 12:47:46,046 [CLIENT-1] Round 25: Starting local training...
2026-03-26 12:48:01,349 [CLIENT-1]   Round 25 done | Train loss=5.1398 | SupCon=5.4189 | CE=1.4320 | TestAcc(local)=0.9412 | TestAcc(pers)=0.6695 | F1=0.4511 | Time=15.3s
2026-03-26 12:49:22,260 [CLIENT-1] Round 26: Starting local training...
2026-03-26 12:49:37,323 [CLIENT-1]   Round 26 done | Train loss=5.1420 | SupCon=5.4146 | CE=1.5205 | TestAcc(local)=0.9414 | TestAcc(pers)=0.4390 | F1=0.3228 | Time=15.1s
2026-03-26 12:50:57,936 [CLIENT-1] Round 27: Starting local training...
2026-03-26 12:51:12,927 [CLIENT-1]   Round 27 done | Train loss=5.1355 | SupCon=5.4129 | CE=1.4505 | TestAcc(local)=0.9326 | TestAcc(pers)=0.7755 | F1=0.4903 | Time=15.0s
2026-03-26 12:52:33,902 [CLIENT-1] Round 28: Starting local training...
2026-03-26 12:52:48,300 [CLIENT-1]   Round 28 done | Train loss=5.1411 | SupCon=5.4131 | CE=1.5285 | TestAcc(local)=0.9390 | TestAcc(pers)=0.6992 | F1=0.4294 | Time=14.4s
2026-03-26 12:54:07,560 [CLIENT-1] Round 29: Starting local training...
2026-03-26 12:54:22,364 [CLIENT-1]   Round 29 done | Train loss=5.1266 | SupCon=5.4071 | CE=1.4007 | TestAcc(local)=0.9372 | TestAcc(pers)=0.7975 | F1=0.5965 | Time=14.8s
2026-03-26 12:55:41,871 [CLIENT-1] Round 30: Starting local training...
2026-03-26 12:55:56,884 [CLIENT-1]   Round 30 done | Train loss=5.1136 | SupCon=5.4041 | CE=1.2529 | TestAcc(local)=0.9317 | TestAcc(pers)=0.7424 | F1=0.4760 | Time=15.0s
2026-03-26 12:57:15,703 [CLIENT-1] Round 31: Starting local training...
2026-03-26 12:57:30,381 [CLIENT-1]   Round 31 done | Train loss=5.1189 | SupCon=5.4104 | CE=1.2454 | TestAcc(local)=0.9242 | TestAcc(pers)=0.7589 | F1=0.4581 | Time=14.7s
