2026-03-11 07:11:51,189 [CLIENT-0] ============================================================
2026-03-11 07:11:51,189 [CLIENT-0] FeCoGraph Client 0 (FedAvg mode)
2026-03-11 07:11:51,189 [CLIENT-0] ============================================================
2026-03-11 07:11:51,189 [CLIENT-0] Loading graphs (label_col=Label_ENCODED)
2026-03-11 07:11:56,888 [CLIENT-0] Train: 25,353 | Test: 59,159 | Labeled: 7604
2026-03-11 07:11:58,901 [CLIENT-0] Connecting to 127.0.0.1:9997...
2026-03-11 07:11:58,901 [CLIENT-0] Connected.
2026-03-11 07:12:32,647 [CLIENT-0]   Round 1 | Acc=0.0154 | F1=0.0154 | 33.7s
2026-03-11 07:13:08,878 [CLIENT-0]   Round 2 | Acc=0.0943 | F1=0.0879 | 36.2s
2026-03-11 07:13:46,539 [CLIENT-0]   Round 3 | Acc=0.7600 | F1=0.4514 | 37.6s
2026-03-11 07:14:26,134 [CLIENT-0]   Round 4 | Acc=0.9474 | F1=0.5662 | 39.6s
2026-03-11 07:15:04,615 [CLIENT-0]   Round 5 | Acc=0.9731 | F1=0.6285 | 38.5s
2026-03-11 07:15:43,247 [CLIENT-0]   Round 6 | Acc=0.9845 | F1=0.6917 | 38.6s
2026-03-11 07:16:24,611 [CLIENT-0]   Round 7 | Acc=0.9891 | F1=0.7359 | 41.3s
2026-03-11 07:17:03,014 [CLIENT-0]   Round 8 | Acc=0.9905 | F1=0.7524 | 38.4s
2026-03-11 07:17:39,479 [CLIENT-0]   Round 9 | Acc=0.9916 | F1=0.7680 | 36.4s
2026-03-11 07:18:15,136 [CLIENT-0]   Round 10 | Acc=0.9937 | F1=0.8042 | 35.6s
2026-03-11 07:23:38,632 [CLIENT-0]   Round 11 | Acc=0.9942 | F1=0.8128 | 323.5s
2026-03-11 07:24:20,491 [CLIENT-0]   Round 12 | Acc=0.9947 | F1=0.8231 | 41.8s
2026-03-11 07:24:55,310 [CLIENT-0]   Round 13 | Acc=0.9951 | F1=0.8325 | 34.8s
2026-03-11 07:25:30,055 [CLIENT-0]   Round 14 | Acc=0.9953 | F1=0.8384 | 34.7s
2026-03-11 07:26:04,701 [CLIENT-0]   Round 15 | Acc=0.9952 | F1=0.8352 | 34.6s
2026-03-11 07:26:39,501 [CLIENT-0]   Round 16 | Acc=0.9981 | F1=0.9197 | 34.8s
2026-03-11 07:27:14,406 [CLIENT-0]   Round 17 | Acc=0.9984 | F1=0.9309 | 34.9s
2026-03-11 07:27:49,211 [CLIENT-0]   Round 18 | Acc=0.9981 | F1=0.9197 | 34.8s
2026-03-11 07:29:13,647 [CLIENT-0]   Round 19 | Acc=0.9980 | F1=0.9166 | 84.4s
2026-03-11 07:30:43,975 [CLIENT-0]   Round 20 | Acc=0.9986 | F1=0.9394 | 90.3s
2026-03-11 07:32:14,477 [CLIENT-0]   Round 21 | Acc=0.9982 | F1=0.9234 | 90.4s
2026-03-11 07:33:32,625 [CLIENT-0]   Round 22 | Acc=0.9955 | F1=0.8428 | 78.1s
2026-03-11 07:34:05,919 [CLIENT-0]   Round 23 | Acc=0.9986 | F1=0.9381 | 33.3s
2026-03-11 07:34:40,382 [CLIENT-0]   Round 24 | Acc=0.9991 | F1=0.9582 | 34.4s
2026-03-11 07:35:14,451 [CLIENT-0]   Round 25 | Acc=0.9987 | F1=0.9401 | 34.0s
2026-03-11 07:35:48,754 [CLIENT-0]   Round 26 | Acc=0.9989 | F1=0.9476 | 34.3s
2026-03-11 07:36:22,904 [CLIENT-0]   Round 27 | Acc=0.9986 | F1=0.9368 | 34.1s
2026-03-11 07:36:57,360 [CLIENT-0]   Round 28 | Acc=0.9988 | F1=0.9441 | 34.4s
2026-03-11 07:37:31,917 [CLIENT-0]   Round 29 | Acc=0.9988 | F1=0.9469 | 34.5s
2026-03-11 07:38:07,723 [CLIENT-0]   Round 30 | Acc=0.9987 | F1=0.9408 | 35.8s
2026-03-11 07:38:43,691 [CLIENT-0]   Round 31 | Acc=0.9988 | F1=0.9469 | 35.9s
2026-03-11 07:39:19,684 [CLIENT-0]   Round 32 | Acc=0.9988 | F1=0.9462 | 36.0s
2026-03-11 07:39:55,489 [CLIENT-0]   Round 33 | Acc=0.9988 | F1=0.9448 | 35.8s
2026-03-11 07:40:31,150 [CLIENT-0]   Round 34 | Acc=0.9990 | F1=0.9517 | 35.6s
2026-03-11 07:41:06,739 [CLIENT-0]   Round 35 | Acc=0.9989 | F1=0.9496 | 35.6s
2026-03-11 07:41:42,453 [CLIENT-0]   Round 36 | Acc=0.9991 | F1=0.9582 | 35.7s
2026-03-11 07:42:18,498 [CLIENT-0]   Round 37 | Acc=0.9989 | F1=0.9510 | 36.0s
2026-03-11 07:42:54,739 [CLIENT-0]   Round 38 | Acc=0.9991 | F1=0.9560 | 36.2s
2026-03-11 07:43:30,598 [CLIENT-0]   Round 39 | Acc=0.9990 | F1=0.9525 | 35.8s
2026-03-11 07:44:06,962 [CLIENT-0]   Round 40 | Acc=0.9991 | F1=0.9560 | 36.3s
2026-03-11 07:44:43,089 [CLIENT-0]   Round 41 | Acc=0.9991 | F1=0.9589 | 36.1s
2026-03-11 07:45:19,045 [CLIENT-0]   Round 42 | Acc=0.9988 | F1=0.9469 | 35.9s
2026-03-11 07:45:55,185 [CLIENT-0]   Round 43 | Acc=0.9991 | F1=0.9589 | 36.1s
2026-03-11 07:46:31,273 [CLIENT-0]   Round 44 | Acc=0.9991 | F1=0.9589 | 36.1s
2026-03-11 07:47:07,536 [CLIENT-0]   Round 45 | Acc=0.9991 | F1=0.9567 | 36.2s
2026-03-11 07:47:43,808 [CLIENT-0]   Round 46 | Acc=0.9991 | F1=0.9596 | 36.3s
2026-03-11 07:48:19,671 [CLIENT-0]   Round 47 | Acc=0.9991 | F1=0.9577 | 35.8s
2026-03-11 07:48:56,264 [CLIENT-0]   Round 48 | Acc=0.9991 | F1=0.9560 | 36.6s
2026-03-11 07:49:32,278 [CLIENT-0]   Round 49 | Acc=0.9992 | F1=0.9611 | 36.0s
2026-03-11 07:50:08,650 [CLIENT-0]   Round 50 | Acc=0.9990 | F1=0.9532 | 36.4s
2026-03-11 07:50:44,541 [CLIENT-0]   Round 51 | Acc=0.9992 | F1=0.9640 | 35.9s
2026-03-11 07:51:20,801 [CLIENT-0]   Round 52 | Acc=0.9991 | F1=0.9589 | 36.2s
2026-03-11 07:51:56,970 [CLIENT-0]   Round 53 | Acc=0.9991 | F1=0.9596 | 36.2s
2026-03-11 07:52:33,359 [CLIENT-0]   Round 54 | Acc=0.9991 | F1=0.9589 | 36.4s
2026-03-11 07:53:09,484 [CLIENT-0]   Round 55 | Acc=0.9990 | F1=0.9553 | 36.1s
2026-03-11 07:53:46,048 [CLIENT-0]   Round 56 | Acc=0.9991 | F1=0.9589 | 36.6s
2026-03-11 07:54:22,575 [CLIENT-0]   Round 57 | Acc=0.9993 | F1=0.9648 | 36.5s
2026-03-11 07:54:58,899 [CLIENT-0]   Round 58 | Acc=0.9991 | F1=0.9596 | 36.3s
2026-03-11 07:55:35,251 [CLIENT-0]   Round 59 | Acc=0.9991 | F1=0.9567 | 36.3s
2026-03-11 07:56:11,681 [CLIENT-0]   Round 60 | Acc=0.9990 | F1=0.9549 | 36.4s
2026-03-11 07:56:47,905 [CLIENT-0]   Round 61 | Acc=0.9991 | F1=0.9575 | 36.2s
2026-03-11 07:57:24,374 [CLIENT-0]   Round 62 | Acc=0.9991 | F1=0.9582 | 36.5s
2026-03-11 07:58:00,538 [CLIENT-0]   Round 63 | Acc=0.9991 | F1=0.9557 | 36.1s
2026-03-11 07:58:36,938 [CLIENT-0]   Round 64 | Acc=0.9992 | F1=0.9604 | 36.4s
2026-03-11 07:59:13,688 [CLIENT-0]   Round 65 | Acc=0.9992 | F1=0.9604 | 36.7s
2026-03-11 07:59:49,837 [CLIENT-0]   Round 66 | Acc=0.9992 | F1=0.9626 | 36.1s
2026-03-11 08:00:26,531 [CLIENT-0]   Round 67 | Acc=0.9991 | F1=0.9589 | 36.7s
2026-03-11 08:01:02,859 [CLIENT-0]   Round 68 | Acc=0.9991 | F1=0.9575 | 36.3s
2026-03-11 08:01:39,353 [CLIENT-0]   Round 69 | Acc=0.9991 | F1=0.9589 | 36.5s
2026-03-11 08:02:16,098 [CLIENT-0]   Round 70 | Acc=0.9992 | F1=0.9604 | 36.7s
2026-03-11 08:03:45,500 [CLIENT-0]   Round 71 | Acc=0.9992 | F1=0.9633 | 89.4s
2026-03-11 08:05:16,122 [CLIENT-0]   Round 72 | Acc=0.9991 | F1=0.9560 | 90.6s
2026-03-11 08:06:47,572 [CLIENT-0]   Round 73 | Acc=0.9991 | F1=0.9567 | 91.4s
2026-03-11 08:08:18,923 [CLIENT-0]   Round 74 | Acc=0.9992 | F1=0.9611 | 91.3s
2026-03-11 08:09:49,443 [CLIENT-0]   Round 75 | Acc=0.9992 | F1=0.9640 | 90.5s
2026-03-11 08:11:20,305 [CLIENT-0]   Round 76 | Acc=0.9992 | F1=0.9633 | 90.8s
2026-03-11 08:12:51,493 [CLIENT-0]   Round 77 | Acc=0.9992 | F1=0.9621 | 91.1s
2026-03-11 08:13:42,257 [CLIENT-0]   Round 78 | Acc=0.9992 | F1=0.9628 | 50.7s
2026-03-11 08:14:49,392 [CLIENT-0]   Round 79 | Acc=0.9992 | F1=0.9621 | 67.1s
2026-03-11 08:15:29,639 [CLIENT-0]   Round 80 | Acc=0.9992 | F1=0.9633 | 40.2s
2026-03-11 08:16:06,533 [CLIENT-0]   Round 81 | Acc=0.9992 | F1=0.9618 | 36.9s
2026-03-11 08:16:42,072 [CLIENT-0]   Round 82 | Acc=0.9991 | F1=0.9582 | 35.5s
2026-03-11 08:17:17,851 [CLIENT-0]   Round 83 | Acc=0.9991 | F1=0.9594 | 35.8s
2026-03-11 08:17:53,754 [CLIENT-0]   Round 84 | Acc=0.9992 | F1=0.9613 | 35.9s
2026-03-11 08:18:29,638 [CLIENT-0]   Round 85 | Acc=0.9992 | F1=0.9611 | 35.9s
2026-03-11 08:19:05,657 [CLIENT-0]   Round 86 | Acc=0.9993 | F1=0.9670 | 36.0s
2026-03-11 08:19:41,801 [CLIENT-0]   Round 87 | Acc=0.9991 | F1=0.9588 | 36.1s
2026-03-11 08:20:46,921 [CLIENT-0]   Round 88 | Acc=0.9992 | F1=0.9611 | 65.1s
2026-03-11 08:22:16,358 [CLIENT-0]   Round 89 | Acc=0.9992 | F1=0.9640 | 89.4s
2026-03-11 08:23:46,899 [CLIENT-0]   Round 90 | Acc=0.9991 | F1=0.9575 | 90.5s
2026-03-11 08:25:16,887 [CLIENT-0]   Round 91 | Acc=0.9990 | F1=0.9546 | 89.9s
2026-03-11 08:26:47,293 [CLIENT-0]   Round 92 | Acc=0.9992 | F1=0.9640 | 90.4s
2026-03-11 08:28:17,304 [CLIENT-0]   Round 93 | Acc=0.9992 | F1=0.9610 | 90.0s
2026-03-11 08:29:47,556 [CLIENT-0]   Round 94 | Acc=0.9993 | F1=0.9655 | 90.2s
2026-03-11 08:31:17,636 [CLIENT-0]   Round 95 | Acc=0.9992 | F1=0.9613 | 90.0s
2026-03-11 08:32:47,663 [CLIENT-0]   Round 96 | Acc=0.9993 | F1=0.9650 | 90.0s
2026-03-11 08:34:17,858 [CLIENT-0]   Round 97 | Acc=0.9991 | F1=0.9589 | 90.1s
2026-03-11 08:35:47,432 [CLIENT-0]   Round 98 | Acc=0.9993 | F1=0.9678 | 89.5s
2026-03-11 08:37:17,481 [CLIENT-0]   Round 99 | Acc=0.9992 | F1=0.9640 | 90.0s
2026-03-11 08:38:47,262 [CLIENT-0]   Round 100 | Acc=0.9993 | F1=0.9655 | 89.7s
2026-03-11 08:38:47,310 [CLIENT-0] SHUTDOWN received.
2026-03-11 08:38:47,320 [CLIENT-0] Done.
