2026-03-11 07:11:52,263 [CLIENT-1] ============================================================
2026-03-11 07:11:52,263 [CLIENT-1] FeCoGraph Client 1 (FedAvg mode)
2026-03-11 07:11:52,263 [CLIENT-1] ============================================================
2026-03-11 07:11:52,265 [CLIENT-1] Loading graphs (label_col=Label_ENCODED)
2026-03-11 07:11:54,567 [CLIENT-1] Train: 4,646 | Test: 10,842 | Labeled: 1392
2026-03-11 07:11:56,642 [CLIENT-1] Connecting to 127.0.0.1:9997...
2026-03-11 07:11:56,656 [CLIENT-1] Connected.
2026-03-11 07:12:09,857 [CLIENT-1]   Round 1 | Acc=0.7717 | F1=0.5522 | 10.9s
2026-03-11 07:12:37,460 [CLIENT-1]   Round 2 | Acc=0.9220 | F1=0.8988 | 4.8s
2026-03-11 07:13:14,732 [CLIENT-1]   Round 3 | Acc=0.9258 | F1=0.9076 | 5.8s
2026-03-11 07:13:52,848 [CLIENT-1]   Round 4 | Acc=0.9357 | F1=0.9203 | 6.3s
2026-03-11 07:14:32,150 [CLIENT-1]   Round 5 | Acc=0.9363 | F1=0.9213 | 6.0s
2026-03-11 07:15:11,414 [CLIENT-1]   Round 6 | Acc=0.9370 | F1=0.9223 | 6.8s
2026-03-11 07:15:49,809 [CLIENT-1]   Round 7 | Acc=0.9369 | F1=0.9222 | 6.5s
2026-03-11 07:16:30,463 [CLIENT-1]   Round 8 | Acc=0.9378 | F1=0.9234 | 5.8s
2026-03-11 07:17:09,283 [CLIENT-1]   Round 9 | Acc=0.9378 | F1=0.9234 | 6.2s
2026-03-11 07:17:44,659 [CLIENT-1]   Round 10 | Acc=0.9388 | F1=0.9247 | 5.2s
2026-03-11 07:18:24,152 [CLIENT-1]   Round 11 | Acc=0.9387 | F1=0.9244 | 9.0s
2026-03-11 07:23:51,541 [CLIENT-1]   Round 12 | Acc=0.9501 | F1=0.9378 | 12.8s
2026-03-11 07:24:25,131 [CLIENT-1]   Round 13 | Acc=0.9498 | F1=0.9374 | 4.6s
2026-03-11 07:25:00,103 [CLIENT-1]   Round 14 | Acc=0.9508 | F1=0.9387 | 4.8s
2026-03-11 07:25:34,884 [CLIENT-1]   Round 15 | Acc=0.9524 | F1=0.9405 | 4.8s
2026-03-11 07:26:09,874 [CLIENT-1]   Round 16 | Acc=0.9538 | F1=0.9422 | 5.1s
2026-03-11 07:26:44,402 [CLIENT-1]   Round 17 | Acc=0.9538 | F1=0.9422 | 4.9s
2026-03-11 07:27:19,398 [CLIENT-1]   Round 18 | Acc=0.9541 | F1=0.9425 | 5.0s
2026-03-11 07:27:54,479 [CLIENT-1]   Round 19 | Acc=0.9555 | F1=0.9443 | 5.2s
2026-03-11 07:29:26,716 [CLIENT-1]   Round 20 | Acc=0.9551 | F1=0.9438 | 13.0s
2026-03-11 07:30:56,959 [CLIENT-1]   Round 21 | Acc=0.9547 | F1=0.9433 | 12.9s
2026-03-11 07:32:27,218 [CLIENT-1]   Round 22 | Acc=0.9543 | F1=0.9428 | 12.7s
2026-03-11 07:33:37,143 [CLIENT-1]   Round 23 | Acc=0.9622 | F1=0.9523 | 4.5s
2026-03-11 07:34:10,880 [CLIENT-1]   Round 24 | Acc=0.9622 | F1=0.9523 | 4.9s
2026-03-11 07:34:45,526 [CLIENT-1]   Round 25 | Acc=0.9624 | F1=0.9526 | 5.1s
2026-03-11 07:35:19,282 [CLIENT-1]   Round 26 | Acc=0.9618 | F1=0.9519 | 4.8s
2026-03-11 07:35:53,855 [CLIENT-1]   Round 27 | Acc=0.9625 | F1=0.9527 | 5.1s
2026-03-11 07:36:27,781 [CLIENT-1]   Round 28 | Acc=0.9619 | F1=0.9520 | 4.9s
2026-03-11 07:37:02,330 [CLIENT-1]   Round 29 | Acc=0.9612 | F1=0.9510 | 5.0s
2026-03-11 07:37:37,279 [CLIENT-1]   Round 30 | Acc=0.9620 | F1=0.9521 | 5.3s
2026-03-11 07:38:12,746 [CLIENT-1]   Round 31 | Acc=0.9619 | F1=0.9520 | 5.0s
2026-03-11 07:38:48,878 [CLIENT-1]   Round 32 | Acc=0.9620 | F1=0.9521 | 5.2s
2026-03-11 07:39:25,060 [CLIENT-1]   Round 33 | Acc=0.9623 | F1=0.9524 | 5.4s
2026-03-11 07:40:00,480 [CLIENT-1]   Round 34 | Acc=0.9621 | F1=0.9522 | 5.0s
2026-03-11 07:40:36,332 [CLIENT-1]   Round 35 | Acc=0.9620 | F1=0.9521 | 5.2s
2026-03-11 07:41:12,120 [CLIENT-1]   Round 36 | Acc=0.9619 | F1=0.9520 | 5.4s
2026-03-11 07:41:47,801 [CLIENT-1]   Round 37 | Acc=0.9626 | F1=0.9529 | 5.3s
2026-03-11 07:42:23,806 [CLIENT-1]   Round 38 | Acc=0.9617 | F1=0.9517 | 5.3s
2026-03-11 07:42:59,994 [CLIENT-1]   Round 39 | Acc=0.9625 | F1=0.9527 | 5.2s
2026-03-11 07:43:35,726 [CLIENT-1]   Round 40 | Acc=0.9623 | F1=0.9525 | 5.1s
2026-03-11 07:44:12,138 [CLIENT-1]   Round 41 | Acc=0.9622 | F1=0.9523 | 5.2s
2026-03-11 07:44:48,220 [CLIENT-1]   Round 42 | Acc=0.9624 | F1=0.9526 | 5.1s
2026-03-11 07:45:24,168 [CLIENT-1]   Round 43 | Acc=0.9622 | F1=0.9523 | 5.1s
2026-03-11 07:46:00,271 [CLIENT-1]   Round 44 | Acc=0.9626 | F1=0.9528 | 5.1s
2026-03-11 07:46:36,658 [CLIENT-1]   Round 45 | Acc=0.9619 | F1=0.9520 | 5.4s
2026-03-11 07:47:12,728 [CLIENT-1]   Round 46 | Acc=0.9626 | F1=0.9529 | 5.2s
2026-03-11 07:47:48,825 [CLIENT-1]   Round 47 | Acc=0.9626 | F1=0.9528 | 5.0s
2026-03-11 07:48:24,801 [CLIENT-1]   Round 48 | Acc=0.9625 | F1=0.9527 | 5.1s
2026-03-11 07:49:01,543 [CLIENT-1]   Round 49 | Acc=0.9623 | F1=0.9524 | 5.3s
2026-03-11 07:49:37,576 [CLIENT-1]   Round 50 | Acc=0.9624 | F1=0.9526 | 5.3s
2026-03-11 07:50:14,027 [CLIENT-1]   Round 51 | Acc=0.9617 | F1=0.9517 | 5.4s
2026-03-11 07:50:49,690 [CLIENT-1]   Round 52 | Acc=0.9624 | F1=0.9526 | 5.1s
2026-03-11 07:51:25,880 [CLIENT-1]   Round 53 | Acc=0.9623 | F1=0.9525 | 5.1s
2026-03-11 07:52:02,067 [CLIENT-1]   Round 54 | Acc=0.9621 | F1=0.9522 | 5.1s
2026-03-11 07:52:38,532 [CLIENT-1]   Round 55 | Acc=0.9626 | F1=0.9528 | 5.2s
2026-03-11 07:53:14,613 [CLIENT-1]   Round 56 | Acc=0.9626 | F1=0.9528 | 5.1s
2026-03-11 07:53:51,263 [CLIENT-1]   Round 57 | Acc=0.9622 | F1=0.9523 | 5.2s
2026-03-11 07:54:27,715 [CLIENT-1]   Round 58 | Acc=0.9623 | F1=0.9525 | 5.1s
2026-03-11 07:55:03,940 [CLIENT-1]   Round 59 | Acc=0.9623 | F1=0.9524 | 5.0s
2026-03-11 07:55:40,453 [CLIENT-1]   Round 60 | Acc=0.9623 | F1=0.9524 | 5.2s
2026-03-11 07:56:16,877 [CLIENT-1]   Round 61 | Acc=0.9625 | F1=0.9527 | 5.2s
2026-03-11 07:56:52,991 [CLIENT-1]   Round 62 | Acc=0.9615 | F1=0.9515 | 5.1s
2026-03-11 07:57:29,373 [CLIENT-1]   Round 63 | Acc=0.9619 | F1=0.9520 | 5.0s
2026-03-11 07:58:05,659 [CLIENT-1]   Round 64 | Acc=0.9623 | F1=0.9524 | 5.1s
2026-03-11 07:58:42,456 [CLIENT-1]   Round 65 | Acc=0.9614 | F1=0.9514 | 5.5s
2026-03-11 07:59:19,041 [CLIENT-1]   Round 66 | Acc=0.9610 | F1=0.9507 | 5.3s
2026-03-11 07:59:55,252 [CLIENT-1]   Round 67 | Acc=0.9619 | F1=0.9519 | 5.4s
2026-03-11 08:00:31,614 [CLIENT-1]   Round 68 | Acc=0.9614 | F1=0.9513 | 5.1s
2026-03-11 08:01:08,007 [CLIENT-1]   Round 69 | Acc=0.9614 | F1=0.9514 | 5.1s
2026-03-11 08:01:44,748 [CLIENT-1]   Round 70 | Acc=0.9615 | F1=0.9515 | 5.4s
2026-03-11 08:02:27,088 [CLIENT-1]   Round 71 | Acc=0.9625 | F1=0.9527 | 11.0s
2026-03-11 08:03:58,639 [CLIENT-1]   Round 72 | Acc=0.9617 | F1=0.9517 | 13.1s
2026-03-11 08:05:29,866 [CLIENT-1]   Round 73 | Acc=0.9620 | F1=0.9521 | 13.7s
2026-03-11 08:07:00,856 [CLIENT-1]   Round 74 | Acc=0.9620 | F1=0.9521 | 13.2s
2026-03-11 08:08:31,683 [CLIENT-1]   Round 75 | Acc=0.9626 | F1=0.9529 | 12.7s
2026-03-11 08:10:02,412 [CLIENT-1]   Round 76 | Acc=0.9612 | F1=0.9510 | 12.9s
2026-03-11 08:11:33,588 [CLIENT-1]   Round 77 | Acc=0.9624 | F1=0.9526 | 13.2s
2026-03-11 08:13:04,507 [CLIENT-1]   Round 78 | Acc=0.9613 | F1=0.9511 | 13.0s
2026-03-11 08:13:49,014 [CLIENT-1]   Round 79 | Acc=0.9625 | F1=0.9527 | 6.7s
2026-03-11 08:15:01,485 [CLIENT-1]   Round 80 | Acc=0.9619 | F1=0.9520 | 12.0s
2026-03-11 08:15:34,634 [CLIENT-1]   Round 81 | Acc=0.9614 | F1=0.9513 | 5.0s
2026-03-11 08:16:11,715 [CLIENT-1]   Round 82 | Acc=0.9626 | F1=0.9528 | 5.2s
2026-03-11 08:16:47,084 [CLIENT-1]   Round 83 | Acc=0.9612 | F1=0.9510 | 5.0s
2026-03-11 08:17:23,196 [CLIENT-1]   Round 84 | Acc=0.9626 | F1=0.9528 | 5.3s
2026-03-11 08:17:58,850 [CLIENT-1]   Round 85 | Acc=0.9614 | F1=0.9513 | 5.1s
2026-03-11 08:18:34,616 [CLIENT-1]   Round 86 | Acc=0.9623 | F1=0.9524 | 5.0s
2026-03-11 08:19:10,836 [CLIENT-1]   Round 87 | Acc=0.9612 | F1=0.9510 | 5.1s
2026-03-11 08:19:46,995 [CLIENT-1]   Round 88 | Acc=0.9607 | F1=0.9504 | 5.2s
2026-03-11 08:21:00,438 [CLIENT-1]   Round 89 | Acc=0.9612 | F1=0.9510 | 13.5s
2026-03-11 08:22:29,879 [CLIENT-1]   Round 90 | Acc=0.9619 | F1=0.9519 | 13.5s
2026-03-11 08:23:59,881 [CLIENT-1]   Round 91 | Acc=0.9622 | F1=0.9523 | 12.9s
2026-03-11 08:25:30,545 [CLIENT-1]   Round 92 | Acc=0.9616 | F1=0.9515 | 13.6s
2026-03-11 08:27:00,378 [CLIENT-1]   Round 93 | Acc=0.9613 | F1=0.9510 | 13.0s
2026-03-11 08:28:30,147 [CLIENT-1]   Round 94 | Acc=0.9614 | F1=0.9513 | 12.8s
2026-03-11 08:30:00,540 [CLIENT-1]   Round 95 | Acc=0.9615 | F1=0.9514 | 12.9s
2026-03-11 08:31:30,320 [CLIENT-1]   Round 96 | Acc=0.9598 | F1=0.9491 | 12.6s
2026-03-11 08:33:00,692 [CLIENT-1]   Round 97 | Acc=0.9622 | F1=0.9523 | 13.0s
2026-03-11 08:34:30,688 [CLIENT-1]   Round 98 | Acc=0.9619 | F1=0.9519 | 12.8s
2026-03-11 08:36:00,786 [CLIENT-1]   Round 99 | Acc=0.9605 | F1=0.9501 | 13.3s
2026-03-11 08:37:30,250 [CLIENT-1]   Round 100 | Acc=0.9621 | F1=0.9521 | 12.7s
2026-03-11 08:38:47,299 [CLIENT-1] SHUTDOWN received.
2026-03-11 08:38:47,310 [CLIENT-1] Done.
