2026-03-10 22:25:36,464 [CLIENT-0] ============================================================
2026-03-10 22:25:36,464 [CLIENT-0] FeCoGraph Client 0 (SSLCon mode)
2026-03-10 22:25:36,464 [CLIENT-0] FL Scheme: DITTO | Device: cpu
2026-03-10 22:25:36,464 [CLIENT-0] ============================================================
2026-03-10 22:25:36,464 [CLIENT-0] Loading train graph from ./data\client_0_train.csv (label_col=Label_ENCODED)
2026-03-10 22:25:37,197 [CLIENT-0] Loading test graph from ./data\client_0_test.csv
2026-03-10 22:25:40,196 [CLIENT-0] Train: 25,353 nodes | Test: 59,159 nodes | Labeled: 7604
2026-03-10 22:25:42,208 [CLIENT-0] Connecting to server 127.0.0.1:9998...
2026-03-10 22:25:42,208 [CLIENT-0] Connected and registered.
2026-03-10 22:26:18,425 [CLIENT-0]   Round 1 | Loss=6.5011 | Acc(L)=0.8693 | Acc(P)=0.9947 | F1(P)=0.7391 | 36.2s
2026-03-10 22:26:56,449 [CLIENT-0]   Round 2 | Loss=6.4757 | Acc(L)=0.9228 | Acc(P)=0.9914 | F1(P)=0.7456 | 38.0s
2026-03-10 22:27:34,640 [CLIENT-0]   Round 3 | Loss=6.4666 | Acc(L)=0.9535 | Acc(P)=0.9848 | F1(P)=0.6794 | 38.2s
2026-03-10 22:28:12,601 [CLIENT-0]   Round 4 | Loss=6.4611 | Acc(L)=0.9706 | Acc(P)=0.9643 | F1(P)=0.5959 | 37.9s
2026-03-10 22:28:50,334 [CLIENT-0]   Round 5 | Loss=6.4568 | Acc(L)=0.9794 | Acc(P)=0.9748 | F1(P)=0.6303 | 37.7s
2026-03-10 22:29:26,841 [CLIENT-0]   Round 6 | Loss=6.4526 | Acc(L)=0.9836 | Acc(P)=0.9520 | F1(P)=0.5707 | 36.5s
2026-03-10 22:30:04,754 [CLIENT-0]   Round 7 | Loss=6.4494 | Acc(L)=0.9852 | Acc(P)=0.9704 | F1(P)=0.6138 | 37.9s
2026-03-10 22:30:42,110 [CLIENT-0]   Round 8 | Loss=6.4449 | Acc(L)=0.9891 | Acc(P)=0.9723 | F1(P)=0.6205 | 37.3s
2026-03-10 22:31:18,935 [CLIENT-0]   Round 9 | Loss=6.4412 | Acc(L)=0.9892 | Acc(P)=0.9651 | F1(P)=0.5982 | 36.8s
2026-03-10 22:31:56,671 [CLIENT-0]   Round 10 | Loss=6.4370 | Acc(L)=0.9933 | Acc(P)=0.9744 | F1(P)=0.6289 | 37.7s
2026-03-10 22:32:33,690 [CLIENT-0]   Round 11 | Loss=6.4331 | Acc(L)=0.9937 | Acc(P)=0.9770 | F1(P)=0.6403 | 37.0s
2026-03-10 22:33:10,929 [CLIENT-0]   Round 12 | Loss=6.4292 | Acc(L)=0.9937 | Acc(P)=0.9837 | F1(P)=0.6793 | 37.2s
2026-03-10 22:33:48,223 [CLIENT-0]   Round 13 | Loss=6.4285 | Acc(L)=0.9969 | Acc(P)=0.9821 | F1(P)=0.6685 | 37.3s
2026-03-10 22:34:26,615 [CLIENT-0]   Round 14 | Loss=6.4281 | Acc(L)=0.9974 | Acc(P)=0.9810 | F1(P)=0.6617 | 38.4s
2026-03-10 22:35:05,978 [CLIENT-0]   Round 15 | Loss=6.4272 | Acc(L)=0.9973 | Acc(P)=0.9856 | F1(P)=0.6948 | 39.3s
2026-03-10 22:35:44,966 [CLIENT-0]   Round 16 | Loss=6.4256 | Acc(L)=0.9977 | Acc(P)=0.9903 | F1(P)=0.7440 | 39.0s
2026-03-10 22:36:23,800 [CLIENT-0]   Round 17 | Loss=6.4238 | Acc(L)=0.9976 | Acc(P)=0.9837 | F1(P)=0.6789 | 38.8s
2026-03-10 22:37:02,870 [CLIENT-0]   Round 18 | Loss=6.4251 | Acc(L)=0.9977 | Acc(P)=0.9894 | F1(P)=0.7328 | 39.0s
2026-03-10 22:37:41,861 [CLIENT-0]   Round 19 | Loss=6.4221 | Acc(L)=0.9978 | Acc(P)=0.9882 | F1(P)=0.7186 | 39.0s
2026-03-10 22:38:21,460 [CLIENT-0]   Round 20 | Loss=6.4232 | Acc(L)=0.9981 | Acc(P)=0.9855 | F1(P)=0.6934 | 39.6s
2026-03-10 22:39:00,249 [CLIENT-0]   Round 21 | Loss=6.4227 | Acc(L)=0.9975 | Acc(P)=0.9898 | F1(P)=0.7371 | 38.7s
2026-03-10 22:39:39,011 [CLIENT-0]   Round 22 | Loss=6.4242 | Acc(L)=0.9942 | Acc(P)=0.9892 | F1(P)=0.7306 | 38.7s
2026-03-10 22:40:18,450 [CLIENT-0]   Round 23 | Loss=6.4215 | Acc(L)=0.9975 | Acc(P)=0.9956 | F1(P)=0.8400 | 39.4s
2026-03-10 22:40:57,516 [CLIENT-0]   Round 24 | Loss=6.4221 | Acc(L)=0.9978 | Acc(P)=0.9953 | F1(P)=0.8309 | 39.0s
2026-03-10 22:41:36,297 [CLIENT-0]   Round 25 | Loss=6.4207 | Acc(L)=0.9948 | Acc(P)=0.9857 | F1(P)=0.6955 | 38.8s
2026-03-10 22:42:15,312 [CLIENT-0]   Round 26 | Loss=6.4199 | Acc(L)=0.9972 | Acc(P)=0.9901 | F1(P)=0.7412 | 39.0s
2026-03-10 22:42:54,732 [CLIENT-0]   Round 27 | Loss=6.4223 | Acc(L)=0.9976 | Acc(P)=0.9975 | F1(P)=0.8878 | 39.4s
2026-03-10 22:43:33,782 [CLIENT-0]   Round 28 | Loss=6.4202 | Acc(L)=0.9980 | Acc(P)=0.9861 | F1(P)=0.6985 | 39.0s
2026-03-10 22:44:12,986 [CLIENT-0]   Round 29 | Loss=6.4191 | Acc(L)=0.9982 | Acc(P)=0.9919 | F1(P)=0.7668 | 39.2s
2026-03-10 22:44:51,518 [CLIENT-0]   Round 30 | Loss=6.4189 | Acc(L)=0.9980 | Acc(P)=0.9896 | F1(P)=0.7352 | 38.5s
2026-03-10 22:45:31,161 [CLIENT-0]   Round 31 | Loss=6.4198 | Acc(L)=0.9980 | Acc(P)=0.9962 | F1(P)=0.8541 | 39.6s
2026-03-10 22:46:10,174 [CLIENT-0]   Round 32 | Loss=6.4194 | Acc(L)=0.9983 | Acc(P)=0.9965 | F1(P)=0.8630 | 39.0s
2026-03-10 22:46:48,910 [CLIENT-0]   Round 33 | Loss=6.4179 | Acc(L)=0.9986 | Acc(P)=0.9846 | F1(P)=0.6859 | 38.7s
2026-03-10 22:47:27,620 [CLIENT-0]   Round 34 | Loss=6.4200 | Acc(L)=0.9975 | Acc(P)=0.9935 | F1(P)=0.7947 | 38.7s
2026-03-10 22:48:06,953 [CLIENT-0]   Round 35 | Loss=6.4169 | Acc(L)=0.9981 | Acc(P)=0.9939 | F1(P)=0.8010 | 39.3s
2026-03-10 22:48:46,691 [CLIENT-0]   Round 36 | Loss=6.4175 | Acc(L)=0.9987 | Acc(P)=0.9935 | F1(P)=0.7938 | 39.7s
2026-03-10 22:49:25,748 [CLIENT-0]   Round 37 | Loss=6.4166 | Acc(L)=0.9982 | Acc(P)=0.9942 | F1(P)=0.8078 | 39.0s
2026-03-10 22:50:04,818 [CLIENT-0]   Round 38 | Loss=6.4164 | Acc(L)=0.9986 | Acc(P)=0.9980 | F1(P)=0.9113 | 39.1s
2026-03-10 22:50:44,011 [CLIENT-0]   Round 39 | Loss=6.4168 | Acc(L)=0.9981 | Acc(P)=0.9977 | F1(P)=0.9023 | 39.2s
2026-03-10 22:51:22,755 [CLIENT-0]   Round 40 | Loss=6.4170 | Acc(L)=0.9982 | Acc(P)=0.9934 | F1(P)=0.7928 | 38.7s
2026-03-10 22:52:01,540 [CLIENT-0]   Round 41 | Loss=6.4157 | Acc(L)=0.9981 | Acc(P)=0.9989 | F1(P)=0.9463 | 38.8s
2026-03-10 22:52:40,662 [CLIENT-0]   Round 42 | Loss=6.4166 | Acc(L)=0.9988 | Acc(P)=0.9975 | F1(P)=0.8960 | 39.1s
2026-03-10 22:53:20,265 [CLIENT-0]   Round 43 | Loss=6.4162 | Acc(L)=0.9982 | Acc(P)=0.9979 | F1(P)=0.9100 | 39.6s
2026-03-10 22:53:59,930 [CLIENT-0]   Round 44 | Loss=6.4159 | Acc(L)=0.9986 | Acc(P)=0.9968 | F1(P)=0.8781 | 39.6s
2026-03-10 22:54:39,147 [CLIENT-0]   Round 45 | Loss=6.4143 | Acc(L)=0.9989 | Acc(P)=0.9988 | F1(P)=0.9470 | 39.2s
2026-03-10 22:55:18,326 [CLIENT-0]   Round 46 | Loss=6.4158 | Acc(L)=0.9990 | Acc(P)=0.9975 | F1(P)=0.8965 | 39.2s
2026-03-10 22:55:57,676 [CLIENT-0]   Round 47 | Loss=6.4147 | Acc(L)=0.9984 | Acc(P)=0.9983 | F1(P)=0.9261 | 39.3s
2026-03-10 22:56:36,913 [CLIENT-0]   Round 48 | Loss=6.4192 | Acc(L)=0.9986 | Acc(P)=0.9984 | F1(P)=0.9258 | 39.2s
2026-03-10 22:57:15,766 [CLIENT-0]   Round 49 | Loss=6.4147 | Acc(L)=0.9989 | Acc(P)=0.9986 | F1(P)=0.9344 | 38.8s
2026-03-10 22:57:54,962 [CLIENT-0]   Round 50 | Loss=6.4145 | Acc(L)=0.9986 | Acc(P)=0.9985 | F1(P)=0.9331 | 39.2s
2026-03-10 22:58:34,666 [CLIENT-0]   Round 51 | Loss=6.4144 | Acc(L)=0.9988 | Acc(P)=0.9983 | F1(P)=0.9282 | 39.7s
2026-03-10 22:59:14,208 [CLIENT-0]   Round 52 | Loss=6.4144 | Acc(L)=0.9987 | Acc(P)=0.9920 | F1(P)=0.7696 | 39.5s
2026-03-10 22:59:53,120 [CLIENT-0]   Round 53 | Loss=6.4129 | Acc(L)=0.9988 | Acc(P)=0.9979 | F1(P)=0.9112 | 38.9s
2026-03-10 23:00:32,220 [CLIENT-0]   Round 54 | Loss=6.4151 | Acc(L)=0.9990 | Acc(P)=0.9985 | F1(P)=0.9345 | 39.1s
2026-03-10 23:01:11,843 [CLIENT-0]   Round 55 | Loss=6.4136 | Acc(L)=0.9989 | Acc(P)=0.9989 | F1(P)=0.9463 | 39.6s
2026-03-10 23:01:51,068 [CLIENT-0]   Round 56 | Loss=6.4140 | Acc(L)=0.9984 | Acc(P)=0.9987 | F1(P)=0.9378 | 39.2s
2026-03-10 23:02:29,972 [CLIENT-0]   Round 57 | Loss=6.4134 | Acc(L)=0.9985 | Acc(P)=0.9990 | F1(P)=0.9499 | 38.9s
2026-03-10 23:03:08,610 [CLIENT-0]   Round 58 | Loss=6.4132 | Acc(L)=0.9989 | Acc(P)=0.9983 | F1(P)=0.9225 | 38.6s
2026-03-10 23:03:48,465 [CLIENT-0]   Round 59 | Loss=6.4125 | Acc(L)=0.9988 | Acc(P)=0.9991 | F1(P)=0.9599 | 39.8s
2026-03-10 23:04:27,525 [CLIENT-0]   Round 60 | Loss=6.4137 | Acc(L)=0.9988 | Acc(P)=0.9993 | F1(P)=0.9650 | 39.0s
2026-03-10 23:05:06,806 [CLIENT-0]   Round 61 | Loss=6.4145 | Acc(L)=0.9988 | Acc(P)=0.9991 | F1(P)=0.9599 | 39.3s
2026-03-10 23:05:46,599 [CLIENT-0]   Round 62 | Loss=6.4133 | Acc(L)=0.9987 | Acc(P)=0.9991 | F1(P)=0.9563 | 39.8s
2026-03-10 23:06:25,371 [CLIENT-0]   Round 63 | Loss=6.4144 | Acc(L)=0.9990 | Acc(P)=0.9991 | F1(P)=0.9599 | 38.8s
2026-03-10 23:07:04,208 [CLIENT-0]   Round 64 | Loss=6.4137 | Acc(L)=0.9987 | Acc(P)=0.9992 | F1(P)=0.9613 | 38.8s
2026-03-10 23:07:43,443 [CLIENT-0]   Round 65 | Loss=6.4117 | Acc(L)=0.9990 | Acc(P)=0.9991 | F1(P)=0.9558 | 39.2s
2026-03-10 23:08:21,900 [CLIENT-0]   Round 66 | Loss=6.4134 | Acc(L)=0.9990 | Acc(P)=0.9990 | F1(P)=0.9528 | 38.4s
2026-03-10 23:09:01,290 [CLIENT-0]   Round 67 | Loss=6.4129 | Acc(L)=0.9989 | Acc(P)=0.9992 | F1(P)=0.9588 | 39.4s
2026-03-10 23:09:40,629 [CLIENT-0]   Round 68 | Loss=6.4110 | Acc(L)=0.9987 | Acc(P)=0.9958 | F1(P)=0.8502 | 39.3s
2026-03-10 23:10:19,325 [CLIENT-0]   Round 69 | Loss=6.4136 | Acc(L)=0.9964 | Acc(P)=0.9991 | F1(P)=0.9580 | 38.7s
2026-03-10 23:10:58,315 [CLIENT-0]   Round 70 | Loss=6.4127 | Acc(L)=0.9982 | Acc(P)=0.9990 | F1(P)=0.9514 | 39.0s
2026-03-10 23:11:37,226 [CLIENT-0]   Round 71 | Loss=6.4113 | Acc(L)=0.9990 | Acc(P)=0.9991 | F1(P)=0.9558 | 38.9s
2026-03-10 23:12:15,902 [CLIENT-0]   Round 72 | Loss=6.4115 | Acc(L)=0.9985 | Acc(P)=0.9992 | F1(P)=0.9596 | 38.7s
2026-03-10 23:12:54,921 [CLIENT-0]   Round 73 | Loss=6.4125 | Acc(L)=0.9989 | Acc(P)=0.9994 | F1(P)=0.9710 | 39.0s
2026-03-10 23:13:33,848 [CLIENT-0]   Round 74 | Loss=6.4121 | Acc(L)=0.9990 | Acc(P)=0.9994 | F1(P)=0.9702 | 38.9s
2026-03-10 23:14:13,140 [CLIENT-0]   Round 75 | Loss=6.4152 | Acc(L)=0.9989 | Acc(P)=0.9990 | F1(P)=0.9536 | 39.3s
2026-03-10 23:14:52,395 [CLIENT-0]   Round 76 | Loss=6.4126 | Acc(L)=0.9989 | Acc(P)=0.9992 | F1(P)=0.9588 | 39.2s
2026-03-10 23:15:32,245 [CLIENT-0]   Round 77 | Loss=6.4127 | Acc(L)=0.9989 | Acc(P)=0.9992 | F1(P)=0.9596 | 39.8s
2026-03-10 23:16:11,232 [CLIENT-0]   Round 78 | Loss=6.4109 | Acc(L)=0.9990 | Acc(P)=0.9990 | F1(P)=0.9556 | 39.0s
2026-03-10 23:16:50,509 [CLIENT-0]   Round 79 | Loss=6.4127 | Acc(L)=0.9982 | Acc(P)=0.9993 | F1(P)=0.9672 | 39.3s
2026-03-10 23:17:28,852 [CLIENT-0]   Round 80 | Loss=6.4114 | Acc(L)=0.9983 | Acc(P)=0.9990 | F1(P)=0.9499 | 38.3s
2026-03-10 23:18:07,589 [CLIENT-0]   Round 81 | Loss=6.4135 | Acc(L)=0.9987 | Acc(P)=0.9991 | F1(P)=0.9577 | 38.7s
2026-03-10 23:18:46,203 [CLIENT-0]   Round 82 | Loss=6.4120 | Acc(L)=0.9990 | Acc(P)=0.9993 | F1(P)=0.9680 | 38.6s
2026-03-10 23:19:24,868 [CLIENT-0]   Round 83 | Loss=6.4116 | Acc(L)=0.9990 | Acc(P)=0.9993 | F1(P)=0.9657 | 38.6s
2026-03-10 23:20:03,293 [CLIENT-0]   Round 84 | Loss=6.4118 | Acc(L)=0.9990 | Acc(P)=0.9993 | F1(P)=0.9657 | 38.4s
2026-03-10 23:20:41,936 [CLIENT-0]   Round 85 | Loss=6.4110 | Acc(L)=0.9989 | Acc(P)=0.9992 | F1(P)=0.9606 | 38.6s
2026-03-10 23:21:19,998 [CLIENT-0]   Round 86 | Loss=6.4124 | Acc(L)=0.9988 | Acc(P)=0.9992 | F1(P)=0.9635 | 38.0s
2026-03-10 23:21:57,755 [CLIENT-0]   Round 87 | Loss=6.4114 | Acc(L)=0.9986 | Acc(P)=0.9992 | F1(P)=0.9635 | 37.7s
2026-03-10 23:22:36,136 [CLIENT-0]   Round 88 | Loss=6.4131 | Acc(L)=0.9982 | Acc(P)=0.9992 | F1(P)=0.9628 | 38.4s
2026-03-10 23:23:14,603 [CLIENT-0]   Round 89 | Loss=6.4132 | Acc(L)=0.9989 | Acc(P)=0.9993 | F1(P)=0.9687 | 38.4s
2026-03-10 23:23:53,142 [CLIENT-0]   Round 90 | Loss=6.4130 | Acc(L)=0.9985 | Acc(P)=0.9994 | F1(P)=0.9710 | 38.5s
2026-03-10 23:24:30,940 [CLIENT-0]   Round 91 | Loss=6.4115 | Acc(L)=0.9960 | Acc(P)=0.9992 | F1(P)=0.9628 | 37.8s
2026-03-10 23:25:09,176 [CLIENT-0]   Round 92 | Loss=6.4121 | Acc(L)=0.9988 | Acc(P)=0.9991 | F1(P)=0.9584 | 38.2s
2026-03-10 23:25:47,362 [CLIENT-0]   Round 93 | Loss=6.4109 | Acc(L)=0.9989 | Acc(P)=0.9994 | F1(P)=0.9702 | 38.2s
2026-03-10 23:26:25,659 [CLIENT-0]   Round 94 | Loss=6.4113 | Acc(L)=0.9965 | Acc(P)=0.9991 | F1(P)=0.9592 | 38.3s
2026-03-10 23:27:03,288 [CLIENT-0]   Round 95 | Loss=6.4109 | Acc(L)=0.9989 | Acc(P)=0.9990 | F1(P)=0.9556 | 37.6s
2026-03-10 23:27:41,198 [CLIENT-0]   Round 96 | Loss=6.4106 | Acc(L)=0.9989 | Acc(P)=0.9992 | F1(P)=0.9621 | 37.9s
2026-03-10 23:28:19,023 [CLIENT-0]   Round 97 | Loss=6.4117 | Acc(L)=0.9988 | Acc(P)=0.9994 | F1(P)=0.9702 | 37.8s
2026-03-10 23:28:56,840 [CLIENT-0]   Round 98 | Loss=6.4126 | Acc(L)=0.9985 | Acc(P)=0.9993 | F1(P)=0.9665 | 37.8s
2026-03-10 23:29:34,608 [CLIENT-0]   Round 99 | Loss=6.4123 | Acc(L)=0.9983 | Acc(P)=0.9990 | F1(P)=0.9556 | 37.7s
2026-03-10 23:30:12,841 [CLIENT-0]   Round 100 | Loss=6.4109 | Acc(L)=0.9984 | Acc(P)=0.9994 | F1(P)=0.9710 | 38.2s
2026-03-10 23:30:12,865 [CLIENT-0] Received SHUTDOWN. Done.
2026-03-10 23:30:12,877 [CLIENT-0] Client done.
