2026-03-10 22:25:37,449 [CLIENT-1] ============================================================
2026-03-10 22:25:37,449 [CLIENT-1] FeCoGraph Client 1 (SSLCon mode)
2026-03-10 22:25:37,449 [CLIENT-1] FL Scheme: DITTO | Device: cpu
2026-03-10 22:25:37,449 [CLIENT-1] ============================================================
2026-03-10 22:25:37,449 [CLIENT-1] Loading train graph from ./data\client_1_train.csv (label_col=Label_ENCODED)
2026-03-10 22:25:38,068 [CLIENT-1] Loading test graph from ./data\client_1_test.csv
2026-03-10 22:25:38,921 [CLIENT-1] Train: 4,646 nodes | Test: 10,842 nodes | Labeled: 1392
2026-03-10 22:25:40,927 [CLIENT-1] Connecting to server 127.0.0.1:9998...
2026-03-10 22:25:40,928 [CLIENT-1] Connected and registered.
2026-03-10 22:25:48,057 [CLIENT-1]   Round 1 | Loss=6.2725 | Acc(L)=0.4322 | Acc(P)=0.8154 | F1(P)=0.7390 | 5.8s
2026-03-10 22:26:25,953 [CLIENT-1]   Round 2 | Loss=6.1849 | Acc(L)=0.7125 | Acc(P)=0.8975 | F1(P)=0.8725 | 7.5s
2026-03-10 22:27:02,587 [CLIENT-1]   Round 3 | Loss=6.1604 | Acc(L)=0.8800 | Acc(P)=0.9014 | F1(P)=0.8819 | 6.1s
2026-03-10 22:27:40,864 [CLIENT-1]   Round 4 | Loss=6.1349 | Acc(L)=0.9305 | Acc(P)=0.9291 | F1(P)=0.9128 | 6.2s
2026-03-10 22:28:18,895 [CLIENT-1]   Round 5 | Loss=6.1219 | Acc(L)=0.9339 | Acc(P)=0.9300 | F1(P)=0.9140 | 6.3s
2026-03-10 22:28:56,160 [CLIENT-1]   Round 6 | Loss=6.1080 | Acc(L)=0.9345 | Acc(P)=0.9298 | F1(P)=0.9139 | 5.8s
2026-03-10 22:29:32,560 [CLIENT-1]   Round 7 | Loss=6.0958 | Acc(L)=0.9338 | Acc(P)=0.9317 | F1(P)=0.9161 | 5.7s
2026-03-10 22:30:11,418 [CLIENT-1]   Round 8 | Loss=6.0898 | Acc(L)=0.9339 | Acc(P)=0.9323 | F1(P)=0.9168 | 6.6s
2026-03-10 22:30:47,964 [CLIENT-1]   Round 9 | Loss=6.0778 | Acc(L)=0.9368 | Acc(P)=0.9331 | F1(P)=0.9176 | 5.8s
2026-03-10 22:31:24,862 [CLIENT-1]   Round 10 | Loss=6.0705 | Acc(L)=0.9350 | Acc(P)=0.9336 | F1(P)=0.9183 | 5.9s
2026-03-10 22:32:02,617 [CLIENT-1]   Round 11 | Loss=6.0604 | Acc(L)=0.9376 | Acc(P)=0.9372 | F1(P)=0.9223 | 5.9s
2026-03-10 22:32:39,767 [CLIENT-1]   Round 12 | Loss=6.0528 | Acc(L)=0.9391 | Acc(P)=0.9346 | F1(P)=0.9194 | 6.0s
2026-03-10 22:33:17,056 [CLIENT-1]   Round 13 | Loss=6.0508 | Acc(L)=0.9400 | Acc(P)=0.9359 | F1(P)=0.9209 | 6.1s
2026-03-10 22:33:54,284 [CLIENT-1]   Round 14 | Loss=6.0429 | Acc(L)=0.9408 | Acc(P)=0.9345 | F1(P)=0.9192 | 6.0s
2026-03-10 22:34:33,118 [CLIENT-1]   Round 15 | Loss=6.0398 | Acc(L)=0.9471 | Acc(P)=0.9344 | F1(P)=0.9192 | 6.5s
2026-03-10 22:35:12,259 [CLIENT-1]   Round 16 | Loss=6.0384 | Acc(L)=0.9475 | Acc(P)=0.9373 | F1(P)=0.9224 | 6.2s
2026-03-10 22:35:51,151 [CLIENT-1]   Round 17 | Loss=6.0379 | Acc(L)=0.9480 | Acc(P)=0.9366 | F1(P)=0.9216 | 6.2s
2026-03-10 22:36:29,981 [CLIENT-1]   Round 18 | Loss=6.0310 | Acc(L)=0.9482 | Acc(P)=0.9369 | F1(P)=0.9220 | 6.1s
2026-03-10 22:37:09,123 [CLIENT-1]   Round 19 | Loss=6.0302 | Acc(L)=0.9477 | Acc(P)=0.9353 | F1(P)=0.9201 | 6.2s
2026-03-10 22:37:48,203 [CLIENT-1]   Round 20 | Loss=6.0235 | Acc(L)=0.9480 | Acc(P)=0.9489 | F1(P)=0.9359 | 6.3s
2026-03-10 22:38:27,532 [CLIENT-1]   Round 21 | Loss=6.0237 | Acc(L)=0.9468 | Acc(P)=0.9489 | F1(P)=0.9361 | 6.0s
2026-03-10 22:39:06,375 [CLIENT-1]   Round 22 | Loss=6.0199 | Acc(L)=0.9497 | Acc(P)=0.9457 | F1(P)=0.9322 | 6.1s
2026-03-10 22:39:45,235 [CLIENT-1]   Round 23 | Loss=6.0136 | Acc(L)=0.9503 | Acc(P)=0.9502 | F1(P)=0.9377 | 6.2s
2026-03-10 22:40:24,605 [CLIENT-1]   Round 24 | Loss=6.0111 | Acc(L)=0.9497 | Acc(P)=0.9567 | F1(P)=0.9453 | 6.1s
2026-03-10 22:41:03,573 [CLIENT-1]   Round 25 | Loss=6.0104 | Acc(L)=0.9497 | Acc(P)=0.9576 | F1(P)=0.9465 | 6.0s
2026-03-10 22:41:42,510 [CLIENT-1]   Round 26 | Loss=6.0106 | Acc(L)=0.9602 | Acc(P)=0.9573 | F1(P)=0.9461 | 6.2s
2026-03-10 22:42:21,891 [CLIENT-1]   Round 27 | Loss=6.0103 | Acc(L)=0.9602 | Acc(P)=0.9578 | F1(P)=0.9468 | 6.6s
2026-03-10 22:43:00,892 [CLIENT-1]   Round 28 | Loss=6.0012 | Acc(L)=0.9606 | Acc(P)=0.9578 | F1(P)=0.9469 | 6.1s
2026-03-10 22:43:40,122 [CLIENT-1]   Round 29 | Loss=6.0049 | Acc(L)=0.9608 | Acc(P)=0.9612 | F1(P)=0.9509 | 6.3s
2026-03-10 22:44:19,153 [CLIENT-1]   Round 30 | Loss=5.9965 | Acc(L)=0.9607 | Acc(P)=0.9613 | F1(P)=0.9510 | 6.1s
2026-03-10 22:44:58,003 [CLIENT-1]   Round 31 | Loss=5.9969 | Acc(L)=0.9602 | Acc(P)=0.9609 | F1(P)=0.9506 | 6.5s
2026-03-10 22:45:37,253 [CLIENT-1]   Round 32 | Loss=5.9954 | Acc(L)=0.9605 | Acc(P)=0.9610 | F1(P)=0.9507 | 6.1s
2026-03-10 22:46:16,281 [CLIENT-1]   Round 33 | Loss=6.0011 | Acc(L)=0.9598 | Acc(P)=0.9614 | F1(P)=0.9512 | 6.1s
2026-03-10 22:46:55,119 [CLIENT-1]   Round 34 | Loss=5.9973 | Acc(L)=0.9602 | Acc(P)=0.9610 | F1(P)=0.9507 | 6.2s
2026-03-10 22:47:33,764 [CLIENT-1]   Round 35 | Loss=5.9902 | Acc(L)=0.9608 | Acc(P)=0.9614 | F1(P)=0.9513 | 6.1s
2026-03-10 22:48:13,196 [CLIENT-1]   Round 36 | Loss=5.9865 | Acc(L)=0.9602 | Acc(P)=0.9609 | F1(P)=0.9506 | 6.2s
2026-03-10 22:48:52,922 [CLIENT-1]   Round 37 | Loss=5.9903 | Acc(L)=0.9608 | Acc(P)=0.9612 | F1(P)=0.9509 | 6.2s
2026-03-10 22:49:31,986 [CLIENT-1]   Round 38 | Loss=5.9923 | Acc(L)=0.9603 | Acc(P)=0.9607 | F1(P)=0.9504 | 6.2s
2026-03-10 22:50:11,090 [CLIENT-1]   Round 39 | Loss=5.9895 | Acc(L)=0.9604 | Acc(P)=0.9611 | F1(P)=0.9508 | 6.2s
2026-03-10 22:50:50,090 [CLIENT-1]   Round 40 | Loss=5.9934 | Acc(L)=0.9601 | Acc(P)=0.9606 | F1(P)=0.9503 | 6.1s
2026-03-10 22:51:28,949 [CLIENT-1]   Round 41 | Loss=5.9864 | Acc(L)=0.9607 | Acc(P)=0.9613 | F1(P)=0.9511 | 6.2s
2026-03-10 22:52:08,093 [CLIENT-1]   Round 42 | Loss=5.9840 | Acc(L)=0.9604 | Acc(P)=0.9605 | F1(P)=0.9501 | 6.5s
2026-03-10 22:52:46,932 [CLIENT-1]   Round 43 | Loss=5.9837 | Acc(L)=0.9607 | Acc(P)=0.9606 | F1(P)=0.9502 | 6.2s
2026-03-10 22:53:26,861 [CLIENT-1]   Round 44 | Loss=5.9839 | Acc(L)=0.9606 | Acc(P)=0.9602 | F1(P)=0.9498 | 6.6s
2026-03-10 22:54:06,531 [CLIENT-1]   Round 45 | Loss=5.9823 | Acc(L)=0.9604 | Acc(P)=0.9606 | F1(P)=0.9503 | 6.6s
2026-03-10 22:54:45,656 [CLIENT-1]   Round 46 | Loss=5.9914 | Acc(L)=0.9606 | Acc(P)=0.9606 | F1(P)=0.9503 | 6.5s
2026-03-10 22:55:24,896 [CLIENT-1]   Round 47 | Loss=5.9872 | Acc(L)=0.9603 | Acc(P)=0.9599 | F1(P)=0.9493 | 6.5s
2026-03-10 22:56:04,198 [CLIENT-1]   Round 48 | Loss=5.9863 | Acc(L)=0.9605 | Acc(P)=0.9606 | F1(P)=0.9503 | 6.5s
2026-03-10 22:56:43,149 [CLIENT-1]   Round 49 | Loss=5.9837 | Acc(L)=0.9600 | Acc(P)=0.9611 | F1(P)=0.9508 | 6.2s
2026-03-10 22:57:22,066 [CLIENT-1]   Round 50 | Loss=5.9824 | Acc(L)=0.9601 | Acc(P)=0.9607 | F1(P)=0.9504 | 6.3s
2026-03-10 22:58:01,656 [CLIENT-1]   Round 51 | Loss=5.9843 | Acc(L)=0.9604 | Acc(P)=0.9605 | F1(P)=0.9501 | 6.7s
2026-03-10 22:58:41,073 [CLIENT-1]   Round 52 | Loss=5.9752 | Acc(L)=0.9600 | Acc(P)=0.9612 | F1(P)=0.9509 | 6.4s
2026-03-10 22:59:20,345 [CLIENT-1]   Round 53 | Loss=5.9798 | Acc(L)=0.9607 | Acc(P)=0.9614 | F1(P)=0.9513 | 6.1s
2026-03-10 22:59:59,707 [CLIENT-1]   Round 54 | Loss=5.9825 | Acc(L)=0.9614 | Acc(P)=0.9606 | F1(P)=0.9502 | 6.6s
2026-03-10 23:00:38,613 [CLIENT-1]   Round 55 | Loss=5.9826 | Acc(L)=0.9601 | Acc(P)=0.9611 | F1(P)=0.9508 | 6.4s
2026-03-10 23:01:18,319 [CLIENT-1]   Round 56 | Loss=5.9765 | Acc(L)=0.9605 | Acc(P)=0.9601 | F1(P)=0.9496 | 6.5s
2026-03-10 23:01:57,385 [CLIENT-1]   Round 57 | Loss=5.9784 | Acc(L)=0.9602 | Acc(P)=0.9602 | F1(P)=0.9498 | 6.3s
2026-03-10 23:02:36,128 [CLIENT-1]   Round 58 | Loss=5.9783 | Acc(L)=0.9602 | Acc(P)=0.9575 | F1(P)=0.9460 | 6.1s
2026-03-10 23:03:15,015 [CLIENT-1]   Round 59 | Loss=5.9737 | Acc(L)=0.9603 | Acc(P)=0.9598 | F1(P)=0.9491 | 6.4s
2026-03-10 23:03:54,692 [CLIENT-1]   Round 60 | Loss=5.9746 | Acc(L)=0.9601 | Acc(P)=0.9606 | F1(P)=0.9503 | 6.2s
2026-03-10 23:04:34,142 [CLIENT-1]   Round 61 | Loss=5.9791 | Acc(L)=0.9602 | Acc(P)=0.9603 | F1(P)=0.9499 | 6.6s
2026-03-10 23:05:13,009 [CLIENT-1]   Round 62 | Loss=5.9764 | Acc(L)=0.9596 | Acc(P)=0.9593 | F1(P)=0.9486 | 6.2s
2026-03-10 23:05:52,741 [CLIENT-1]   Round 63 | Loss=5.9699 | Acc(L)=0.9601 | Acc(P)=0.9602 | F1(P)=0.9498 | 6.1s
2026-03-10 23:06:31,562 [CLIENT-1]   Round 64 | Loss=5.9732 | Acc(L)=0.9590 | Acc(P)=0.9602 | F1(P)=0.9498 | 6.2s
2026-03-10 23:07:10,425 [CLIENT-1]   Round 65 | Loss=5.9759 | Acc(L)=0.9596 | Acc(P)=0.9596 | F1(P)=0.9489 | 6.2s
2026-03-10 23:07:49,979 [CLIENT-1]   Round 66 | Loss=5.9694 | Acc(L)=0.9593 | Acc(P)=0.9598 | F1(P)=0.9491 | 6.5s
2026-03-10 23:08:28,280 [CLIENT-1]   Round 67 | Loss=5.9807 | Acc(L)=0.9598 | Acc(P)=0.9600 | F1(P)=0.9495 | 6.4s
2026-03-10 23:09:07,881 [CLIENT-1]   Round 68 | Loss=5.9819 | Acc(L)=0.9596 | Acc(P)=0.9587 | F1(P)=0.9476 | 6.6s
2026-03-10 23:09:46,827 [CLIENT-1]   Round 69 | Loss=5.9758 | Acc(L)=0.9600 | Acc(P)=0.9583 | F1(P)=0.9471 | 6.2s
2026-03-10 23:10:25,699 [CLIENT-1]   Round 70 | Loss=5.9744 | Acc(L)=0.9597 | Acc(P)=0.9612 | F1(P)=0.9509 | 6.4s
2026-03-10 23:11:04,747 [CLIENT-1]   Round 71 | Loss=5.9715 | Acc(L)=0.9591 | Acc(P)=0.9577 | F1(P)=0.9462 | 6.4s
2026-03-10 23:11:43,361 [CLIENT-1]   Round 72 | Loss=5.9758 | Acc(L)=0.9592 | Acc(P)=0.9609 | F1(P)=0.9506 | 6.1s
2026-03-10 23:12:22,284 [CLIENT-1]   Round 73 | Loss=5.9743 | Acc(L)=0.9596 | Acc(P)=0.9587 | F1(P)=0.9475 | 6.4s
2026-03-10 23:13:01,282 [CLIENT-1]   Round 74 | Loss=5.9703 | Acc(L)=0.9595 | Acc(P)=0.9582 | F1(P)=0.9469 | 6.3s
2026-03-10 23:13:40,008 [CLIENT-1]   Round 75 | Loss=5.9764 | Acc(L)=0.9599 | Acc(P)=0.9605 | F1(P)=0.9500 | 6.1s
2026-03-10 23:14:19,433 [CLIENT-1]   Round 76 | Loss=5.9655 | Acc(L)=0.9598 | Acc(P)=0.9612 | F1(P)=0.9509 | 6.3s
2026-03-10 23:14:59,156 [CLIENT-1]   Round 77 | Loss=5.9753 | Acc(L)=0.9606 | Acc(P)=0.9607 | F1(P)=0.9502 | 6.7s
2026-03-10 23:15:38,441 [CLIENT-1]   Round 78 | Loss=5.9703 | Acc(L)=0.9605 | Acc(P)=0.9613 | F1(P)=0.9510 | 6.2s
2026-03-10 23:16:17,600 [CLIENT-1]   Round 79 | Loss=5.9716 | Acc(L)=0.9588 | Acc(P)=0.9592 | F1(P)=0.9483 | 6.3s
2026-03-10 23:16:56,563 [CLIENT-1]   Round 80 | Loss=5.9732 | Acc(L)=0.9599 | Acc(P)=0.9613 | F1(P)=0.9510 | 6.0s
2026-03-10 23:17:34,912 [CLIENT-1]   Round 81 | Loss=5.9667 | Acc(L)=0.9602 | Acc(P)=0.9609 | F1(P)=0.9505 | 6.0s
2026-03-10 23:18:13,870 [CLIENT-1]   Round 82 | Loss=5.9715 | Acc(L)=0.9599 | Acc(P)=0.9594 | F1(P)=0.9486 | 6.3s
2026-03-10 23:18:52,322 [CLIENT-1]   Round 83 | Loss=5.9755 | Acc(L)=0.9591 | Acc(P)=0.9594 | F1(P)=0.9485 | 6.1s
2026-03-10 23:19:31,461 [CLIENT-1]   Round 84 | Loss=5.9761 | Acc(L)=0.9606 | Acc(P)=0.9600 | F1(P)=0.9493 | 6.6s
2026-03-10 23:20:09,485 [CLIENT-1]   Round 85 | Loss=5.9828 | Acc(L)=0.9592 | Acc(P)=0.9598 | F1(P)=0.9490 | 6.2s
2026-03-10 23:20:47,930 [CLIENT-1]   Round 86 | Loss=5.9761 | Acc(L)=0.9589 | Acc(P)=0.9614 | F1(P)=0.9512 | 6.0s
2026-03-10 23:21:26,346 [CLIENT-1]   Round 87 | Loss=5.9656 | Acc(L)=0.9595 | Acc(P)=0.9590 | F1(P)=0.9479 | 6.3s
2026-03-10 23:22:03,926 [CLIENT-1]   Round 88 | Loss=5.9730 | Acc(L)=0.9598 | Acc(P)=0.9615 | F1(P)=0.9514 | 6.2s
2026-03-10 23:22:42,469 [CLIENT-1]   Round 89 | Loss=5.9717 | Acc(L)=0.9595 | Acc(P)=0.9581 | F1(P)=0.9468 | 6.3s
2026-03-10 23:23:20,981 [CLIENT-1]   Round 90 | Loss=5.9689 | Acc(L)=0.9598 | Acc(P)=0.9609 | F1(P)=0.9505 | 6.4s
2026-03-10 23:23:59,502 [CLIENT-1]   Round 91 | Loss=5.9642 | Acc(L)=0.9600 | Acc(P)=0.9581 | F1(P)=0.9468 | 6.3s
2026-03-10 23:24:36,937 [CLIENT-1]   Round 92 | Loss=5.9766 | Acc(L)=0.9581 | Acc(P)=0.9573 | F1(P)=0.9458 | 6.0s
2026-03-10 23:25:15,217 [CLIENT-1]   Round 93 | Loss=5.9720 | Acc(L)=0.9595 | Acc(P)=0.9610 | F1(P)=0.9506 | 6.0s
2026-03-10 23:25:53,809 [CLIENT-1]   Round 94 | Loss=5.9725 | Acc(L)=0.9591 | Acc(P)=0.9599 | F1(P)=0.9492 | 6.4s
2026-03-10 23:26:31,707 [CLIENT-1]   Round 95 | Loss=5.9703 | Acc(L)=0.9580 | Acc(P)=0.9600 | F1(P)=0.9493 | 6.0s
2026-03-10 23:27:09,754 [CLIENT-1]   Round 96 | Loss=5.9725 | Acc(L)=0.9587 | Acc(P)=0.9585 | F1(P)=0.9473 | 6.4s
2026-03-10 23:27:47,191 [CLIENT-1]   Round 97 | Loss=5.9734 | Acc(L)=0.9598 | Acc(P)=0.9591 | F1(P)=0.9482 | 6.0s
2026-03-10 23:28:24,916 [CLIENT-1]   Round 98 | Loss=5.9666 | Acc(L)=0.9590 | Acc(P)=0.9599 | F1(P)=0.9492 | 5.9s
2026-03-10 23:29:02,761 [CLIENT-1]   Round 99 | Loss=5.9632 | Acc(L)=0.9592 | Acc(P)=0.9596 | F1(P)=0.9488 | 5.9s
2026-03-10 23:29:40,639 [CLIENT-1]   Round 100 | Loss=5.9693 | Acc(L)=0.9599 | Acc(P)=0.9599 | F1(P)=0.9493 | 6.0s
2026-03-10 23:30:12,859 [CLIENT-1] Received SHUTDOWN. Done.
2026-03-10 23:30:12,869 [CLIENT-1] Client done.
