2026-03-08 13:15:51,812 [CLIENT-1] ============================================================
2026-03-08 13:15:51,813 [CLIENT-1] FeCoGraph Client 1
2026-03-08 13:15:51,813 [CLIENT-1] FL Scheme: DITTO
2026-03-08 13:15:51,813 [CLIENT-1] Device: cpu
2026-03-08 13:15:51,813 [CLIENT-1] ============================================================
2026-03-08 13:15:51,813 [CLIENT-1] Loading train graph from ./data\client_1_train.csv
2026-03-08 13:15:52,663 [CLIENT-1] Loading test graph from ./data\client_1_test.csv
2026-03-08 13:15:53,567 [CLIENT-1] Train graph: 4,646 nodes | Test graph: 10,842 nodes
2026-03-08 13:15:53,567 [CLIENT-1] Label proportion: 30%  (1392 labeled nodes)
2026-03-08 13:15:53,568 [CLIENT-1] Label dist (train): tensor([1183, 3463])
2026-03-08 13:15:53,570 [CLIENT-1] Label dist (labeled subset): tensor([ 354, 1038])
2026-03-08 13:15:53,574 [CLIENT-1] Connecting to server 127.0.0.1:9999...
2026-03-08 13:15:53,574 [CLIENT-1] Connected and registered with server.
2026-03-08 13:15:53,617 [CLIENT-1] Round 1: Starting local training...
2026-03-08 13:16:01,605 [CLIENT-1]   Round 1 done | Train loss=6.2876 | SupCon=6.7124 | CE=0.6439 | TestAcc(local)=0.3828 | TestAcc(pers)=0.7783 | F1=0.7421 | Time=8.0s
2026-03-08 13:16:34,135 [CLIENT-1] Round 2: Starting local training...
2026-03-08 13:16:40,645 [CLIENT-1]   Round 2 done | Train loss=6.2026 | SupCon=6.6261 | CE=0.5757 | TestAcc(local)=0.8555 | TestAcc(pers)=0.8284 | F1=0.8014 | Time=6.5s
2026-03-08 13:17:13,997 [CLIENT-1] Round 3: Starting local training...
2026-03-08 13:17:20,762 [CLIENT-1]   Round 3 done | Train loss=6.1634 | SupCon=6.5893 | CE=0.5053 | TestAcc(local)=0.8849 | TestAcc(pers)=0.8961 | F1=0.8770 | Time=6.8s
2026-03-08 13:17:53,914 [CLIENT-1] Round 4: Starting local training...
2026-03-08 13:18:01,202 [CLIENT-1]   Round 4 done | Train loss=6.1354 | SupCon=6.5635 | CE=0.4483 | TestAcc(local)=0.8863 | TestAcc(pers)=0.9266 | F1=0.9103 | Time=7.3s
2026-03-08 13:18:36,463 [CLIENT-1] Round 5: Starting local training...
2026-03-08 13:18:44,038 [CLIENT-1]   Round 5 done | Train loss=6.1133 | SupCon=6.5427 | CE=0.4078 | TestAcc(local)=0.8865 | TestAcc(pers)=0.9294 | F1=0.9138 | Time=7.6s
2026-03-08 13:19:21,333 [CLIENT-1] Round 6: Starting local training...
2026-03-08 13:19:28,904 [CLIENT-1]   Round 6 done | Train loss=6.0898 | SupCon=6.5201 | CE=0.3730 | TestAcc(local)=0.8868 | TestAcc(pers)=0.9327 | F1=0.9175 | Time=7.6s
2026-03-08 13:20:05,656 [CLIENT-1] Round 7: Starting local training...
2026-03-08 13:20:13,660 [CLIENT-1]   Round 7 done | Train loss=6.0775 | SupCon=6.5085 | CE=0.3513 | TestAcc(local)=0.8878 | TestAcc(pers)=0.9358 | F1=0.9212 | Time=8.0s
2026-03-08 13:20:50,558 [CLIENT-1] Round 8: Starting local training...
2026-03-08 13:20:57,859 [CLIENT-1]   Round 8 done | Train loss=6.0695 | SupCon=6.5010 | CE=0.3364 | TestAcc(local)=0.8882 | TestAcc(pers)=0.9369 | F1=0.9224 | Time=7.3s
2026-03-08 13:21:35,306 [CLIENT-1] Round 9: Starting local training...
2026-03-08 13:21:42,961 [CLIENT-1]   Round 9 done | Train loss=6.0598 | SupCon=6.4913 | CE=0.3272 | TestAcc(local)=0.8884 | TestAcc(pers)=0.9365 | F1=0.9218 | Time=7.7s
2026-03-08 13:22:16,625 [CLIENT-1] Round 10: Starting local training...
2026-03-08 13:22:23,221 [CLIENT-1]   Round 10 done | Train loss=6.0526 | SupCon=6.4851 | CE=0.3075 | TestAcc(local)=0.8889 | TestAcc(pers)=0.9375 | F1=0.9229 | Time=6.6s
2026-03-08 13:22:57,282 [CLIENT-1] Round 11: Starting local training...
2026-03-08 13:23:03,824 [CLIENT-1]   Round 11 done | Train loss=6.0483 | SupCon=6.4814 | CE=0.2941 | TestAcc(local)=0.8890 | TestAcc(pers)=0.9378 | F1=0.9234 | Time=6.5s
2026-03-08 13:23:37,276 [CLIENT-1] Round 12: Starting local training...
2026-03-08 13:23:43,667 [CLIENT-1]   Round 12 done | Train loss=6.0352 | SupCon=6.4681 | CE=0.2842 | TestAcc(local)=0.8892 | TestAcc(pers)=0.9375 | F1=0.9230 | Time=6.4s
2026-03-08 13:24:17,440 [CLIENT-1] Round 13: Starting local training...
2026-03-08 13:24:24,045 [CLIENT-1]   Round 13 done | Train loss=6.0370 | SupCon=6.4707 | CE=0.2746 | TestAcc(local)=0.8892 | TestAcc(pers)=0.9373 | F1=0.9228 | Time=6.6s
2026-03-08 13:24:56,964 [CLIENT-1] Round 14: Starting local training...
2026-03-08 13:25:03,008 [CLIENT-1]   Round 14 done | Train loss=6.0313 | SupCon=6.4655 | CE=0.2623 | TestAcc(local)=0.8922 | TestAcc(pers)=0.9385 | F1=0.9242 | Time=6.0s
2026-03-08 13:25:33,377 [CLIENT-1] Round 15: Starting local training...
2026-03-08 13:25:38,989 [CLIENT-1]   Round 15 done | Train loss=6.0306 | SupCon=6.4650 | CE=0.2593 | TestAcc(local)=0.8891 | TestAcc(pers)=0.9386 | F1=0.9244 | Time=5.6s
2026-03-08 13:26:09,921 [CLIENT-1] Round 16: Starting local training...
2026-03-08 13:26:15,720 [CLIENT-1]   Round 16 done | Train loss=6.0251 | SupCon=6.4603 | CE=0.2430 | TestAcc(local)=0.8923 | TestAcc(pers)=0.9382 | F1=0.9239 | Time=5.8s
2026-03-08 13:26:47,388 [CLIENT-1] Round 17: Starting local training...
2026-03-08 13:26:53,596 [CLIENT-1]   Round 17 done | Train loss=6.0214 | SupCon=6.4567 | CE=0.2372 | TestAcc(local)=0.8891 | TestAcc(pers)=0.9384 | F1=0.9241 | Time=6.2s
2026-03-08 13:27:24,825 [CLIENT-1] Round 18: Starting local training...
2026-03-08 13:27:30,751 [CLIENT-1]   Round 18 done | Train loss=6.0169 | SupCon=6.4524 | CE=0.2304 | TestAcc(local)=0.8927 | TestAcc(pers)=0.9470 | F1=0.9341 | Time=5.9s
2026-03-08 13:28:03,208 [CLIENT-1] Round 19: Starting local training...
2026-03-08 13:28:09,382 [CLIENT-1]   Round 19 done | Train loss=6.0163 | SupCon=6.4526 | CE=0.2202 | TestAcc(local)=0.8923 | TestAcc(pers)=0.9386 | F1=0.9243 | Time=6.2s
2026-03-08 13:28:42,864 [CLIENT-1] Round 20: Starting local training...
2026-03-08 13:28:49,423 [CLIENT-1]   Round 20 done | Train loss=6.0096 | SupCon=6.4459 | CE=0.2129 | TestAcc(local)=0.9390 | TestAcc(pers)=0.9490 | F1=0.9365 | Time=6.6s
2026-03-08 13:29:22,700 [CLIENT-1] Round 21: Starting local training...
2026-03-08 13:29:29,232 [CLIENT-1]   Round 21 done | Train loss=6.0097 | SupCon=6.4463 | CE=0.2090 | TestAcc(local)=0.8925 | TestAcc(pers)=0.9493 | F1=0.9368 | Time=6.5s
2026-03-08 13:30:02,463 [CLIENT-1] Round 22: Starting local training...
2026-03-08 13:30:08,760 [CLIENT-1]   Round 22 done | Train loss=5.9991 | SupCon=6.4356 | CE=0.2004 | TestAcc(local)=0.9502 | TestAcc(pers)=0.9495 | F1=0.9371 | Time=6.3s
2026-03-08 13:30:43,013 [CLIENT-1] Round 23: Starting local training...
2026-03-08 13:30:49,810 [CLIENT-1]   Round 23 done | Train loss=6.0017 | SupCon=6.4389 | CE=0.1933 | TestAcc(local)=0.9501 | TestAcc(pers)=0.9491 | F1=0.9365 | Time=6.8s
2026-03-08 13:31:23,371 [CLIENT-1] Round 24: Starting local training...
2026-03-08 13:31:29,941 [CLIENT-1]   Round 24 done | Train loss=6.0026 | SupCon=6.4402 | CE=0.1887 | TestAcc(local)=0.9504 | TestAcc(pers)=0.9493 | F1=0.9367 | Time=6.6s
2026-03-08 13:32:03,263 [CLIENT-1] Round 25: Starting local training...
2026-03-08 13:32:09,862 [CLIENT-1]   Round 25 done | Train loss=6.0009 | SupCon=6.4389 | CE=0.1812 | TestAcc(local)=0.9395 | TestAcc(pers)=0.9489 | F1=0.9363 | Time=6.6s
2026-03-08 13:32:44,022 [CLIENT-1] Round 26: Starting local training...
2026-03-08 13:32:50,662 [CLIENT-1]   Round 26 done | Train loss=5.9981 | SupCon=6.4363 | CE=0.1752 | TestAcc(local)=0.9505 | TestAcc(pers)=0.9485 | F1=0.9358 | Time=6.6s
2026-03-08 13:33:24,810 [CLIENT-1] Round 27: Starting local training...
2026-03-08 13:33:31,368 [CLIENT-1]   Round 27 done | Train loss=5.9970 | SupCon=6.4353 | CE=0.1735 | TestAcc(local)=0.9503 | TestAcc(pers)=0.9493 | F1=0.9368 | Time=6.6s
2026-03-08 13:34:05,845 [CLIENT-1] Round 28: Starting local training...
2026-03-08 13:34:12,259 [CLIENT-1]   Round 28 done | Train loss=5.9938 | SupCon=6.4327 | CE=0.1632 | TestAcc(local)=0.9504 | TestAcc(pers)=0.9490 | F1=0.9364 | Time=6.4s
2026-03-08 13:34:46,892 [CLIENT-1] Round 29: Starting local training...
2026-03-08 13:34:53,843 [CLIENT-1]   Round 29 done | Train loss=5.9997 | SupCon=6.4393 | CE=0.1588 | TestAcc(local)=0.9519 | TestAcc(pers)=0.9495 | F1=0.9371 | Time=7.0s
2026-03-08 13:35:28,347 [CLIENT-1] Round 30: Starting local training...
2026-03-08 13:35:34,817 [CLIENT-1]   Round 30 done | Train loss=5.9909 | SupCon=6.4304 | CE=0.1517 | TestAcc(local)=0.9535 | TestAcc(pers)=0.9494 | F1=0.9368 | Time=6.5s
2026-03-08 13:36:08,603 [CLIENT-1] Round 31: Starting local training...
2026-03-08 13:36:15,427 [CLIENT-1]   Round 31 done | Train loss=5.9970 | SupCon=6.4373 | CE=0.1481 | TestAcc(local)=0.9505 | TestAcc(pers)=0.9495 | F1=0.9371 | Time=6.8s
2026-03-08 13:36:49,858 [CLIENT-1] Round 32: Starting local training...
2026-03-08 13:36:56,150 [CLIENT-1]   Round 32 done | Train loss=5.9890 | SupCon=6.4293 | CE=0.1394 | TestAcc(local)=0.9528 | TestAcc(pers)=0.9563 | F1=0.9450 | Time=6.3s
2026-03-08 13:37:30,247 [CLIENT-1] Round 33: Starting local training...
2026-03-08 13:37:37,033 [CLIENT-1]   Round 33 done | Train loss=5.9865 | SupCon=6.4268 | CE=0.1365 | TestAcc(local)=0.9536 | TestAcc(pers)=0.9493 | F1=0.9368 | Time=6.8s
2026-03-08 13:38:11,376 [CLIENT-1] Round 34: Starting local training...
2026-03-08 13:38:18,001 [CLIENT-1]   Round 34 done | Train loss=5.9872 | SupCon=6.4280 | CE=0.1310 | TestAcc(local)=0.9540 | TestAcc(pers)=0.9570 | F1=0.9460 | Time=6.6s
2026-03-08 13:38:52,562 [CLIENT-1] Round 35: Starting local training...
2026-03-08 13:38:59,025 [CLIENT-1]   Round 35 done | Train loss=5.9936 | SupCon=6.4351 | CE=0.1278 | TestAcc(local)=0.9535 | TestAcc(pers)=0.9504 | F1=0.9381 | Time=6.5s
2026-03-08 13:39:33,895 [CLIENT-1] Round 36: Starting local training...
2026-03-08 13:39:40,915 [CLIENT-1]   Round 36 done | Train loss=5.9858 | SupCon=6.4270 | CE=0.1246 | TestAcc(local)=0.9541 | TestAcc(pers)=0.9532 | F1=0.9415 | Time=7.0s
2026-03-08 13:40:15,093 [CLIENT-1] Round 37: Starting local training...
2026-03-08 13:40:21,694 [CLIENT-1]   Round 37 done | Train loss=5.9821 | SupCon=6.4232 | CE=0.1220 | TestAcc(local)=0.9541 | TestAcc(pers)=0.9533 | F1=0.9416 | Time=6.6s
2026-03-08 13:40:56,457 [CLIENT-1] Round 38: Starting local training...
2026-03-08 13:41:03,102 [CLIENT-1]   Round 38 done | Train loss=5.9895 | SupCon=6.4312 | CE=0.1215 | TestAcc(local)=0.9604 | TestAcc(pers)=0.9537 | F1=0.9421 | Time=6.6s
2026-03-08 13:41:37,674 [CLIENT-1] Round 39: Starting local training...
2026-03-08 13:41:44,531 [CLIENT-1]   Round 39 done | Train loss=5.9876 | SupCon=6.4294 | CE=0.1177 | TestAcc(local)=0.9543 | TestAcc(pers)=0.9623 | F1=0.9525 | Time=6.9s
2026-03-08 13:42:18,470 [CLIENT-1] Round 40: Starting local training...
2026-03-08 13:42:24,917 [CLIENT-1]   Round 40 done | Train loss=5.9850 | SupCon=6.4267 | CE=0.1162 | TestAcc(local)=0.9605 | TestAcc(pers)=0.9604 | F1=0.9501 | Time=6.4s
2026-03-08 13:42:59,055 [CLIENT-1] Round 41: Starting local training...
2026-03-08 13:43:05,918 [CLIENT-1]   Round 41 done | Train loss=5.9875 | SupCon=6.4296 | CE=0.1134 | TestAcc(local)=0.9547 | TestAcc(pers)=0.9609 | F1=0.9507 | Time=6.9s
2026-03-08 13:43:39,440 [CLIENT-1] Round 42: Starting local training...
2026-03-08 13:43:46,035 [CLIENT-1]   Round 42 done | Train loss=5.9892 | SupCon=6.4314 | CE=0.1145 | TestAcc(local)=0.9615 | TestAcc(pers)=0.9616 | F1=0.9516 | Time=6.6s
2026-03-08 13:44:20,683 [CLIENT-1] Round 43: Starting local training...
2026-03-08 13:44:27,348 [CLIENT-1]   Round 43 done | Train loss=5.9883 | SupCon=6.4303 | CE=0.1157 | TestAcc(local)=0.9613 | TestAcc(pers)=0.9620 | F1=0.9521 | Time=6.7s
2026-03-08 13:45:02,112 [CLIENT-1] Round 44: Starting local training...
2026-03-08 13:45:09,225 [CLIENT-1]   Round 44 done | Train loss=5.9944 | SupCon=6.4370 | CE=0.1148 | TestAcc(local)=0.9614 | TestAcc(pers)=0.9614 | F1=0.9514 | Time=7.1s
2026-03-08 13:45:43,606 [CLIENT-1] Round 45: Starting local training...
2026-03-08 13:45:50,230 [CLIENT-1]   Round 45 done | Train loss=5.9845 | SupCon=6.4267 | CE=0.1094 | TestAcc(local)=0.9614 | TestAcc(pers)=0.9617 | F1=0.9518 | Time=6.6s
2026-03-08 13:46:24,233 [CLIENT-1] Round 46: Starting local training...
2026-03-08 13:46:30,865 [CLIENT-1]   Round 46 done | Train loss=5.9934 | SupCon=6.4363 | CE=0.1089 | TestAcc(local)=0.9608 | TestAcc(pers)=0.9613 | F1=0.9512 | Time=6.6s
2026-03-08 13:47:05,314 [CLIENT-1] Round 47: Starting local training...
2026-03-08 13:47:11,929 [CLIENT-1]   Round 47 done | Train loss=5.9778 | SupCon=6.4198 | CE=0.1052 | TestAcc(local)=0.9614 | TestAcc(pers)=0.9617 | F1=0.9518 | Time=6.6s
2026-03-08 13:47:46,196 [CLIENT-1] Round 48: Starting local training...
2026-03-08 13:47:52,902 [CLIENT-1]   Round 48 done | Train loss=5.9857 | SupCon=6.4285 | CE=0.1034 | TestAcc(local)=0.9613 | TestAcc(pers)=0.9615 | F1=0.9515 | Time=6.7s
2026-03-08 13:48:27,206 [CLIENT-1] Round 49: Starting local training...
2026-03-08 13:48:34,077 [CLIENT-1]   Round 49 done | Train loss=5.9883 | SupCon=6.4316 | CE=0.0999 | TestAcc(local)=0.9612 | TestAcc(pers)=0.9620 | F1=0.9522 | Time=6.9s
2026-03-08 13:49:07,481 [CLIENT-1] Round 50: Starting local training...
2026-03-08 13:49:14,050 [CLIENT-1]   Round 50 done | Train loss=5.9833 | SupCon=6.4255 | CE=0.1071 | TestAcc(local)=0.9543 | TestAcc(pers)=0.9615 | F1=0.9515 | Time=6.6s
2026-03-08 13:49:48,143 [CLIENT-1] Round 51: Starting local training...
2026-03-08 13:49:55,090 [CLIENT-1]   Round 51 done | Train loss=5.9901 | SupCon=6.4334 | CE=0.0998 | TestAcc(local)=0.9542 | TestAcc(pers)=0.9613 | F1=0.9513 | Time=6.9s
2026-03-08 13:50:29,118 [CLIENT-1] Round 52: Starting local training...
2026-03-08 13:50:35,861 [CLIENT-1]   Round 52 done | Train loss=5.9805 | SupCon=6.4233 | CE=0.0967 | TestAcc(local)=0.9613 | TestAcc(pers)=0.9622 | F1=0.9524 | Time=6.7s
2026-03-08 13:51:10,165 [CLIENT-1] Round 53: Starting local training...
2026-03-08 13:51:16,838 [CLIENT-1]   Round 53 done | Train loss=5.9885 | SupCon=6.4318 | CE=0.0991 | TestAcc(local)=0.9613 | TestAcc(pers)=0.9620 | F1=0.9521 | Time=6.7s
2026-03-08 13:51:51,200 [CLIENT-1] Round 54: Starting local training...
2026-03-08 13:51:57,924 [CLIENT-1]   Round 54 done | Train loss=5.9790 | SupCon=6.4220 | CE=0.0934 | TestAcc(local)=0.9614 | TestAcc(pers)=0.9624 | F1=0.9526 | Time=6.7s
2026-03-08 13:52:32,147 [CLIENT-1] Round 55: Starting local training...
2026-03-08 13:52:38,629 [CLIENT-1]   Round 55 done | Train loss=5.9798 | SupCon=6.4228 | CE=0.0943 | TestAcc(local)=0.9608 | TestAcc(pers)=0.9624 | F1=0.9526 | Time=6.5s
2026-03-08 13:53:12,813 [CLIENT-1] Round 56: Starting local training...
2026-03-08 13:53:19,478 [CLIENT-1]   Round 56 done | Train loss=5.9832 | SupCon=6.4262 | CE=0.0966 | TestAcc(local)=0.9612 | TestAcc(pers)=0.9620 | F1=0.9521 | Time=6.7s
2026-03-08 13:53:53,773 [CLIENT-1] Round 57: Starting local training...
2026-03-08 13:54:00,558 [CLIENT-1]   Round 57 done | Train loss=5.9867 | SupCon=6.4303 | CE=0.0933 | TestAcc(local)=0.9541 | TestAcc(pers)=0.9617 | F1=0.9518 | Time=6.8s
2026-03-08 13:54:34,340 [CLIENT-1] Round 58: Starting local training...
2026-03-08 13:54:40,870 [CLIENT-1]   Round 58 done | Train loss=5.9813 | SupCon=6.4246 | CE=0.0921 | TestAcc(local)=0.9607 | TestAcc(pers)=0.9622 | F1=0.9523 | Time=6.5s
2026-03-08 13:55:15,264 [CLIENT-1] Round 59: Starting local training...
2026-03-08 13:55:21,844 [CLIENT-1]   Round 59 done | Train loss=5.9791 | SupCon=6.4224 | CE=0.0904 | TestAcc(local)=0.9616 | TestAcc(pers)=0.9621 | F1=0.9522 | Time=6.6s
2026-03-08 13:55:55,759 [CLIENT-1] Round 60: Starting local training...
2026-03-08 13:56:02,575 [CLIENT-1]   Round 60 done | Train loss=5.9809 | SupCon=6.4242 | CE=0.0903 | TestAcc(local)=0.9608 | TestAcc(pers)=0.9616 | F1=0.9517 | Time=6.8s
2026-03-08 13:56:36,435 [CLIENT-1] Round 61: Starting local training...
2026-03-08 13:56:43,240 [CLIENT-1]   Round 61 done | Train loss=5.9748 | SupCon=6.4180 | CE=0.0862 | TestAcc(local)=0.9616 | TestAcc(pers)=0.9623 | F1=0.9524 | Time=6.8s
2026-03-08 13:57:17,435 [CLIENT-1] Round 62: Starting local training...
2026-03-08 13:57:24,122 [CLIENT-1]   Round 62 done | Train loss=5.9875 | SupCon=6.4315 | CE=0.0891 | TestAcc(local)=0.9544 | TestAcc(pers)=0.9621 | F1=0.9522 | Time=6.7s
2026-03-08 13:57:58,367 [CLIENT-1] Round 63: Starting local training...
2026-03-08 13:58:04,854 [CLIENT-1]   Round 63 done | Train loss=5.9768 | SupCon=6.4201 | CE=0.0882 | TestAcc(local)=0.9616 | TestAcc(pers)=0.9623 | F1=0.9524 | Time=6.5s
2026-03-08 13:58:39,257 [CLIENT-1] Round 64: Starting local training...
2026-03-08 13:58:45,937 [CLIENT-1]   Round 64 done | Train loss=5.9796 | SupCon=6.4230 | CE=0.0882 | TestAcc(local)=0.9614 | TestAcc(pers)=0.9627 | F1=0.9531 | Time=6.7s
2026-03-08 13:59:20,688 [CLIENT-1] Round 65: Starting local training...
2026-03-08 13:59:27,629 [CLIENT-1]   Round 65 done | Train loss=5.9779 | SupCon=6.4213 | CE=0.0865 | TestAcc(local)=0.9547 | TestAcc(pers)=0.9627 | F1=0.9530 | Time=6.9s
2026-03-08 14:00:01,435 [CLIENT-1] Round 66: Starting local training...
2026-03-08 14:00:08,267 [CLIENT-1]   Round 66 done | Train loss=5.9813 | SupCon=6.4251 | CE=0.0859 | TestAcc(local)=0.9616 | TestAcc(pers)=0.9626 | F1=0.9529 | Time=6.8s
2026-03-08 14:00:42,057 [CLIENT-1] Round 67: Starting local training...
2026-03-08 14:00:48,662 [CLIENT-1]   Round 67 done | Train loss=5.9755 | SupCon=6.4192 | CE=0.0807 | TestAcc(local)=0.9615 | TestAcc(pers)=0.9626 | F1=0.9528 | Time=6.6s
2026-03-08 14:01:22,763 [CLIENT-1] Round 68: Starting local training...
2026-03-08 14:01:29,653 [CLIENT-1]   Round 68 done | Train loss=5.9770 | SupCon=6.4205 | CE=0.0843 | TestAcc(local)=0.9618 | TestAcc(pers)=0.9626 | F1=0.9529 | Time=6.9s
2026-03-08 14:02:03,737 [CLIENT-1] Round 69: Starting local training...
2026-03-08 14:02:10,370 [CLIENT-1]   Round 69 done | Train loss=5.9811 | SupCon=6.4249 | CE=0.0848 | TestAcc(local)=0.9612 | TestAcc(pers)=0.9627 | F1=0.9531 | Time=6.6s
2026-03-08 14:02:43,916 [CLIENT-1] Round 70: Starting local training...
2026-03-08 14:02:50,232 [CLIENT-1]   Round 70 done | Train loss=5.9760 | SupCon=6.4195 | CE=0.0838 | TestAcc(local)=0.9615 | TestAcc(pers)=0.9622 | F1=0.9524 | Time=6.3s
2026-03-08 14:03:19,681 [CLIENT-1] Round 71: Starting local training...
2026-03-08 14:03:25,378 [CLIENT-1]   Round 71 done | Train loss=5.9805 | SupCon=6.4242 | CE=0.0844 | TestAcc(local)=0.9615 | TestAcc(pers)=0.9625 | F1=0.9527 | Time=5.7s
2026-03-08 14:03:55,538 [CLIENT-1] Round 72: Starting local training...
2026-03-08 14:04:01,280 [CLIENT-1]   Round 72 done | Train loss=5.9769 | SupCon=6.4205 | CE=0.0836 | TestAcc(local)=0.9615 | TestAcc(pers)=0.9634 | F1=0.9538 | Time=5.7s
2026-03-08 14:04:30,949 [CLIENT-1] Round 73: Starting local training...
2026-03-08 14:04:36,598 [CLIENT-1]   Round 73 done | Train loss=5.9745 | SupCon=6.4179 | CE=0.0837 | TestAcc(local)=0.9614 | TestAcc(pers)=0.9625 | F1=0.9527 | Time=5.6s
2026-03-08 14:05:06,149 [CLIENT-1] Round 74: Starting local training...
2026-03-08 14:05:11,658 [CLIENT-1]   Round 74 done | Train loss=5.9739 | SupCon=6.4174 | CE=0.0806 | TestAcc(local)=0.9614 | TestAcc(pers)=0.9627 | F1=0.9530 | Time=5.5s
2026-03-08 14:05:41,334 [CLIENT-1] Round 75: Starting local training...
2026-03-08 14:05:47,357 [CLIENT-1]   Round 75 done | Train loss=5.9771 | SupCon=6.4207 | CE=0.0827 | TestAcc(local)=0.9616 | TestAcc(pers)=0.9624 | F1=0.9526 | Time=6.0s
2026-03-08 14:06:16,488 [CLIENT-1] Round 76: Starting local training...
2026-03-08 14:06:22,077 [CLIENT-1]   Round 76 done | Train loss=5.9746 | SupCon=6.4183 | CE=0.0802 | TestAcc(local)=0.9615 | TestAcc(pers)=0.9623 | F1=0.9525 | Time=5.6s
2026-03-08 14:06:52,308 [CLIENT-1] Round 77: Starting local training...
2026-03-08 14:06:58,259 [CLIENT-1]   Round 77 done | Train loss=5.9746 | SupCon=6.4180 | CE=0.0828 | TestAcc(local)=0.9617 | TestAcc(pers)=0.9629 | F1=0.9533 | Time=6.0s
2026-03-08 14:07:28,157 [CLIENT-1] Round 78: Starting local training...
2026-03-08 14:07:34,125 [CLIENT-1]   Round 78 done | Train loss=5.9737 | SupCon=6.4172 | CE=0.0812 | TestAcc(local)=0.9617 | TestAcc(pers)=0.9621 | F1=0.9523 | Time=6.0s
2026-03-08 14:08:03,594 [CLIENT-1] Round 79: Starting local training...
2026-03-08 14:08:09,239 [CLIENT-1]   Round 79 done | Train loss=5.9763 | SupCon=6.4202 | CE=0.0794 | TestAcc(local)=0.9613 | TestAcc(pers)=0.9623 | F1=0.9525 | Time=5.6s
2026-03-08 14:08:39,160 [CLIENT-1] Round 80: Starting local training...
2026-03-08 14:08:44,661 [CLIENT-1]   Round 80 done | Train loss=5.9747 | SupCon=6.4185 | CE=0.0779 | TestAcc(local)=0.9621 | TestAcc(pers)=0.9621 | F1=0.9522 | Time=5.5s
2026-03-08 14:09:14,392 [CLIENT-1] Round 81: Starting local training...
2026-03-08 14:09:20,089 [CLIENT-1]   Round 81 done | Train loss=5.9750 | SupCon=6.4188 | CE=0.0786 | TestAcc(local)=0.9615 | TestAcc(pers)=0.9623 | F1=0.9525 | Time=5.7s
2026-03-08 14:09:49,996 [CLIENT-1] Round 82: Starting local training...
2026-03-08 14:09:55,698 [CLIENT-1]   Round 82 done | Train loss=5.9745 | SupCon=6.4182 | CE=0.0801 | TestAcc(local)=0.9622 | TestAcc(pers)=0.9612 | F1=0.9511 | Time=5.7s
2026-03-08 14:10:25,467 [CLIENT-1] Round 83: Starting local training...
2026-03-08 14:10:31,523 [CLIENT-1]   Round 83 done | Train loss=5.9722 | SupCon=6.4160 | CE=0.0756 | TestAcc(local)=0.9618 | TestAcc(pers)=0.9622 | F1=0.9523 | Time=6.1s
2026-03-08 14:11:01,961 [CLIENT-1] Round 84: Starting local training...
2026-03-08 14:11:08,218 [CLIENT-1]   Round 84 done | Train loss=5.9731 | SupCon=6.4169 | CE=0.0778 | TestAcc(local)=0.9616 | TestAcc(pers)=0.9623 | F1=0.9524 | Time=6.3s
2026-03-08 14:11:38,404 [CLIENT-1] Round 85: Starting local training...
2026-03-08 14:11:44,459 [CLIENT-1]   Round 85 done | Train loss=5.9783 | SupCon=6.4223 | CE=0.0787 | TestAcc(local)=0.9623 | TestAcc(pers)=0.9620 | F1=0.9522 | Time=6.1s
2026-03-08 14:12:14,860 [CLIENT-1] Round 86: Starting local training...
2026-03-08 14:12:20,870 [CLIENT-1]   Round 86 done | Train loss=5.9745 | SupCon=6.4186 | CE=0.0749 | TestAcc(local)=0.9624 | TestAcc(pers)=0.9624 | F1=0.9526 | Time=6.0s
2026-03-08 14:12:52,159 [CLIENT-1] Round 87: Starting local training...
2026-03-08 14:12:58,132 [CLIENT-1]   Round 87 done | Train loss=5.9728 | SupCon=6.4165 | CE=0.0781 | TestAcc(local)=0.9613 | TestAcc(pers)=0.9621 | F1=0.9523 | Time=6.0s
2026-03-08 14:13:29,166 [CLIENT-1] Round 88: Starting local training...
2026-03-08 14:13:35,180 [CLIENT-1]   Round 88 done | Train loss=5.9767 | SupCon=6.4207 | CE=0.0775 | TestAcc(local)=0.9621 | TestAcc(pers)=0.9616 | F1=0.9517 | Time=6.0s
2026-03-08 14:14:05,858 [CLIENT-1] Round 89: Starting local training...
2026-03-08 14:14:11,986 [CLIENT-1]   Round 89 done | Train loss=5.9744 | SupCon=6.4182 | CE=0.0778 | TestAcc(local)=0.9619 | TestAcc(pers)=0.9624 | F1=0.9526 | Time=6.1s
2026-03-08 14:14:42,748 [CLIENT-1] Round 90: Starting local training...
2026-03-08 14:14:48,808 [CLIENT-1]   Round 90 done | Train loss=5.9726 | SupCon=6.4164 | CE=0.0758 | TestAcc(local)=0.9620 | TestAcc(pers)=0.9619 | F1=0.9520 | Time=6.1s
2026-03-08 14:15:19,550 [CLIENT-1] Round 91: Starting local training...
2026-03-08 14:15:25,368 [CLIENT-1]   Round 91 done | Train loss=5.9816 | SupCon=6.4259 | CE=0.0789 | TestAcc(local)=0.9623 | TestAcc(pers)=0.9623 | F1=0.9524 | Time=5.8s
2026-03-08 14:15:56,280 [CLIENT-1] Round 92: Starting local training...
2026-03-08 14:16:02,207 [CLIENT-1]   Round 92 done | Train loss=5.9647 | SupCon=6.4079 | CE=0.0770 | TestAcc(local)=0.9618 | TestAcc(pers)=0.9623 | F1=0.9525 | Time=5.9s
2026-03-08 14:16:33,682 [CLIENT-1] Round 93: Starting local training...
2026-03-08 14:16:39,494 [CLIENT-1]   Round 93 done | Train loss=5.9746 | SupCon=6.4184 | CE=0.0786 | TestAcc(local)=0.9623 | TestAcc(pers)=0.9624 | F1=0.9526 | Time=5.8s
2026-03-08 14:17:10,561 [CLIENT-1] Round 94: Starting local training...
2026-03-08 14:17:16,706 [CLIENT-1]   Round 94 done | Train loss=5.9680 | SupCon=6.4113 | CE=0.0789 | TestAcc(local)=0.9621 | TestAcc(pers)=0.9626 | F1=0.9529 | Time=6.1s
2026-03-08 14:17:47,301 [CLIENT-1] Round 95: Starting local training...
2026-03-08 14:17:53,053 [CLIENT-1]   Round 95 done | Train loss=5.9738 | SupCon=6.4177 | CE=0.0758 | TestAcc(local)=0.9626 | TestAcc(pers)=0.9619 | F1=0.9520 | Time=5.8s
2026-03-08 14:18:23,907 [CLIENT-1] Round 96: Starting local training...
2026-03-08 14:18:29,704 [CLIENT-1]   Round 96 done | Train loss=5.9700 | SupCon=6.4136 | CE=0.0761 | TestAcc(local)=0.9631 | TestAcc(pers)=0.9627 | F1=0.9531 | Time=5.8s
2026-03-08 14:19:00,501 [CLIENT-1] Round 97: Starting local training...
2026-03-08 14:19:06,337 [CLIENT-1]   Round 97 done | Train loss=5.9749 | SupCon=6.4188 | CE=0.0771 | TestAcc(local)=0.9623 | TestAcc(pers)=0.9619 | F1=0.9521 | Time=5.8s
2026-03-08 14:19:37,794 [CLIENT-1] Round 98: Starting local training...
2026-03-08 14:19:43,629 [CLIENT-1]   Round 98 done | Train loss=5.9712 | SupCon=6.4149 | CE=0.0761 | TestAcc(local)=0.9631 | TestAcc(pers)=0.9625 | F1=0.9527 | Time=5.8s
2026-03-08 14:20:14,769 [CLIENT-1] Round 99: Starting local training...
2026-03-08 14:20:20,349 [CLIENT-1]   Round 99 done | Train loss=5.9704 | SupCon=6.4141 | CE=0.0752 | TestAcc(local)=0.9621 | TestAcc(pers)=0.9626 | F1=0.9529 | Time=5.6s
2026-03-08 14:20:50,546 [CLIENT-1] Round 100: Starting local training...
2026-03-08 14:20:56,361 [CLIENT-1]   Round 100 done | Train loss=5.9757 | SupCon=6.4200 | CE=0.0731 | TestAcc(local)=0.9624 | TestAcc(pers)=0.9626 | F1=0.9529 | Time=5.8s
2026-03-08 14:21:27,311 [CLIENT-1] Received SHUTDOWN from server. Training complete.
2026-03-08 14:21:27,319 [CLIENT-1] Client done.
