2026-03-08 13:15:48,977 [CLIENT-0] ============================================================
2026-03-08 13:15:48,978 [CLIENT-0] FeCoGraph Client 0
2026-03-08 13:15:48,978 [CLIENT-0] FL Scheme: DITTO
2026-03-08 13:15:48,979 [CLIENT-0] Device: cpu
2026-03-08 13:15:48,979 [CLIENT-0] ============================================================
2026-03-08 13:15:48,979 [CLIENT-0] Loading train graph from ./data\client_0_train.csv
2026-03-08 13:15:50,079 [CLIENT-0] Loading test graph from ./data\client_0_test.csv
2026-03-08 13:15:52,418 [CLIENT-0] Train graph: 25,353 nodes | Test graph: 59,159 nodes
2026-03-08 13:15:52,422 [CLIENT-0] Label proportion: 30%  (7604 labeled nodes)
2026-03-08 13:15:52,434 [CLIENT-0] Label dist (train): tensor([25220,   133])
2026-03-08 13:15:52,435 [CLIENT-0] Label dist (labeled subset): tensor([7565,   39])
2026-03-08 13:15:52,440 [CLIENT-0] Connecting to server 127.0.0.1:9999...
2026-03-08 13:15:52,440 [CLIENT-0] Connected and registered with server.
2026-03-08 13:15:53,617 [CLIENT-0] Round 1: Starting local training...
2026-03-08 13:16:34,107 [CLIENT-0]   Round 1 done | Train loss=6.4987 | SupCon=6.9395 | CE=0.6436 | TestAcc(local)=0.9556 | TestAcc(pers)=0.0207 | F1=0.0206 | Time=40.5s
2026-03-08 13:16:34,133 [CLIENT-0] Round 2: Starting local training...
2026-03-08 13:17:13,977 [CLIENT-0]   Round 2 done | Train loss=6.4710 | SupCon=6.9213 | CE=0.4890 | TestAcc(local)=0.9620 | TestAcc(pers)=0.5426 | F1=0.3615 | Time=39.8s
2026-03-08 13:17:13,995 [CLIENT-0] Round 3: Starting local training...
2026-03-08 13:17:53,895 [CLIENT-0]   Round 3 done | Train loss=6.4620 | SupCon=6.9187 | CE=0.3940 | TestAcc(local)=0.9781 | TestAcc(pers)=0.6364 | F1=0.4016 | Time=39.9s
2026-03-08 13:17:53,912 [CLIENT-0] Round 4: Starting local training...
2026-03-08 13:18:36,439 [CLIENT-0]   Round 4 done | Train loss=6.4569 | SupCon=6.9173 | CE=0.3401 | TestAcc(local)=0.9851 | TestAcc(pers)=0.8742 | F1=0.5031 | Time=42.5s
2026-03-08 13:18:36,462 [CLIENT-0] Round 5: Starting local training...
2026-03-08 13:19:21,307 [CLIENT-0]   Round 5 done | Train loss=6.4518 | SupCon=6.9156 | CE=0.2902 | TestAcc(local)=0.9896 | TestAcc(pers)=0.9587 | F1=0.5870 | Time=44.8s
2026-03-08 13:19:21,330 [CLIENT-0] Round 6: Starting local training...
2026-03-08 13:20:05,633 [CLIENT-0]   Round 6 done | Train loss=6.4477 | SupCon=6.9142 | CE=0.2499 | TestAcc(local)=0.9935 | TestAcc(pers)=0.9710 | F1=0.6166 | Time=44.3s
2026-03-08 13:20:05,654 [CLIENT-0] Round 7: Starting local training...
2026-03-08 13:20:50,535 [CLIENT-0]   Round 7 done | Train loss=6.4434 | SupCon=6.9116 | CE=0.2228 | TestAcc(local)=0.9951 | TestAcc(pers)=0.9845 | F1=0.6859 | Time=44.9s
2026-03-08 13:20:50,557 [CLIENT-0] Round 8: Starting local training...
2026-03-08 13:21:35,285 [CLIENT-0]   Round 8 done | Train loss=6.4398 | SupCon=6.9103 | CE=0.1900 | TestAcc(local)=0.9965 | TestAcc(pers)=0.9803 | F1=0.6628 | Time=44.7s
2026-03-08 13:21:35,304 [CLIENT-0] Round 9: Starting local training...
2026-03-08 13:22:16,609 [CLIENT-0]   Round 9 done | Train loss=6.4346 | SupCon=6.9054 | CE=0.1788 | TestAcc(local)=0.9964 | TestAcc(pers)=0.9793 | F1=0.6527 | Time=41.3s
2026-03-08 13:22:16,623 [CLIENT-0] Round 10: Starting local training...
2026-03-08 13:22:57,263 [CLIENT-0]   Round 10 done | Train loss=6.4305 | SupCon=6.9026 | CE=0.1577 | TestAcc(local)=0.9976 | TestAcc(pers)=0.9870 | F1=0.7073 | Time=40.6s
2026-03-08 13:22:57,280 [CLIENT-0] Round 11: Starting local training...
2026-03-08 13:23:37,255 [CLIENT-0]   Round 11 done | Train loss=6.4288 | SupCon=6.9013 | CE=0.1510 | TestAcc(local)=0.9978 | TestAcc(pers)=0.9885 | F1=0.7149 | Time=40.0s
2026-03-08 13:23:37,274 [CLIENT-0] Round 12: Starting local training...
2026-03-08 13:24:17,415 [CLIENT-0]   Round 12 done | Train loss=6.4262 | SupCon=6.8995 | CE=0.1381 | TestAcc(local)=0.9981 | TestAcc(pers)=0.9890 | F1=0.7199 | Time=40.1s
2026-03-08 13:24:17,437 [CLIENT-0] Round 13: Starting local training...
2026-03-08 13:24:56,948 [CLIENT-0]   Round 13 done | Train loss=6.4237 | SupCon=6.8976 | CE=0.1281 | TestAcc(local)=0.9980 | TestAcc(pers)=0.9900 | F1=0.7313 | Time=39.5s
2026-03-08 13:24:56,962 [CLIENT-0] Round 14: Starting local training...
2026-03-08 13:25:33,360 [CLIENT-0]   Round 14 done | Train loss=6.4220 | SupCon=6.8963 | CE=0.1210 | TestAcc(local)=0.9982 | TestAcc(pers)=0.9922 | F1=0.7633 | Time=36.4s
2026-03-08 13:25:33,376 [CLIENT-0] Round 15: Starting local training...
2026-03-08 13:26:09,905 [CLIENT-0]   Round 15 done | Train loss=6.4211 | SupCon=6.8961 | CE=0.1103 | TestAcc(local)=0.9982 | TestAcc(pers)=0.9930 | F1=0.7855 | Time=36.5s
2026-03-08 13:26:09,919 [CLIENT-0] Round 16: Starting local training...
2026-03-08 13:26:47,367 [CLIENT-0]   Round 16 done | Train loss=6.4211 | SupCon=6.8963 | CE=0.1085 | TestAcc(local)=0.9984 | TestAcc(pers)=0.9942 | F1=0.8093 | Time=37.4s
2026-03-08 13:26:47,386 [CLIENT-0] Round 17: Starting local training...
2026-03-08 13:27:24,812 [CLIENT-0]   Round 17 done | Train loss=6.4191 | SupCon=6.8947 | CE=0.1002 | TestAcc(local)=0.9983 | TestAcc(pers)=0.9938 | F1=0.7998 | Time=37.4s
2026-03-08 13:27:24,823 [CLIENT-0] Round 18: Starting local training...
2026-03-08 13:28:03,185 [CLIENT-0]   Round 18 done | Train loss=6.4199 | SupCon=6.8957 | CE=0.0995 | TestAcc(local)=0.9981 | TestAcc(pers)=0.9947 | F1=0.8197 | Time=38.4s
2026-03-08 13:28:03,208 [CLIENT-0] Round 19: Starting local training...
2026-03-08 13:28:42,851 [CLIENT-0]   Round 19 done | Train loss=6.4177 | SupCon=6.8937 | CE=0.0941 | TestAcc(local)=0.9983 | TestAcc(pers)=0.9961 | F1=0.8514 | Time=39.6s
2026-03-08 13:28:42,862 [CLIENT-0] Round 20: Starting local training...
2026-03-08 13:29:22,682 [CLIENT-0]   Round 20 done | Train loss=6.4181 | SupCon=6.8945 | CE=0.0881 | TestAcc(local)=0.9982 | TestAcc(pers)=0.9926 | F1=0.7695 | Time=39.8s
2026-03-08 13:29:22,698 [CLIENT-0] Round 21: Starting local training...
2026-03-08 13:30:02,444 [CLIENT-0]   Round 21 done | Train loss=6.4175 | SupCon=6.8942 | CE=0.0852 | TestAcc(local)=0.9983 | TestAcc(pers)=0.9936 | F1=0.7859 | Time=39.7s
2026-03-08 13:30:02,461 [CLIENT-0] Round 22: Starting local training...
2026-03-08 13:30:42,982 [CLIENT-0]   Round 22 done | Train loss=6.4173 | SupCon=6.8944 | CE=0.0793 | TestAcc(local)=0.9982 | TestAcc(pers)=0.9959 | F1=0.8380 | Time=40.5s
2026-03-08 13:30:43,010 [CLIENT-0] Round 23: Starting local training...
2026-03-08 13:31:23,353 [CLIENT-0]   Round 23 done | Train loss=6.4177 | SupCon=6.8948 | CE=0.0786 | TestAcc(local)=0.9984 | TestAcc(pers)=0.9951 | F1=0.8282 | Time=40.3s
2026-03-08 13:31:23,369 [CLIENT-0] Round 24: Starting local training...
2026-03-08 13:32:03,236 [CLIENT-0]   Round 24 done | Train loss=6.4164 | SupCon=6.8938 | CE=0.0731 | TestAcc(local)=0.9982 | TestAcc(pers)=0.9967 | F1=0.8623 | Time=39.9s
2026-03-08 13:32:03,260 [CLIENT-0] Round 25: Starting local training...
2026-03-08 13:32:44,004 [CLIENT-0]   Round 25 done | Train loss=6.4156 | SupCon=6.8929 | CE=0.0743 | TestAcc(local)=0.9984 | TestAcc(pers)=0.9963 | F1=0.8578 | Time=40.7s
2026-03-08 13:32:44,020 [CLIENT-0] Round 26: Starting local training...
2026-03-08 13:33:24,790 [CLIENT-0]   Round 26 done | Train loss=6.4146 | SupCon=6.8922 | CE=0.0698 | TestAcc(local)=0.9984 | TestAcc(pers)=0.9971 | F1=0.8802 | Time=40.8s
2026-03-08 13:33:24,807 [CLIENT-0] Round 27: Starting local training...
2026-03-08 13:34:05,825 [CLIENT-0]   Round 27 done | Train loss=6.4149 | SupCon=6.8930 | CE=0.0634 | TestAcc(local)=0.9989 | TestAcc(pers)=0.9951 | F1=0.8294 | Time=41.0s
2026-03-08 13:34:05,843 [CLIENT-0] Round 28: Starting local training...
2026-03-08 13:34:46,878 [CLIENT-0]   Round 28 done | Train loss=6.4152 | SupCon=6.8934 | CE=0.0625 | TestAcc(local)=0.9984 | TestAcc(pers)=0.9964 | F1=0.8597 | Time=41.0s
2026-03-08 13:34:46,891 [CLIENT-0] Round 29: Starting local training...
2026-03-08 13:35:28,324 [CLIENT-0]   Round 29 done | Train loss=6.4144 | SupCon=6.8927 | CE=0.0606 | TestAcc(local)=0.9989 | TestAcc(pers)=0.9971 | F1=0.8855 | Time=41.4s
2026-03-08 13:35:28,345 [CLIENT-0] Round 30: Starting local training...
2026-03-08 13:36:08,578 [CLIENT-0]   Round 30 done | Train loss=6.4145 | SupCon=6.8930 | CE=0.0563 | TestAcc(local)=0.9987 | TestAcc(pers)=0.9974 | F1=0.8915 | Time=40.2s
2026-03-08 13:36:08,601 [CLIENT-0] Round 31: Starting local training...
2026-03-08 13:36:49,844 [CLIENT-0]   Round 31 done | Train loss=6.4140 | SupCon=6.8926 | CE=0.0553 | TestAcc(local)=0.9989 | TestAcc(pers)=0.9967 | F1=0.8597 | Time=41.2s
2026-03-08 13:36:49,857 [CLIENT-0] Round 32: Starting local training...
2026-03-08 13:37:30,228 [CLIENT-0]   Round 32 done | Train loss=6.4131 | SupCon=6.8918 | CE=0.0531 | TestAcc(local)=0.9988 | TestAcc(pers)=0.9954 | F1=0.8241 | Time=40.4s
2026-03-08 13:37:30,244 [CLIENT-0] Round 33: Starting local training...
2026-03-08 13:38:11,359 [CLIENT-0]   Round 33 done | Train loss=6.4132 | SupCon=6.8921 | CE=0.0516 | TestAcc(local)=0.9988 | TestAcc(pers)=0.9973 | F1=0.8829 | Time=41.1s
2026-03-08 13:38:11,374 [CLIENT-0] Round 34: Starting local training...
2026-03-08 13:38:52,540 [CLIENT-0]   Round 34 done | Train loss=6.4127 | SupCon=6.8914 | CE=0.0529 | TestAcc(local)=0.9988 | TestAcc(pers)=0.9968 | F1=0.8654 | Time=41.2s
2026-03-08 13:38:52,560 [CLIENT-0] Round 35: Starting local training...
2026-03-08 13:39:33,877 [CLIENT-0]   Round 35 done | Train loss=6.4129 | SupCon=6.8922 | CE=0.0455 | TestAcc(local)=0.9989 | TestAcc(pers)=0.9977 | F1=0.8957 | Time=41.3s
2026-03-08 13:39:33,892 [CLIENT-0] Round 36: Starting local training...
2026-03-08 13:40:15,078 [CLIENT-0]   Round 36 done | Train loss=6.4132 | SupCon=6.8926 | CE=0.0437 | TestAcc(local)=0.9986 | TestAcc(pers)=0.9974 | F1=0.8831 | Time=41.2s
2026-03-08 13:40:15,091 [CLIENT-0] Round 37: Starting local training...
2026-03-08 13:40:56,440 [CLIENT-0]   Round 37 done | Train loss=6.4142 | SupCon=6.8938 | CE=0.0428 | TestAcc(local)=0.9991 | TestAcc(pers)=0.9973 | F1=0.8791 | Time=41.3s
2026-03-08 13:40:56,456 [CLIENT-0] Round 38: Starting local training...
2026-03-08 13:41:37,655 [CLIENT-0]   Round 38 done | Train loss=6.4119 | SupCon=6.8914 | CE=0.0413 | TestAcc(local)=0.9990 | TestAcc(pers)=0.9981 | F1=0.9185 | Time=41.2s
2026-03-08 13:41:37,671 [CLIENT-0] Round 39: Starting local training...
2026-03-08 13:42:18,450 [CLIENT-0]   Round 39 done | Train loss=6.4122 | SupCon=6.8919 | CE=0.0394 | TestAcc(local)=0.9989 | TestAcc(pers)=0.9976 | F1=0.9016 | Time=40.8s
2026-03-08 13:42:18,468 [CLIENT-0] Round 40: Starting local training...
2026-03-08 13:42:59,035 [CLIENT-0]   Round 40 done | Train loss=6.4113 | SupCon=6.8912 | CE=0.0348 | TestAcc(local)=0.9990 | TestAcc(pers)=0.9980 | F1=0.9099 | Time=40.6s
2026-03-08 13:42:59,053 [CLIENT-0] Round 41: Starting local training...
2026-03-08 13:43:39,419 [CLIENT-0]   Round 41 done | Train loss=6.4105 | SupCon=6.8904 | CE=0.0344 | TestAcc(local)=0.9991 | TestAcc(pers)=0.9973 | F1=0.8934 | Time=40.4s
2026-03-08 13:43:39,437 [CLIENT-0] Round 42: Starting local training...
2026-03-08 13:44:20,667 [CLIENT-0]   Round 42 done | Train loss=6.4107 | SupCon=6.8911 | CE=0.0285 | TestAcc(local)=0.9990 | TestAcc(pers)=0.9981 | F1=0.9151 | Time=41.2s
2026-03-08 13:44:20,681 [CLIENT-0] Round 43: Starting local training...
2026-03-08 13:45:02,094 [CLIENT-0]   Round 43 done | Train loss=6.4106 | SupCon=6.8912 | CE=0.0252 | TestAcc(local)=0.9990 | TestAcc(pers)=0.9984 | F1=0.9260 | Time=41.4s
2026-03-08 13:45:02,110 [CLIENT-0] Round 44: Starting local training...
2026-03-08 13:45:43,592 [CLIENT-0]   Round 44 done | Train loss=6.4112 | SupCon=6.8919 | CE=0.0253 | TestAcc(local)=0.9991 | TestAcc(pers)=0.9982 | F1=0.9138 | Time=41.5s
2026-03-08 13:45:43,605 [CLIENT-0] Round 45: Starting local training...
2026-03-08 13:46:24,218 [CLIENT-0]   Round 45 done | Train loss=6.4096 | SupCon=6.8903 | CE=0.0228 | TestAcc(local)=0.9990 | TestAcc(pers)=0.9982 | F1=0.9127 | Time=40.6s
2026-03-08 13:46:24,231 [CLIENT-0] Round 46: Starting local training...
2026-03-08 13:47:05,298 [CLIENT-0]   Round 46 done | Train loss=6.4108 | SupCon=6.8916 | CE=0.0234 | TestAcc(local)=0.9989 | TestAcc(pers)=0.9982 | F1=0.9195 | Time=41.1s
2026-03-08 13:47:05,312 [CLIENT-0] Round 47: Starting local training...
2026-03-08 13:47:46,180 [CLIENT-0]   Round 47 done | Train loss=6.4100 | SupCon=6.8911 | CE=0.0183 | TestAcc(local)=0.9991 | TestAcc(pers)=0.9983 | F1=0.9247 | Time=40.9s
2026-03-08 13:47:46,193 [CLIENT-0] Round 48: Starting local training...
2026-03-08 13:48:27,190 [CLIENT-0]   Round 48 done | Train loss=6.4108 | SupCon=6.8920 | CE=0.0183 | TestAcc(local)=0.9991 | TestAcc(pers)=0.9981 | F1=0.9078 | Time=41.0s
2026-03-08 13:48:27,206 [CLIENT-0] Round 49: Starting local training...
2026-03-08 13:49:07,466 [CLIENT-0]   Round 49 done | Train loss=6.4099 | SupCon=6.8912 | CE=0.0158 | TestAcc(local)=0.9991 | TestAcc(pers)=0.9976 | F1=0.8924 | Time=40.3s
2026-03-08 13:49:07,480 [CLIENT-0] Round 50: Starting local training...
2026-03-08 13:49:48,129 [CLIENT-0]   Round 50 done | Train loss=6.4090 | SupCon=6.8901 | CE=0.0173 | TestAcc(local)=0.9990 | TestAcc(pers)=0.9987 | F1=0.9396 | Time=40.6s
2026-03-08 13:49:48,141 [CLIENT-0] Round 51: Starting local training...
2026-03-08 13:50:29,104 [CLIENT-0]   Round 51 done | Train loss=6.4093 | SupCon=6.8905 | CE=0.0165 | TestAcc(local)=0.9991 | TestAcc(pers)=0.9984 | F1=0.9262 | Time=41.0s
2026-03-08 13:50:29,117 [CLIENT-0] Round 52: Starting local training...
2026-03-08 13:51:10,148 [CLIENT-0]   Round 52 done | Train loss=6.4086 | SupCon=6.8899 | CE=0.0133 | TestAcc(local)=0.9991 | TestAcc(pers)=0.9991 | F1=0.9549 | Time=41.0s
2026-03-08 13:51:10,163 [CLIENT-0] Round 53: Starting local training...
2026-03-08 13:51:51,184 [CLIENT-0]   Round 53 done | Train loss=6.4086 | SupCon=6.8899 | CE=0.0154 | TestAcc(local)=0.9990 | TestAcc(pers)=0.9983 | F1=0.9173 | Time=41.0s
2026-03-08 13:51:51,198 [CLIENT-0] Round 54: Starting local training...
2026-03-08 13:52:32,135 [CLIENT-0]   Round 54 done | Train loss=6.4092 | SupCon=6.8908 | CE=0.0104 | TestAcc(local)=0.9991 | TestAcc(pers)=0.9987 | F1=0.9342 | Time=40.9s
2026-03-08 13:52:32,147 [CLIENT-0] Round 55: Starting local training...
2026-03-08 13:53:12,795 [CLIENT-0]   Round 55 done | Train loss=6.4089 | SupCon=6.8905 | CE=0.0112 | TestAcc(local)=0.9993 | TestAcc(pers)=0.9993 | F1=0.9670 | Time=40.6s
2026-03-08 13:53:12,812 [CLIENT-0] Round 56: Starting local training...
2026-03-08 13:53:53,757 [CLIENT-0]   Round 56 done | Train loss=6.4081 | SupCon=6.8897 | CE=0.0095 | TestAcc(local)=0.9991 | TestAcc(pers)=0.9989 | F1=0.9481 | Time=40.9s
2026-03-08 13:53:53,771 [CLIENT-0] Round 57: Starting local training...
2026-03-08 13:54:34,327 [CLIENT-0]   Round 57 done | Train loss=6.4095 | SupCon=6.8913 | CE=0.0093 | TestAcc(local)=0.9991 | TestAcc(pers)=0.9991 | F1=0.9570 | Time=40.6s
2026-03-08 13:54:34,338 [CLIENT-0] Round 58: Starting local training...
2026-03-08 13:55:15,249 [CLIENT-0]   Round 58 done | Train loss=6.4095 | SupCon=6.8912 | CE=0.0087 | TestAcc(local)=0.9991 | TestAcc(pers)=0.9990 | F1=0.9523 | Time=40.9s
2026-03-08 13:55:15,262 [CLIENT-0] Round 59: Starting local training...
2026-03-08 13:55:55,740 [CLIENT-0]   Round 59 done | Train loss=6.4089 | SupCon=6.8906 | CE=0.0093 | TestAcc(local)=0.9991 | TestAcc(pers)=0.9990 | F1=0.9534 | Time=40.5s
2026-03-08 13:55:55,757 [CLIENT-0] Round 60: Starting local training...
2026-03-08 13:56:36,422 [CLIENT-0]   Round 60 done | Train loss=6.4076 | SupCon=6.8893 | CE=0.0073 | TestAcc(local)=0.9990 | TestAcc(pers)=0.9990 | F1=0.9525 | Time=40.7s
2026-03-08 13:56:36,433 [CLIENT-0] Round 61: Starting local training...
2026-03-08 13:57:17,421 [CLIENT-0]   Round 61 done | Train loss=6.4089 | SupCon=6.8907 | CE=0.0073 | TestAcc(local)=0.9991 | TestAcc(pers)=0.9990 | F1=0.9510 | Time=41.0s
2026-03-08 13:57:17,433 [CLIENT-0] Round 62: Starting local training...
2026-03-08 13:57:58,354 [CLIENT-0]   Round 62 done | Train loss=6.4083 | SupCon=6.8902 | CE=0.0065 | TestAcc(local)=0.9991 | TestAcc(pers)=0.9990 | F1=0.9510 | Time=40.9s
2026-03-08 13:57:58,365 [CLIENT-0] Round 63: Starting local training...
2026-03-08 13:58:39,241 [CLIENT-0]   Round 63 done | Train loss=6.4088 | SupCon=6.8908 | CE=0.0056 | TestAcc(local)=0.9991 | TestAcc(pers)=0.9990 | F1=0.9510 | Time=40.9s
2026-03-08 13:58:39,256 [CLIENT-0] Round 64: Starting local training...
2026-03-08 13:59:20,669 [CLIENT-0]   Round 64 done | Train loss=6.4082 | SupCon=6.8901 | CE=0.0057 | TestAcc(local)=0.9992 | TestAcc(pers)=0.9990 | F1=0.9518 | Time=41.4s
2026-03-08 13:59:20,686 [CLIENT-0] Round 65: Starting local training...
2026-03-08 14:00:01,422 [CLIENT-0]   Round 65 done | Train loss=6.4078 | SupCon=6.8898 | CE=0.0049 | TestAcc(local)=0.9991 | TestAcc(pers)=0.9989 | F1=0.9490 | Time=40.7s
2026-03-08 14:00:01,432 [CLIENT-0] Round 66: Starting local training...
2026-03-08 14:00:42,037 [CLIENT-0]   Round 66 done | Train loss=6.4092 | SupCon=6.8910 | CE=0.0078 | TestAcc(local)=0.9993 | TestAcc(pers)=0.9991 | F1=0.9596 | Time=40.6s
2026-03-08 14:00:42,056 [CLIENT-0] Round 67: Starting local training...
2026-03-08 14:01:22,744 [CLIENT-0]   Round 67 done | Train loss=6.4084 | SupCon=6.8904 | CE=0.0047 | TestAcc(local)=0.9994 | TestAcc(pers)=0.9992 | F1=0.9640 | Time=40.7s
2026-03-08 14:01:22,762 [CLIENT-0] Round 68: Starting local training...
2026-03-08 14:02:03,723 [CLIENT-0]   Round 68 done | Train loss=6.4078 | SupCon=6.8898 | CE=0.0040 | TestAcc(local)=0.9991 | TestAcc(pers)=0.9990 | F1=0.9527 | Time=41.0s
2026-03-08 14:02:03,736 [CLIENT-0] Round 69: Starting local training...
2026-03-08 14:02:43,904 [CLIENT-0]   Round 69 done | Train loss=6.4074 | SupCon=6.8894 | CE=0.0042 | TestAcc(local)=0.9991 | TestAcc(pers)=0.9990 | F1=0.9534 | Time=40.2s
2026-03-08 14:02:43,914 [CLIENT-0] Round 70: Starting local training...
2026-03-08 14:03:19,668 [CLIENT-0]   Round 70 done | Train loss=6.4076 | SupCon=6.8896 | CE=0.0035 | TestAcc(local)=0.9992 | TestAcc(pers)=0.9992 | F1=0.9611 | Time=35.8s
2026-03-08 14:03:19,679 [CLIENT-0] Round 71: Starting local training...
2026-03-08 14:03:55,526 [CLIENT-0]   Round 71 done | Train loss=6.4076 | SupCon=6.8896 | CE=0.0031 | TestAcc(local)=0.9992 | TestAcc(pers)=0.9990 | F1=0.9518 | Time=35.8s
2026-03-08 14:03:55,536 [CLIENT-0] Round 72: Starting local training...
2026-03-08 14:04:30,934 [CLIENT-0]   Round 72 done | Train loss=6.4078 | SupCon=6.8899 | CE=0.0035 | TestAcc(local)=0.9992 | TestAcc(pers)=0.9993 | F1=0.9631 | Time=35.4s
2026-03-08 14:04:30,947 [CLIENT-0] Round 73: Starting local training...
2026-03-08 14:05:06,137 [CLIENT-0]   Round 73 done | Train loss=6.4075 | SupCon=6.8896 | CE=0.0029 | TestAcc(local)=0.9992 | TestAcc(pers)=0.9991 | F1=0.9549 | Time=35.2s
2026-03-08 14:05:06,147 [CLIENT-0] Round 74: Starting local training...
2026-03-08 14:05:41,323 [CLIENT-0]   Round 74 done | Train loss=6.4072 | SupCon=6.8892 | CE=0.0026 | TestAcc(local)=0.9991 | TestAcc(pers)=0.9991 | F1=0.9564 | Time=35.2s
2026-03-08 14:05:41,333 [CLIENT-0] Round 75: Starting local training...
2026-03-08 14:06:16,475 [CLIENT-0]   Round 75 done | Train loss=6.4093 | SupCon=6.8914 | CE=0.0031 | TestAcc(local)=0.9992 | TestAcc(pers)=0.9991 | F1=0.9578 | Time=35.1s
2026-03-08 14:06:16,486 [CLIENT-0] Round 76: Starting local training...
2026-03-08 14:06:52,296 [CLIENT-0]   Round 76 done | Train loss=6.4079 | SupCon=6.8900 | CE=0.0031 | TestAcc(local)=0.9991 | TestAcc(pers)=0.9992 | F1=0.9585 | Time=35.8s
2026-03-08 14:06:52,306 [CLIENT-0] Round 77: Starting local training...
2026-03-08 14:07:28,141 [CLIENT-0]   Round 77 done | Train loss=6.4091 | SupCon=6.8912 | CE=0.0030 | TestAcc(local)=0.9993 | TestAcc(pers)=0.9993 | F1=0.9685 | Time=35.8s
2026-03-08 14:07:28,155 [CLIENT-0] Round 78: Starting local training...
2026-03-08 14:08:03,579 [CLIENT-0]   Round 78 done | Train loss=6.4084 | SupCon=6.8906 | CE=0.0023 | TestAcc(local)=0.9994 | TestAcc(pers)=0.9994 | F1=0.9701 | Time=35.4s
2026-03-08 14:08:03,592 [CLIENT-0] Round 79: Starting local training...
2026-03-08 14:08:39,148 [CLIENT-0]   Round 79 done | Train loss=6.4097 | SupCon=6.8918 | CE=0.0049 | TestAcc(local)=0.9992 | TestAcc(pers)=0.9994 | F1=0.9731 | Time=35.6s
2026-03-08 14:08:39,159 [CLIENT-0] Round 80: Starting local training...
2026-03-08 14:09:14,376 [CLIENT-0]   Round 80 done | Train loss=6.4081 | SupCon=6.8902 | CE=0.0028 | TestAcc(local)=0.9994 | TestAcc(pers)=0.9992 | F1=0.9626 | Time=35.2s
2026-03-08 14:09:14,390 [CLIENT-0] Round 81: Starting local training...
2026-03-08 14:09:49,983 [CLIENT-0]   Round 81 done | Train loss=6.4079 | SupCon=6.8901 | CE=0.0023 | TestAcc(local)=0.9992 | TestAcc(pers)=0.9992 | F1=0.9624 | Time=35.6s
2026-03-08 14:09:49,994 [CLIENT-0] Round 82: Starting local training...
2026-03-08 14:10:25,451 [CLIENT-0]   Round 82 done | Train loss=6.4081 | SupCon=6.8903 | CE=0.0022 | TestAcc(local)=0.9995 | TestAcc(pers)=0.9994 | F1=0.9701 | Time=35.5s
2026-03-08 14:10:25,465 [CLIENT-0] Round 83: Starting local training...
2026-03-08 14:11:01,947 [CLIENT-0]   Round 83 done | Train loss=6.4080 | SupCon=6.8901 | CE=0.0020 | TestAcc(local)=0.9995 | TestAcc(pers)=0.9993 | F1=0.9678 | Time=36.5s
2026-03-08 14:11:01,960 [CLIENT-0] Round 84: Starting local training...
2026-03-08 14:11:38,389 [CLIENT-0]   Round 84 done | Train loss=6.4075 | SupCon=6.8896 | CE=0.0028 | TestAcc(local)=0.9994 | TestAcc(pers)=0.9994 | F1=0.9716 | Time=36.4s
2026-03-08 14:11:38,402 [CLIENT-0] Round 85: Starting local training...
2026-03-08 14:12:14,845 [CLIENT-0]   Round 85 done | Train loss=6.4076 | SupCon=6.8897 | CE=0.0016 | TestAcc(local)=0.9994 | TestAcc(pers)=0.9994 | F1=0.9723 | Time=36.4s
2026-03-08 14:12:14,858 [CLIENT-0] Round 86: Starting local training...
2026-03-08 14:12:52,143 [CLIENT-0]   Round 86 done | Train loss=6.4076 | SupCon=6.8898 | CE=0.0022 | TestAcc(local)=0.9992 | TestAcc(pers)=0.9991 | F1=0.9563 | Time=37.3s
2026-03-08 14:12:52,157 [CLIENT-0] Round 87: Starting local training...
2026-03-08 14:13:29,153 [CLIENT-0]   Round 87 done | Train loss=6.4076 | SupCon=6.8898 | CE=0.0024 | TestAcc(local)=0.9992 | TestAcc(pers)=0.9990 | F1=0.9527 | Time=37.0s
2026-03-08 14:13:29,165 [CLIENT-0] Round 88: Starting local training...
2026-03-08 14:14:05,845 [CLIENT-0]   Round 88 done | Train loss=6.4075 | SupCon=6.8897 | CE=0.0019 | TestAcc(local)=0.9992 | TestAcc(pers)=0.9992 | F1=0.9624 | Time=36.7s
2026-03-08 14:14:05,856 [CLIENT-0] Round 89: Starting local training...
2026-03-08 14:14:42,734 [CLIENT-0]   Round 89 done | Train loss=6.4083 | SupCon=6.8905 | CE=0.0019 | TestAcc(local)=0.9995 | TestAcc(pers)=0.9994 | F1=0.9708 | Time=36.9s
2026-03-08 14:14:42,746 [CLIENT-0] Round 90: Starting local training...
2026-03-08 14:15:19,534 [CLIENT-0]   Round 90 done | Train loss=6.4068 | SupCon=6.8890 | CE=0.0015 | TestAcc(local)=0.9995 | TestAcc(pers)=0.9995 | F1=0.9754 | Time=36.8s
2026-03-08 14:15:19,549 [CLIENT-0] Round 91: Starting local training...
2026-03-08 14:15:56,266 [CLIENT-0]   Round 91 done | Train loss=6.4077 | SupCon=6.8898 | CE=0.0026 | TestAcc(local)=0.9993 | TestAcc(pers)=0.9994 | F1=0.9708 | Time=36.7s
2026-03-08 14:15:56,279 [CLIENT-0] Round 92: Starting local training...
2026-03-08 14:16:33,669 [CLIENT-0]   Round 92 done | Train loss=6.4075 | SupCon=6.8896 | CE=0.0025 | TestAcc(local)=0.9994 | TestAcc(pers)=0.9994 | F1=0.9701 | Time=37.4s
2026-03-08 14:16:33,680 [CLIENT-0] Round 93: Starting local training...
2026-03-08 14:17:10,547 [CLIENT-0]   Round 93 done | Train loss=6.4081 | SupCon=6.8903 | CE=0.0012 | TestAcc(local)=0.9994 | TestAcc(pers)=0.9994 | F1=0.9701 | Time=36.9s
2026-03-08 14:17:10,559 [CLIENT-0] Round 94: Starting local training...
2026-03-08 14:17:47,289 [CLIENT-0]   Round 94 done | Train loss=6.4079 | SupCon=6.8901 | CE=0.0010 | TestAcc(local)=0.9995 | TestAcc(pers)=0.9994 | F1=0.9716 | Time=36.7s
2026-03-08 14:17:47,299 [CLIENT-0] Round 95: Starting local training...
2026-03-08 14:18:23,889 [CLIENT-0]   Round 95 done | Train loss=6.4078 | SupCon=6.8901 | CE=0.0011 | TestAcc(local)=0.9994 | TestAcc(pers)=0.9994 | F1=0.9723 | Time=36.6s
2026-03-08 14:18:23,905 [CLIENT-0] Round 96: Starting local training...
2026-03-08 14:19:00,481 [CLIENT-0]   Round 96 done | Train loss=6.4078 | SupCon=6.8900 | CE=0.0015 | TestAcc(local)=0.9994 | TestAcc(pers)=0.9993 | F1=0.9685 | Time=36.6s
2026-03-08 14:19:00,498 [CLIENT-0] Round 97: Starting local training...
2026-03-08 14:19:37,782 [CLIENT-0]   Round 97 done | Train loss=6.4083 | SupCon=6.8905 | CE=0.0019 | TestAcc(local)=0.9994 | TestAcc(pers)=0.9993 | F1=0.9685 | Time=37.3s
2026-03-08 14:19:37,792 [CLIENT-0] Round 98: Starting local training...
2026-03-08 14:20:14,752 [CLIENT-0]   Round 98 done | Train loss=6.4075 | SupCon=6.8896 | CE=0.0018 | TestAcc(local)=0.9995 | TestAcc(pers)=0.9993 | F1=0.9685 | Time=37.0s
2026-03-08 14:20:14,767 [CLIENT-0] Round 99: Starting local training...
2026-03-08 14:20:50,533 [CLIENT-0]   Round 99 done | Train loss=6.4073 | SupCon=6.8895 | CE=0.0014 | TestAcc(local)=0.9994 | TestAcc(pers)=0.9994 | F1=0.9701 | Time=35.8s
2026-03-08 14:20:50,544 [CLIENT-0] Round 100: Starting local training...
2026-03-08 14:21:27,298 [CLIENT-0]   Round 100 done | Train loss=6.4074 | SupCon=6.8896 | CE=0.0009 | TestAcc(local)=0.9994 | TestAcc(pers)=0.9992 | F1=0.9625 | Time=36.8s
2026-03-08 14:21:27,311 [CLIENT-0] Received SHUTDOWN from server. Training complete.
2026-03-08 14:21:27,319 [CLIENT-0] Client done.
