2026-03-12 11:47:00,146 [C1-MC-P0.7] Client 1 | MULTICLASS | LABEL_PROPORTION=0.7
2026-03-12 11:47:06,364 [C1-MC-P0.7] Labeled: 3246 / 4646
2026-03-12 11:47:41,217 [C1-MC-P0.7]   R1 Acc_P=0.0329 F1_P=0.0237
2026-03-12 11:51:10,475 [C1-MC-P0.7]   R2 Acc_P=0.0832 F1_P=0.0834
2026-03-12 11:54:40,566 [C1-MC-P0.7]   R3 Acc_P=0.1146 F1_P=0.1931
2026-03-12 11:57:14,908 [C1-MC-P0.7]   R4 Acc_P=0.1147 F1_P=0.1829
2026-03-12 11:58:35,222 [C1-MC-P0.7]   R5 Acc_P=0.1380 F1_P=0.2133
2026-03-12 11:59:54,850 [C1-MC-P0.7]   R6 Acc_P=0.1138 F1_P=0.1936
2026-03-12 12:01:13,727 [C1-MC-P0.7]   R7 Acc_P=0.1108 F1_P=0.2013
2026-03-12 12:02:36,509 [C1-MC-P0.7]   R8 Acc_P=0.1633 F1_P=0.2433
2026-03-12 12:03:59,810 [C1-MC-P0.7]   R9 Acc_P=0.5014 F1_P=0.3323
2026-03-12 12:05:23,352 [C1-MC-P0.7]   R10 Acc_P=0.5132 F1_P=0.4043
2026-03-12 12:06:47,463 [C1-MC-P0.7]   R11 Acc_P=0.6023 F1_P=0.4774
2026-03-12 12:08:11,768 [C1-MC-P0.7]   R12 Acc_P=0.6585 F1_P=0.4530
2026-03-12 12:09:34,693 [C1-MC-P0.7]   R13 Acc_P=0.6887 F1_P=0.4965
2026-03-12 12:10:57,259 [C1-MC-P0.7]   R14 Acc_P=0.7100 F1_P=0.4714
2026-03-12 12:12:21,754 [C1-MC-P0.7]   R15 Acc_P=0.7476 F1_P=0.4908
2026-03-12 12:13:43,360 [C1-MC-P0.7]   R16 Acc_P=0.7619 F1_P=0.5097
2026-03-12 12:15:06,958 [C1-MC-P0.7]   R17 Acc_P=0.7554 F1_P=0.4896
2026-03-12 12:16:29,924 [C1-MC-P0.7]   R18 Acc_P=0.7496 F1_P=0.5101
2026-03-12 12:17:53,098 [C1-MC-P0.7]   R19 Acc_P=0.7646 F1_P=0.5241
2026-03-12 12:19:17,364 [C1-MC-P0.7]   R20 Acc_P=0.7757 F1_P=0.5420
2026-03-12 12:20:40,207 [C1-MC-P0.7]   R21 Acc_P=0.7903 F1_P=0.5235
2026-03-12 12:22:04,374 [C1-MC-P0.7]   R22 Acc_P=0.7679 F1_P=0.5590
2026-03-12 12:23:28,179 [C1-MC-P0.7]   R23 Acc_P=0.7534 F1_P=0.5417
2026-03-12 12:24:52,508 [C1-MC-P0.7]   R24 Acc_P=0.7612 F1_P=0.5435
2026-03-12 12:26:16,596 [C1-MC-P0.7]   R25 Acc_P=0.7387 F1_P=0.5534
2026-03-12 12:27:40,933 [C1-MC-P0.7]   R26 Acc_P=0.7546 F1_P=0.5425
2026-03-12 12:29:04,679 [C1-MC-P0.7]   R27 Acc_P=0.7235 F1_P=0.4613
2026-03-12 12:30:29,021 [C1-MC-P0.7]   R28 Acc_P=0.7434 F1_P=0.4687
2026-03-12 12:31:51,453 [C1-MC-P0.7]   R29 Acc_P=0.7423 F1_P=0.5134
2026-03-12 12:33:14,412 [C1-MC-P0.7]   R30 Acc_P=0.7756 F1_P=0.5340
2026-03-12 12:34:38,043 [C1-MC-P0.7]   R31 Acc_P=0.7584 F1_P=0.5462
2026-03-12 12:36:01,118 [C1-MC-P0.7]   R32 Acc_P=0.7319 F1_P=0.4756
2026-03-12 12:37:24,892 [C1-MC-P0.7]   R33 Acc_P=0.7374 F1_P=0.5491
2026-03-12 12:38:49,430 [C1-MC-P0.7]   R34 Acc_P=0.7313 F1_P=0.4796
2026-03-12 12:40:13,473 [C1-MC-P0.7]   R35 Acc_P=0.7318 F1_P=0.4778
2026-03-12 12:41:37,599 [C1-MC-P0.7]   R36 Acc_P=0.7309 F1_P=0.4836
2026-03-12 12:43:01,826 [C1-MC-P0.7]   R37 Acc_P=0.7506 F1_P=0.4901
2026-03-12 12:44:26,516 [C1-MC-P0.7]   R38 Acc_P=0.7464 F1_P=0.4939
2026-03-12 12:45:51,038 [C1-MC-P0.7]   R39 Acc_P=0.7839 F1_P=0.5186
2026-03-12 12:47:13,697 [C1-MC-P0.7]   R40 Acc_P=0.8101 F1_P=0.5419
2026-03-12 12:48:37,512 [C1-MC-P0.7]   R41 Acc_P=0.8090 F1_P=0.5303
2026-03-12 12:50:00,633 [C1-MC-P0.7]   R42 Acc_P=0.8258 F1_P=0.5452
2026-03-12 12:51:24,564 [C1-MC-P0.7]   R43 Acc_P=0.8236 F1_P=0.6002
2026-03-12 12:52:48,241 [C1-MC-P0.7]   R44 Acc_P=0.8295 F1_P=0.5260
2026-03-12 12:54:11,774 [C1-MC-P0.7]   R45 Acc_P=0.8222 F1_P=0.5539
2026-03-12 12:55:35,355 [C1-MC-P0.7]   R46 Acc_P=0.8151 F1_P=0.5783
2026-03-12 12:56:58,588 [C1-MC-P0.7]   R47 Acc_P=0.8636 F1_P=0.5644
2026-03-12 12:58:22,269 [C1-MC-P0.7]   R48 Acc_P=0.8130 F1_P=0.5274
2026-03-12 12:59:47,261 [C1-MC-P0.7]   R49 Acc_P=0.8098 F1_P=0.5454
2026-03-12 13:01:10,858 [C1-MC-P0.7]   R50 Acc_P=0.8032 F1_P=0.5272
2026-03-12 13:02:34,146 [C1-MC-P0.7]   R51 Acc_P=0.8272 F1_P=0.5937
2026-03-12 13:03:58,313 [C1-MC-P0.7]   R52 Acc_P=0.8294 F1_P=0.5866
2026-03-12 13:05:23,052 [C1-MC-P0.7]   R53 Acc_P=0.8409 F1_P=0.5627
2026-03-12 13:06:47,035 [C1-MC-P0.7]   R54 Acc_P=0.8353 F1_P=0.5502
2026-03-12 13:08:10,583 [C1-MC-P0.7]   R55 Acc_P=0.8317 F1_P=0.5560
2026-03-12 13:09:35,390 [C1-MC-P0.7]   R56 Acc_P=0.8236 F1_P=0.5505
2026-03-12 13:10:58,499 [C1-MC-P0.7]   R57 Acc_P=0.8180 F1_P=0.5460
2026-03-12 13:12:23,858 [C1-MC-P0.7]   R58 Acc_P=0.8316 F1_P=0.6006
2026-03-12 13:13:47,437 [C1-MC-P0.7]   R59 Acc_P=0.8638 F1_P=0.5708
2026-03-12 13:15:11,064 [C1-MC-P0.7]   R60 Acc_P=0.8234 F1_P=0.5329
2026-03-12 13:16:30,360 [C1-MC-P0.7]   R61 Acc_P=0.8080 F1_P=0.6062
2026-03-12 13:17:48,685 [C1-MC-P0.7]   R62 Acc_P=0.8233 F1_P=0.5980
2026-03-12 13:19:08,636 [C1-MC-P0.7]   R63 Acc_P=0.8367 F1_P=0.6112
2026-03-12 13:20:30,243 [C1-MC-P0.7]   R64 Acc_P=0.8340 F1_P=0.6112
2026-03-12 13:21:52,806 [C1-MC-P0.7]   R65 Acc_P=0.8301 F1_P=0.5822
2026-03-12 13:23:15,350 [C1-MC-P0.7]   R66 Acc_P=0.8404 F1_P=0.6436
2026-03-12 13:24:37,289 [C1-MC-P0.7]   R67 Acc_P=0.8250 F1_P=0.6575
2026-03-12 13:26:00,467 [C1-MC-P0.7]   R68 Acc_P=0.8325 F1_P=0.6657
2026-03-12 13:27:22,285 [C1-MC-P0.7]   R69 Acc_P=0.8954 F1_P=0.5896
2026-03-12 13:28:46,024 [C1-MC-P0.7]   R70 Acc_P=0.8232 F1_P=0.5193
2026-03-12 13:30:09,008 [C1-MC-P0.7]   R71 Acc_P=0.8611 F1_P=0.5458
2026-03-12 13:31:32,244 [C1-MC-P0.7]   R72 Acc_P=0.8279 F1_P=0.5921
2026-03-12 13:32:56,269 [C1-MC-P0.7]   R73 Acc_P=0.8355 F1_P=0.6104
2026-03-12 13:34:19,700 [C1-MC-P0.7]   R74 Acc_P=0.8435 F1_P=0.6350
2026-03-12 13:35:56,760 [C1-MC-P0.7]   R75 Acc_P=0.8444 F1_P=0.6720
2026-03-12 13:38:08,634 [C1-MC-P0.7]   R76 Acc_P=0.8356 F1_P=0.6129
2026-03-12 13:39:27,067 [C1-MC-P0.7]   R77 Acc_P=0.8670 F1_P=0.6991
2026-03-12 13:40:45,365 [C1-MC-P0.7]   R78 Acc_P=0.8496 F1_P=0.5450
2026-03-12 13:42:03,456 [C1-MC-P0.7]   R79 Acc_P=0.8671 F1_P=0.5636
2026-03-12 13:43:48,838 [C1-MC-P0.7]   R80 Acc_P=0.8492 F1_P=0.5986
2026-03-12 13:45:08,543 [C1-MC-P0.7]   R81 Acc_P=0.8391 F1_P=0.6672
2026-03-12 13:46:26,382 [C1-MC-P0.7]   R82 Acc_P=0.8465 F1_P=0.6134
2026-03-12 13:47:45,756 [C1-MC-P0.7]   R83 Acc_P=0.8379 F1_P=0.6365
2026-03-12 13:49:05,138 [C1-MC-P0.7]   R84 Acc_P=0.8459 F1_P=0.7085
2026-03-12 13:50:23,778 [C1-MC-P0.7]   R85 Acc_P=0.8485 F1_P=0.6210
2026-03-12 13:51:42,668 [C1-MC-P0.7]   R86 Acc_P=0.8504 F1_P=0.6442
2026-03-12 13:53:01,515 [C1-MC-P0.7]   R87 Acc_P=0.8512 F1_P=0.6505
2026-03-12 13:55:56,501 [C1-MC-P0.7]   R88 Acc_P=0.8885 F1_P=0.6409
2026-03-12 13:57:15,193 [C1-MC-P0.7]   R89 Acc_P=0.8391 F1_P=0.6269
2026-03-12 13:58:33,332 [C1-MC-P0.7]   R90 Acc_P=0.8379 F1_P=0.6283
2026-03-12 13:59:51,945 [C1-MC-P0.7]   R91 Acc_P=0.8850 F1_P=0.6578
2026-03-12 14:01:10,753 [C1-MC-P0.7]   R92 Acc_P=0.8475 F1_P=0.6206
2026-03-12 14:02:29,885 [C1-MC-P0.7]   R93 Acc_P=0.8645 F1_P=0.6988
2026-03-12 14:03:49,219 [C1-MC-P0.7]   R94 Acc_P=0.8311 F1_P=0.6203
2026-03-12 14:07:14,264 [C1-MC-P0.7]   R95 Acc_P=0.8795 F1_P=0.6419
2026-03-12 14:10:13,062 [C1-MC-P0.7]   R96 Acc_P=0.8735 F1_P=0.6565
2026-03-12 14:11:31,302 [C1-MC-P0.7]   R97 Acc_P=0.8841 F1_P=0.6570
2026-03-12 14:12:51,846 [C1-MC-P0.7]   R98 Acc_P=0.8766 F1_P=0.7271
2026-03-12 14:14:12,684 [C1-MC-P0.7]   R99 Acc_P=0.8492 F1_P=0.7202
2026-03-12 14:15:34,886 [C1-MC-P0.7]   R100 Acc_P=0.8847 F1_P=0.6254
2026-03-12 14:16:45,779 [C1-MC-P0.7] Final: Acc=0.8847 F1=0.6254
2026-03-12 14:16:45,779 [C1-MC-P0.7] Grouped F1: {'BruteForce': 44.41, 'Bot': 98.84, 'DoS': 47.5, 'DDoS': 98.53, 'Infiltration': 34.03, 'Web Attacks': 0.0}
