2026-03-12 11:46:58,997 [C0-MC-P0.7] Client 0 | MULTICLASS | LABEL_PROPORTION=0.7
2026-03-12 11:47:11,588 [C0-MC-P0.7] Labeled: 17744 / 25353
2026-03-12 11:50:44,193 [C0-MC-P0.7]   R1 Acc_P=0.0011 F1_P=0.0002
2026-03-12 11:54:13,655 [C0-MC-P0.7]   R2 Acc_P=0.2322 F1_P=0.0381
2026-03-12 11:57:05,153 [C0-MC-P0.7]   R3 Acc_P=0.3642 F1_P=0.0445
2026-03-12 11:58:25,378 [C0-MC-P0.7]   R4 Acc_P=0.4805 F1_P=0.0573
2026-03-12 11:59:43,964 [C0-MC-P0.7]   R5 Acc_P=0.7785 F1_P=0.0758
2026-03-12 12:01:02,962 [C0-MC-P0.7]   R6 Acc_P=0.8482 F1_P=0.0794
2026-03-12 12:02:26,330 [C0-MC-P0.7]   R7 Acc_P=0.9319 F1_P=0.0937
2026-03-12 12:03:49,717 [C0-MC-P0.7]   R8 Acc_P=0.9019 F1_P=0.0904
2026-03-12 12:05:13,037 [C0-MC-P0.7]   R9 Acc_P=0.8942 F1_P=0.0898
2026-03-12 12:06:36,561 [C0-MC-P0.7]   R10 Acc_P=0.9141 F1_P=0.1089
2026-03-12 12:08:00,756 [C0-MC-P0.7]   R11 Acc_P=0.9150 F1_P=0.1038
2026-03-12 12:09:24,353 [C0-MC-P0.7]   R12 Acc_P=0.9513 F1_P=0.1107
2026-03-12 12:10:47,011 [C0-MC-P0.7]   R13 Acc_P=0.9676 F1_P=0.1457
2026-03-12 12:12:10,508 [C0-MC-P0.7]   R14 Acc_P=0.9504 F1_P=0.1693
2026-03-12 12:13:33,290 [C0-MC-P0.7]   R15 Acc_P=0.9682 F1_P=0.1017
2026-03-12 12:14:56,436 [C0-MC-P0.7]   R16 Acc_P=0.9741 F1_P=0.1636
2026-03-12 12:16:19,695 [C0-MC-P0.7]   R17 Acc_P=0.9771 F1_P=0.1613
2026-03-12 12:17:42,764 [C0-MC-P0.7]   R18 Acc_P=0.9819 F1_P=0.1491
2026-03-12 12:19:06,330 [C0-MC-P0.7]   R19 Acc_P=0.9729 F1_P=0.1359
2026-03-12 12:20:29,848 [C0-MC-P0.7]   R20 Acc_P=0.9759 F1_P=0.1359
2026-03-12 12:21:53,637 [C0-MC-P0.7]   R21 Acc_P=0.9755 F1_P=0.1413
2026-03-12 12:23:17,635 [C0-MC-P0.7]   R22 Acc_P=0.9809 F1_P=0.1502
2026-03-12 12:24:41,999 [C0-MC-P0.7]   R23 Acc_P=0.9725 F1_P=0.1361
2026-03-12 12:26:05,904 [C0-MC-P0.7]   R24 Acc_P=0.9752 F1_P=0.1858
2026-03-12 12:27:30,011 [C0-MC-P0.7]   R25 Acc_P=0.9773 F1_P=0.1390
2026-03-12 12:28:54,124 [C0-MC-P0.7]   R26 Acc_P=0.9692 F1_P=0.1221
2026-03-12 12:30:18,548 [C0-MC-P0.7]   R27 Acc_P=0.9863 F1_P=0.1602
2026-03-12 12:31:41,176 [C0-MC-P0.7]   R28 Acc_P=0.9770 F1_P=0.1455
2026-03-12 12:33:03,972 [C0-MC-P0.7]   R29 Acc_P=0.9833 F1_P=0.1444
2026-03-12 12:34:27,531 [C0-MC-P0.7]   R30 Acc_P=0.9866 F1_P=0.1584
2026-03-12 12:35:50,484 [C0-MC-P0.7]   R31 Acc_P=0.9837 F1_P=0.2299
2026-03-12 12:37:13,451 [C0-MC-P0.7]   R32 Acc_P=0.9891 F1_P=0.1642
2026-03-12 12:38:38,042 [C0-MC-P0.7]   R33 Acc_P=0.9879 F1_P=0.1650
2026-03-12 12:40:02,699 [C0-MC-P0.7]   R34 Acc_P=0.9880 F1_P=0.1570
2026-03-12 12:41:26,769 [C0-MC-P0.7]   R35 Acc_P=0.9891 F1_P=0.1622
2026-03-12 12:42:50,897 [C0-MC-P0.7]   R36 Acc_P=0.9903 F1_P=0.1720
2026-03-12 12:44:15,807 [C0-MC-P0.7]   R37 Acc_P=0.9891 F1_P=0.1617
2026-03-12 12:45:39,873 [C0-MC-P0.7]   R38 Acc_P=0.9928 F1_P=0.2691
2026-03-12 12:47:02,920 [C0-MC-P0.7]   R39 Acc_P=0.9945 F1_P=0.2742
2026-03-12 12:48:26,548 [C0-MC-P0.7]   R40 Acc_P=0.9948 F1_P=0.2625
2026-03-12 12:49:50,035 [C0-MC-P0.7]   R41 Acc_P=0.9884 F1_P=0.2339
2026-03-12 12:51:13,452 [C0-MC-P0.7]   R42 Acc_P=0.9944 F1_P=0.2853
2026-03-12 12:52:37,280 [C0-MC-P0.7]   R43 Acc_P=0.9917 F1_P=0.2703
2026-03-12 12:54:01,203 [C0-MC-P0.7]   R44 Acc_P=0.9882 F1_P=0.2523
2026-03-12 12:55:24,828 [C0-MC-P0.7]   R45 Acc_P=0.9919 F1_P=0.3311
2026-03-12 12:56:48,081 [C0-MC-P0.7]   R46 Acc_P=0.9920 F1_P=0.3157
2026-03-12 12:58:11,428 [C0-MC-P0.7]   R47 Acc_P=0.9906 F1_P=0.3460
2026-03-12 12:59:35,951 [C0-MC-P0.7]   R48 Acc_P=0.9927 F1_P=0.3115
2026-03-12 13:01:00,256 [C0-MC-P0.7]   R49 Acc_P=0.9910 F1_P=0.2929
2026-03-12 13:02:23,472 [C0-MC-P0.7]   R50 Acc_P=0.9928 F1_P=0.3104
2026-03-12 13:03:47,815 [C0-MC-P0.7]   R51 Acc_P=0.9935 F1_P=0.3508
2026-03-12 13:05:11,672 [C0-MC-P0.7]   R52 Acc_P=0.9956 F1_P=0.3544
2026-03-12 13:06:35,659 [C0-MC-P0.7]   R53 Acc_P=0.9920 F1_P=0.3106
2026-03-12 13:07:59,892 [C0-MC-P0.7]   R54 Acc_P=0.9901 F1_P=0.3030
2026-03-12 13:09:23,717 [C0-MC-P0.7]   R55 Acc_P=0.9932 F1_P=0.3635
2026-03-12 13:10:47,840 [C0-MC-P0.7]   R56 Acc_P=0.9865 F1_P=0.2744
2026-03-12 13:12:12,249 [C0-MC-P0.7]   R57 Acc_P=0.9888 F1_P=0.3142
2026-03-12 13:13:36,222 [C0-MC-P0.7]   R58 Acc_P=0.9906 F1_P=0.2870
2026-03-12 13:15:00,172 [C0-MC-P0.7]   R59 Acc_P=0.9959 F1_P=0.3992
2026-03-12 13:16:19,588 [C0-MC-P0.7]   R60 Acc_P=0.9921 F1_P=0.3421
2026-03-12 13:17:38,170 [C0-MC-P0.7]   R61 Acc_P=0.9950 F1_P=0.3761
2026-03-12 13:18:57,769 [C0-MC-P0.7]   R62 Acc_P=0.9988 F1_P=0.4391
2026-03-12 13:20:19,745 [C0-MC-P0.7]   R63 Acc_P=0.9939 F1_P=0.3650
2026-03-12 13:21:42,435 [C0-MC-P0.7]   R64 Acc_P=0.9963 F1_P=0.3844
2026-03-12 13:23:04,388 [C0-MC-P0.7]   R65 Acc_P=0.9947 F1_P=0.3568
2026-03-12 13:24:26,642 [C0-MC-P0.7]   R66 Acc_P=0.9914 F1_P=0.3152
2026-03-12 13:25:49,260 [C0-MC-P0.7]   R67 Acc_P=0.9980 F1_P=0.4023
2026-03-12 13:27:11,784 [C0-MC-P0.7]   R68 Acc_P=0.9940 F1_P=0.3536
2026-03-12 13:28:34,730 [C0-MC-P0.7]   R69 Acc_P=0.9983 F1_P=0.4234
2026-03-12 13:29:57,871 [C0-MC-P0.7]   R70 Acc_P=0.9945 F1_P=0.3914
2026-03-12 13:31:21,805 [C0-MC-P0.7]   R71 Acc_P=0.9966 F1_P=0.3819
2026-03-12 13:32:45,261 [C0-MC-P0.7]   R72 Acc_P=0.9968 F1_P=0.3798
2026-03-12 13:34:08,425 [C0-MC-P0.7]   R73 Acc_P=0.9968 F1_P=0.5006
2026-03-12 13:35:32,223 [C0-MC-P0.7]   R74 Acc_P=0.9946 F1_P=0.4814
2026-03-12 13:37:57,885 [C0-MC-P0.7]   R75 Acc_P=0.9963 F1_P=0.5051
2026-03-12 13:39:16,855 [C0-MC-P0.7]   R76 Acc_P=0.9950 F1_P=0.4760
2026-03-12 13:40:35,386 [C0-MC-P0.7]   R77 Acc_P=0.9962 F1_P=0.4898
2026-03-12 13:41:53,929 [C0-MC-P0.7]   R78 Acc_P=0.9966 F1_P=0.5314
2026-03-12 13:43:38,726 [C0-MC-P0.7]   R79 Acc_P=0.9970 F1_P=0.5263
2026-03-12 13:44:57,881 [C0-MC-P0.7]   R80 Acc_P=0.9967 F1_P=0.5248
2026-03-12 13:46:16,468 [C0-MC-P0.7]   R81 Acc_P=0.9972 F1_P=0.5465
2026-03-12 13:47:35,105 [C0-MC-P0.7]   R82 Acc_P=0.9930 F1_P=0.5367
2026-03-12 13:48:54,416 [C0-MC-P0.7]   R83 Acc_P=0.9991 F1_P=0.5757
2026-03-12 13:50:13,699 [C0-MC-P0.7]   R84 Acc_P=0.9991 F1_P=0.5750
2026-03-12 13:51:32,598 [C0-MC-P0.7]   R85 Acc_P=0.9987 F1_P=0.5688
2026-03-12 13:52:51,599 [C0-MC-P0.7]   R86 Acc_P=0.9991 F1_P=0.5723
2026-03-12 13:55:47,825 [C0-MC-P0.7]   R87 Acc_P=0.9991 F1_P=0.5756
2026-03-12 13:57:04,416 [C0-MC-P0.7]   R88 Acc_P=0.9989 F1_P=0.5608
2026-03-12 13:58:23,200 [C0-MC-P0.7]   R89 Acc_P=0.9989 F1_P=0.5741
2026-03-12 13:59:42,002 [C0-MC-P0.7]   R90 Acc_P=0.9991 F1_P=0.5825
2026-03-12 14:01:00,680 [C0-MC-P0.7]   R91 Acc_P=0.9980 F1_P=0.5562
2026-03-12 14:02:19,537 [C0-MC-P0.7]   R92 Acc_P=0.9990 F1_P=0.5880
2026-03-12 14:03:38,501 [C0-MC-P0.7]   R93 Acc_P=0.9986 F1_P=0.5858
2026-03-12 14:06:47,605 [C0-MC-P0.7]   R94 Acc_P=0.9988 F1_P=0.5844
2026-03-12 14:10:04,432 [C0-MC-P0.7]   R95 Acc_P=0.9992 F1_P=0.6148
2026-03-12 14:11:21,275 [C0-MC-P0.7]   R96 Acc_P=0.9992 F1_P=0.6132
2026-03-12 14:12:41,691 [C0-MC-P0.7]   R97 Acc_P=0.9990 F1_P=0.6037
2026-03-12 14:14:02,166 [C0-MC-P0.7]   R98 Acc_P=0.9992 F1_P=0.6096
2026-03-12 14:15:24,009 [C0-MC-P0.7]   R99 Acc_P=0.9992 F1_P=0.6105
2026-03-12 14:16:45,572 [C0-MC-P0.7]   R100 Acc_P=0.9988 F1_P=0.5767
2026-03-12 14:16:45,908 [C0-MC-P0.7] Final: Acc=0.9988 F1=0.5767
2026-03-12 14:16:45,908 [C0-MC-P0.7] Grouped F1: {'BruteForce': 80.88, 'Bot': 66.67, 'DoS': 23.7, 'DDoS': 97.28, 'Infiltration': 16.67, 'Web Attacks': 0.0}
