[CLIENT-1-SCAFFOLD] Run started at: 2026-03-25 10:49:13
[CLIENT-1-SCAFFOLD] Run ID: 20260325_104913
[CLIENT-1-SCAFFOLD] Log file: results\scaffold_multiclass_supcon\logs\client_1_20260325_104913.log
[CLIENT-1-SCAFFOLD] ============================================================
[CLIENT-1-SCAFFOLD] FeCoGraph SCAFFOLD Client 1
[CLIENT-1-SCAFFOLD] Contrastive mode: supcon
[CLIENT-1-SCAFFOLD] Device: cpu
[CLIENT-1-SCAFFOLD] ============================================================
[CLIENT-1-SCAFFOLD] Train: 4,646 | Test: 10,842 | Labeled: 1389
[CLIENT-1-SCAFFOLD] Connecting to server 127.0.0.1:9999...
[CLIENT-1-SCAFFOLD] Connected and registered.
[CLIENT-1-SCAFFOLD]   Round 1 | Loss=5.9314 | Acc(G)=0.0230 | Acc(P)=0.0419 | F1(P)=0.0328 | Time=12.4s
[CLIENT-1-SCAFFOLD]   Round 2 | Loss=6.2570 | Acc(G)=0.1455 | Acc(P)=0.1513 | F1(P)=0.1563 | Time=8.2s
[CLIENT-1-SCAFFOLD]   Round 3 | Loss=5.7126 | Acc(G)=0.0186 | Acc(P)=0.1799 | F1(P)=0.1531 | Time=6.7s
[CLIENT-1-SCAFFOLD]   Round 4 | Loss=6.2619 | Acc(G)=0.1439 | Acc(P)=0.1834 | F1(P)=0.1363 | Time=6.9s
[CLIENT-1-SCAFFOLD]   Round 5 | Loss=5.7192 | Acc(G)=0.0183 | Acc(P)=0.2178 | F1(P)=0.2015 | Time=7.3s
[CLIENT-1-SCAFFOLD]   Round 6 | Loss=6.2833 | Acc(G)=0.1429 | Acc(P)=0.1977 | F1(P)=0.2450 | Time=7.0s
[CLIENT-1-SCAFFOLD]   Round 7 | Loss=5.7246 | Acc(G)=0.0183 | Acc(P)=0.2252 | F1(P)=0.2816 | Time=6.2s
[CLIENT-1-SCAFFOLD]   Round 8 | Loss=6.2673 | Acc(G)=0.1468 | Acc(P)=0.2157 | F1(P)=0.2572 | Time=6.0s
[CLIENT-1-SCAFFOLD]   Round 9 | Loss=5.7363 | Acc(G)=0.0183 | Acc(P)=0.5660 | F1(P)=0.3384 | Time=5.9s
[CLIENT-1-SCAFFOLD]   Round 10 | Loss=6.2647 | Acc(G)=0.1437 | Acc(P)=0.3834 | F1(P)=0.3191 | Time=6.5s
[CLIENT-1-SCAFFOLD]   Round 11 | Loss=5.7224 | Acc(G)=0.0184 | Acc(P)=0.6496 | F1(P)=0.3731 | Time=6.1s
[CLIENT-1-SCAFFOLD]   Round 12 | Loss=6.2871 | Acc(G)=0.1476 | Acc(P)=0.6808 | F1(P)=0.4084 | Time=6.1s
[CLIENT-1-SCAFFOLD]   Round 13 | Loss=5.7445 | Acc(G)=0.0184 | Acc(P)=0.7218 | F1(P)=0.4587 | Time=6.4s
[CLIENT-1-SCAFFOLD]   Round 14 | Loss=6.2810 | Acc(G)=0.1436 | Acc(P)=0.6960 | F1(P)=0.4510 | Time=6.2s
[CLIENT-1-SCAFFOLD]   Round 15 | Loss=5.7365 | Acc(G)=0.0177 | Acc(P)=0.7350 | F1(P)=0.4196 | Time=6.2s
[CLIENT-1-SCAFFOLD]   Round 16 | Loss=6.2962 | Acc(G)=0.1455 | Acc(P)=0.7482 | F1(P)=0.4198 | Time=6.5s
[CLIENT-1-SCAFFOLD]   Round 17 | Loss=5.7368 | Acc(G)=0.0183 | Acc(P)=0.7500 | F1(P)=0.4299 | Time=6.3s
[CLIENT-1-SCAFFOLD]   Round 18 | Loss=6.2893 | Acc(G)=0.1410 | Acc(P)=0.7581 | F1(P)=0.4397 | Time=6.5s
[CLIENT-1-SCAFFOLD]   Round 19 | Loss=5.7325 | Acc(G)=0.0180 | Acc(P)=0.6715 | F1(P)=0.3931 | Time=6.6s
[CLIENT-1-SCAFFOLD]   Round 20 | Loss=6.3004 | Acc(G)=0.1450 | Acc(P)=0.8154 | F1(P)=0.5058 | Time=6.3s
[CLIENT-1-SCAFFOLD]   Round 21 | Loss=5.7276 | Acc(G)=0.0179 | Acc(P)=0.8510 | F1(P)=0.5173 | Time=6.4s
[CLIENT-1-SCAFFOLD]   Round 22 | Loss=6.2889 | Acc(G)=0.1440 | Acc(P)=0.8494 | F1(P)=0.4541 | Time=6.4s
[CLIENT-1-SCAFFOLD]   Round 23 | Loss=5.7461 | Acc(G)=0.0185 | Acc(P)=0.8547 | F1(P)=0.5776 | Time=6.6s
[CLIENT-1-SCAFFOLD]   Round 24 | Loss=6.2901 | Acc(G)=0.1418 | Acc(P)=0.8550 | F1(P)=0.5273 | Time=6.5s
[CLIENT-1-SCAFFOLD]   Round 25 | Loss=5.7376 | Acc(G)=0.0179 | Acc(P)=0.8580 | F1(P)=0.5308 | Time=6.5s
[CLIENT-1-SCAFFOLD]   Round 26 | Loss=6.2959 | Acc(G)=0.1423 | Acc(P)=0.8536 | F1(P)=0.5209 | Time=6.3s
[CLIENT-1-SCAFFOLD]   Round 27 | Loss=5.7502 | Acc(G)=0.0177 | Acc(P)=0.8452 | F1(P)=0.5146 | Time=6.5s
[CLIENT-1-SCAFFOLD]   Round 28 | Loss=6.2987 | Acc(G)=0.1417 | Acc(P)=0.8620 | F1(P)=0.5424 | Time=6.4s
[CLIENT-1-SCAFFOLD]   Round 29 | Loss=5.7645 | Acc(G)=0.0184 | Acc(P)=0.8464 | F1(P)=0.4702 | Time=6.4s
[CLIENT-1-SCAFFOLD]   Round 30 | Loss=6.3047 | Acc(G)=0.1431 | Acc(P)=0.7598 | F1(P)=0.4652 | Time=6.3s
[CLIENT-1-SCAFFOLD]   Round 31 | Loss=5.7339 | Acc(G)=0.0181 | Acc(P)=0.7963 | F1(P)=0.5236 | Time=6.5s
[CLIENT-1-SCAFFOLD]   Round 32 | Loss=6.3136 | Acc(G)=0.1421 | Acc(P)=0.8619 | F1(P)=0.5822 | Time=6.4s
[CLIENT-1-SCAFFOLD]   Round 33 | Loss=5.7517 | Acc(G)=0.0185 | Acc(P)=0.7343 | F1(P)=0.4664 | Time=6.4s
[CLIENT-1-SCAFFOLD]   Round 34 | Loss=6.3047 | Acc(G)=0.1430 | Acc(P)=0.7432 | F1(P)=0.4651 | Time=6.5s
[CLIENT-1-SCAFFOLD]   Round 35 | Loss=5.7477 | Acc(G)=0.0178 | Acc(P)=0.7307 | F1(P)=0.4613 | Time=6.5s
[CLIENT-1-SCAFFOLD]   Round 36 | Loss=6.2973 | Acc(G)=0.1417 | Acc(P)=0.7485 | F1(P)=0.4601 | Time=6.6s
[CLIENT-1-SCAFFOLD]   Round 37 | Loss=5.7552 | Acc(G)=0.0182 | Acc(P)=0.7306 | F1(P)=0.4536 | Time=6.4s
[CLIENT-1-SCAFFOLD]   Round 38 | Loss=6.2947 | Acc(G)=0.1437 | Acc(P)=0.7393 | F1(P)=0.4650 | Time=6.5s
[CLIENT-1-SCAFFOLD]   Round 39 | Loss=5.7474 | Acc(G)=0.0176 | Acc(P)=0.7456 | F1(P)=0.4877 | Time=6.5s
[CLIENT-1-SCAFFOLD]   Round 40 | Loss=6.2992 | Acc(G)=0.1433 | Acc(P)=0.7773 | F1(P)=0.4965 | Time=6.5s
[CLIENT-1-SCAFFOLD]   Round 41 | Loss=5.7460 | Acc(G)=0.0187 | Acc(P)=0.7401 | F1(P)=0.5215 | Time=6.8s
[CLIENT-1-SCAFFOLD]   Round 42 | Loss=6.3112 | Acc(G)=0.1428 | Acc(P)=0.7629 | F1(P)=0.5558 | Time=6.7s
[CLIENT-1-SCAFFOLD]   Round 43 | Loss=5.7575 | Acc(G)=0.0184 | Acc(P)=0.7084 | F1(P)=0.5160 | Time=6.4s
[CLIENT-1-SCAFFOLD]   Round 44 | Loss=6.3048 | Acc(G)=0.1435 | Acc(P)=0.6599 | F1(P)=0.4214 | Time=6.6s
[CLIENT-1-SCAFFOLD]   Round 45 | Loss=5.7642 | Acc(G)=0.0186 | Acc(P)=0.8030 | F1(P)=0.5011 | Time=6.6s
[CLIENT-1-SCAFFOLD]   Round 46 | Loss=6.3239 | Acc(G)=0.1416 | Acc(P)=0.7493 | F1(P)=0.4642 | Time=6.8s
[CLIENT-1-SCAFFOLD]   Round 47 | Loss=5.7516 | Acc(G)=0.0182 | Acc(P)=0.7076 | F1(P)=0.4343 | Time=6.3s
[CLIENT-1-SCAFFOLD]   Round 48 | Loss=6.3209 | Acc(G)=0.1436 | Acc(P)=0.6609 | F1(P)=0.4470 | Time=6.5s
[CLIENT-1-SCAFFOLD]   Round 49 | Loss=5.7501 | Acc(G)=0.0184 | Acc(P)=0.7730 | F1(P)=0.5226 | Time=6.5s
[CLIENT-1-SCAFFOLD]   Round 50 | Loss=6.3238 | Acc(G)=0.1421 | Acc(P)=0.7676 | F1(P)=0.4802 | Time=6.8s
[CLIENT-1-SCAFFOLD]   Round 51 | Loss=5.7718 | Acc(G)=0.0182 | Acc(P)=0.7479 | F1(P)=0.5102 | Time=6.3s
[CLIENT-1-SCAFFOLD]   Round 52 | Loss=6.3244 | Acc(G)=0.1414 | Acc(P)=0.6133 | F1(P)=0.3864 | Time=6.5s
[CLIENT-1-SCAFFOLD]   Round 53 | Loss=5.7635 | Acc(G)=0.0180 | Acc(P)=0.7314 | F1(P)=0.4603 | Time=6.7s
[CLIENT-1-SCAFFOLD]   Round 54 | Loss=6.3196 | Acc(G)=0.1439 | Acc(P)=0.6823 | F1(P)=0.4342 | Time=6.6s
[CLIENT-1-SCAFFOLD]   Round 55 | Loss=5.7728 | Acc(G)=0.0185 | Acc(P)=0.8244 | F1(P)=0.5138 | Time=6.5s
[CLIENT-1-SCAFFOLD]   Round 56 | Loss=6.3261 | Acc(G)=0.1472 | Acc(P)=0.7914 | F1(P)=0.4818 | Time=6.8s
[CLIENT-1-SCAFFOLD]   Round 57 | Loss=5.7658 | Acc(G)=0.0184 | Acc(P)=0.7788 | F1(P)=0.5043 | Time=7.1s
[CLIENT-1-SCAFFOLD]   Round 58 | Loss=6.3214 | Acc(G)=0.1466 | Acc(P)=0.7898 | F1(P)=0.5132 | Time=6.7s
[CLIENT-1-SCAFFOLD]   Round 59 | Loss=5.7590 | Acc(G)=0.0188 | Acc(P)=0.7510 | F1(P)=0.5033 | Time=7.3s
[CLIENT-1-SCAFFOLD]   Round 60 | Loss=6.3301 | Acc(G)=0.1427 | Acc(P)=0.7267 | F1(P)=0.4578 | Time=6.5s
[CLIENT-1-SCAFFOLD]   Round 61 | Loss=5.7699 | Acc(G)=0.0178 | Acc(P)=0.7873 | F1(P)=0.5205 | Time=6.7s
[CLIENT-1-SCAFFOLD]   Round 62 | Loss=6.3261 | Acc(G)=0.1423 | Acc(P)=0.7622 | F1(P)=0.4832 | Time=6.7s
[CLIENT-1-SCAFFOLD]   Round 63 | Loss=5.7696 | Acc(G)=0.0181 | Acc(P)=0.7673 | F1(P)=0.5403 | Time=6.5s
[CLIENT-1-SCAFFOLD]   Round 64 | Loss=6.3169 | Acc(G)=0.1447 | Acc(P)=0.7604 | F1(P)=0.4750 | Time=6.7s
[CLIENT-1-SCAFFOLD]   Round 65 | Loss=5.7753 | Acc(G)=0.0184 | Acc(P)=0.7649 | F1(P)=0.5538 | Time=6.6s
[CLIENT-1-SCAFFOLD]   Round 66 | Loss=6.3185 | Acc(G)=0.1409 | Acc(P)=0.7702 | F1(P)=0.4943 | Time=6.9s
[CLIENT-1-SCAFFOLD]   Round 67 | Loss=5.7741 | Acc(G)=0.0184 | Acc(P)=0.8011 | F1(P)=0.5485 | Time=6.2s
[CLIENT-1-SCAFFOLD]   Round 68 | Loss=6.3333 | Acc(G)=0.1455 | Acc(P)=0.7865 | F1(P)=0.5317 | Time=6.5s
[CLIENT-1-SCAFFOLD]   Round 69 | Loss=5.7742 | Acc(G)=0.0181 | Acc(P)=0.7714 | F1(P)=0.4959 | Time=6.7s
[CLIENT-1-SCAFFOLD]   Round 70 | Loss=6.3119 | Acc(G)=0.1447 | Acc(P)=0.7708 | F1(P)=0.5515 | Time=6.6s
[CLIENT-1-SCAFFOLD]   Round 71 | Loss=5.7830 | Acc(G)=0.0185 | Acc(P)=0.7784 | F1(P)=0.5216 | Time=6.5s
[CLIENT-1-SCAFFOLD]   Round 72 | Loss=6.3465 | Acc(G)=0.1435 | Acc(P)=0.7647 | F1(P)=0.4869 | Time=6.5s
[CLIENT-1-SCAFFOLD]   Round 73 | Loss=5.7947 | Acc(G)=0.0183 | Acc(P)=0.7934 | F1(P)=0.5069 | Time=6.7s
[CLIENT-1-SCAFFOLD]   Round 74 | Loss=6.3129 | Acc(G)=0.1475 | Acc(P)=0.7896 | F1(P)=0.5798 | Time=7.1s
[CLIENT-1-SCAFFOLD]   Round 75 | Loss=5.7773 | Acc(G)=0.0182 | Acc(P)=0.7594 | F1(P)=0.4901 | Time=6.5s
[CLIENT-1-SCAFFOLD]   Round 76 | Loss=6.3335 | Acc(G)=0.1410 | Acc(P)=0.7844 | F1(P)=0.5016 | Time=6.5s
[CLIENT-1-SCAFFOLD]   Round 77 | Loss=5.7877 | Acc(G)=0.0180 | Acc(P)=0.7775 | F1(P)=0.4740 | Time=6.8s
[CLIENT-1-SCAFFOLD]   Round 78 | Loss=6.3207 | Acc(G)=0.1474 | Acc(P)=0.7438 | F1(P)=0.4755 | Time=6.6s
[CLIENT-1-SCAFFOLD]   Round 79 | Loss=5.7943 | Acc(G)=0.0186 | Acc(P)=0.7818 | F1(P)=0.5407 | Time=6.7s
[CLIENT-1-SCAFFOLD]   Round 80 | Loss=6.3441 | Acc(G)=0.1440 | Acc(P)=0.7837 | F1(P)=0.5629 | Time=6.9s
[CLIENT-1-SCAFFOLD]   Round 81 | Loss=5.7885 | Acc(G)=0.0182 | Acc(P)=0.7920 | F1(P)=0.5012 | Time=6.4s
[CLIENT-1-SCAFFOLD]   Round 82 | Loss=6.3325 | Acc(G)=0.1429 | Acc(P)=0.7684 | F1(P)=0.4824 | Time=6.5s
[CLIENT-1-SCAFFOLD]   Round 83 | Loss=5.7776 | Acc(G)=0.0183 | Acc(P)=0.7815 | F1(P)=0.5287 | Time=6.5s
[CLIENT-1-SCAFFOLD]   Round 84 | Loss=6.3506 | Acc(G)=0.1449 | Acc(P)=0.7701 | F1(P)=0.4962 | Time=6.5s
[CLIENT-1-SCAFFOLD]   Round 85 | Loss=5.7938 | Acc(G)=0.0181 | Acc(P)=0.7660 | F1(P)=0.5606 | Time=6.5s
[CLIENT-1-SCAFFOLD]   Round 86 | Loss=6.3458 | Acc(G)=0.1437 | Acc(P)=0.7771 | F1(P)=0.5220 | Time=6.8s
[CLIENT-1-SCAFFOLD]   Round 87 | Loss=5.7986 | Acc(G)=0.0181 | Acc(P)=0.7449 | F1(P)=0.5362 | Time=6.8s
[CLIENT-1-SCAFFOLD]   Round 88 | Loss=6.3374 | Acc(G)=0.1433 | Acc(P)=0.7337 | F1(P)=0.4529 | Time=6.7s
[CLIENT-1-SCAFFOLD]   Round 89 | Loss=5.7983 | Acc(G)=0.0178 | Acc(P)=0.7957 | F1(P)=0.5055 | Time=6.7s
[CLIENT-1-SCAFFOLD]   Round 90 | Loss=6.3496 | Acc(G)=0.1478 | Acc(P)=0.7909 | F1(P)=0.5176 | Time=6.6s
[CLIENT-1-SCAFFOLD]   Round 91 | Loss=5.7884 | Acc(G)=0.0184 | Acc(P)=0.7496 | F1(P)=0.4971 | Time=6.9s
[CLIENT-1-SCAFFOLD]   Round 92 | Loss=6.3423 | Acc(G)=0.1467 | Acc(P)=0.7821 | F1(P)=0.5027 | Time=6.8s
[CLIENT-1-SCAFFOLD]   Round 93 | Loss=5.8042 | Acc(G)=0.0184 | Acc(P)=0.7702 | F1(P)=0.4907 | Time=6.3s
[CLIENT-1-SCAFFOLD]   Round 94 | Loss=6.3540 | Acc(G)=0.1443 | Acc(P)=0.7629 | F1(P)=0.4777 | Time=6.5s
[CLIENT-1-SCAFFOLD]   Round 95 | Loss=5.7840 | Acc(G)=0.0186 | Acc(P)=0.7647 | F1(P)=0.4792 | Time=6.8s
[CLIENT-1-SCAFFOLD]   Round 96 | Loss=6.3511 | Acc(G)=0.1486 | Acc(P)=0.7698 | F1(P)=0.4987 | Time=6.7s
[CLIENT-1-SCAFFOLD]   Round 97 | Loss=5.8016 | Acc(G)=0.0182 | Acc(P)=0.7945 | F1(P)=0.5056 | Time=6.6s
[CLIENT-1-SCAFFOLD]   Round 98 | Loss=6.3545 | Acc(G)=0.1452 | Acc(P)=0.7570 | F1(P)=0.4860 | Time=6.7s
[CLIENT-1-SCAFFOLD]   Round 99 | Loss=5.7978 | Acc(G)=0.0183 | Acc(P)=0.7562 | F1(P)=0.4981 | Time=7.0s
[CLIENT-1-SCAFFOLD]   Round 100 | Loss=6.3516 | Acc(G)=0.1471 | Acc(P)=0.7666 | F1(P)=0.5406 | Time=6.7s
[CLIENT-1-SCAFFOLD] Received SHUTDOWN. Training complete.
[CLIENT-1-SCAFFOLD] Client done.
