[SERVER-SCAFFOLD] Run started at: 2026-03-26 12:05:39
[SERVER-SCAFFOLD] Run ID: 20260326_120539
[SERVER-SCAFFOLD] Log file: results\scaffold_multiclass_supcon\logs\server_20260326_120539.log
[SERVER-SCAFFOLD] Contrastive mode: supcon
[SERVER-SCAFFOLD] SCAFFOLD Server listening on 0.0.0.0:9999
[SERVER-SCAFFOLD] Waiting for 2 clients...
[SERVER-SCAFFOLD]   Client 0 registered from ('127.0.0.1', 63758)
[SERVER-SCAFFOLD]   Client 1 registered from ('127.0.0.1', 63782)
[SERVER-SCAFFOLD] All 2 clients connected. Starting SCAFFOLD training...
[SERVER-SCAFFOLD] =================================================================
[SERVER-SCAFFOLD]   Recv failed from client 1: [WinError 10054] An existing connection was forcibly closed by the remote host
[SERVER-SCAFFOLD]   Send failed to client 1: [WinError 10054] An existing connection was forcibly closed by the remote host
[SERVER-SCAFFOLD]   Recv failed from client 0: [WinError 10053] An established connection was aborted by the software in your host machine
[SERVER-SCAFFOLD]   Send failed to client 0: [WinError 10053] An established connection was aborted by the software in your host machine
[SERVER-SCAFFOLD]   Send failed to client 1: [WinError 10054] An existing connection was forcibly closed by the remote host
[SERVER-SCAFFOLD]   Send failed to client 0: [WinError 10053] An established connection was aborted by the software in your host machine
[SERVER-SCAFFOLD]   Send failed to client 1: [WinError 10054] An existing connection was forcibly closed by the remote host
[SERVER-SCAFFOLD]   Send failed to client 0: [WinError 10053] An established connection was aborted by the software in your host machine
[SERVER-SCAFFOLD]   Send failed to client 1: [WinError 10054] An existing connection was forcibly closed by the remote host
[SERVER-SCAFFOLD]   Send failed to client 0: [WinError 10053] An established connection was aborted by the software in your host machine
[SERVER-SCAFFOLD]   Send failed to client 1: [WinError 10054] An existing connection was forcibly closed by the remote host
[SERVER-SCAFFOLD]   Send failed to client 0: [WinError 10053] An established connection was aborted by the software in your host machine
[SERVER-SCAFFOLD]   Send failed to client 1: [WinError 10054] An existing connection was forcibly closed by the remote host
[SERVER-SCAFFOLD]   Send failed to client 0: [WinError 10053] An established connection was aborted by the software in your host machine
[SERVER-SCAFFOLD]   Send failed to client 1: [WinError 10054] An existing connection was forcibly closed by the remote host
[SERVER-SCAFFOLD]   Send failed to client 0: [WinError 10053] An established connection was aborted by the software in your host machine
[SERVER-SCAFFOLD]   Send failed to client 1: [WinError 10054] An existing connection was forcibly closed by the remote host
[SERVER-SCAFFOLD]   Send failed to client 0: [WinError 10053] An established connection was aborted by the software in your host machine
[SERVER-SCAFFOLD]   Send failed to client 1: [WinError 10054] An existing connection was forcibly closed by the remote host
[SERVER-SCAFFOLD]   Send failed to client 0: [WinError 10053] An established connection was aborted by the software in your host machine
[SERVER-SCAFFOLD]   Send failed to client 1: [WinError 10054] An existing connection was forcibly closed by the remote host
[SERVER-SCAFFOLD]   Send failed to client 0: [WinError 10053] An established connection was aborted by the software in your host machine
[SERVER-SCAFFOLD]   Send failed to client 1: [WinError 10054] An existing connection was forcibly closed by the remote host
[SERVER-SCAFFOLD]   Send failed to client 0: [WinError 10053] An established connection was aborted by the software in your host machine
[SERVER-SCAFFOLD]   Send failed to client 1: [WinError 10054] An existing connection was forcibly closed by the remote host
[SERVER-SCAFFOLD]   Send failed to client 0: [WinError 10053] An established connection was aborted by the software in your host machine
[SERVER-SCAFFOLD]   Send failed to client 1: [WinError 10054] An existing connection was forcibly closed by the remote host
[SERVER-SCAFFOLD]   Send failed to client 0: [WinError 10053] An established connection was aborted by the software in your host machine
[SERVER-SCAFFOLD]   Send failed to client 1: [WinError 10054] An existing connection was forcibly closed by the remote host
[SERVER-SCAFFOLD]   Send failed to client 0: [WinError 10053] An established connection was aborted by the software in your host machine
[SERVER-SCAFFOLD]   Send failed to client 1: [WinError 10054] An existing connection was forcibly closed by the remote host
[SERVER-SCAFFOLD]   Send failed to client 0: [WinError 10053] An established connection was aborted by the software in your host machine
[SERVER-SCAFFOLD]   Send failed to client 1: [WinError 10054] An existing connection was forcibly closed by the remote host
[SERVER-SCAFFOLD]   Send failed to client 0: [WinError 10053] An established connection was aborted by the software in your host machine
[SERVER-SCAFFOLD]   Send failed to client 1: [WinError 10054] An existing connection was forcibly closed by the remote host
[SERVER-SCAFFOLD]   Send failed to client 0: [WinError 10053] An established connection was aborted by the software in your host machine
[SERVER-SCAFFOLD]   Send failed to client 1: [WinError 10054] An existing connection was forcibly closed by the remote host
[SERVER-SCAFFOLD]   Send failed to client 0: [WinError 10053] An established connection was aborted by the software in your host machine
[SERVER-SCAFFOLD]   Send failed to client 1: [WinError 10054] An existing connection was forcibly closed by the remote host
[SERVER-SCAFFOLD]   Send failed to client 0: [WinError 10053] An established connection was aborted by the software in your host machine
[SERVER-SCAFFOLD]   Send failed to client 1: [WinError 10054] An existing connection was forcibly closed by the remote host
[SERVER-SCAFFOLD]   Send failed to client 0: [WinError 10053] An established connection was aborted by the software in your host machine
[SERVER-SCAFFOLD]   Send failed to client 1: [WinError 10054] An existing connection was forcibly closed by the remote host
[SERVER-SCAFFOLD]   Send failed to client 0: [WinError 10053] An established connection was aborted by the software in your host machine
[SERVER-SCAFFOLD]   Send failed to client 1: [WinError 10054] An existing connection was forcibly closed by the remote host
[SERVER-SCAFFOLD]   Send failed to client 0: [WinError 10053] An established connection was aborted by the software in your host machine
[SERVER-SCAFFOLD]   Send failed to client 1: [WinError 10054] An existing connection was forcibly closed by the remote host
[SERVER-SCAFFOLD]   Send failed to client 0: [WinError 10053] An established connection was aborted by the software in your host machine
[SERVER-SCAFFOLD]   Send failed to client 1: [WinError 10054] An existing connection was forcibly closed by the remote host
[SERVER-SCAFFOLD]   Send failed to client 0: [WinError 10053] An established connection was aborted by the software in your host machine
[SERVER-SCAFFOLD]   Send failed to client 1: [WinError 10054] An existing connection was forcibly closed by the remote host
[SERVER-SCAFFOLD]   Send failed to client 0: [WinError 10053] An established connection was aborted by the software in your host machine
[SERVER-SCAFFOLD]   Send failed to client 1: [WinError 10054] An existing connection was forcibly closed by the remote host
[SERVER-SCAFFOLD]   Send failed to client 0: [WinError 10053] An established connection was aborted by the software in your host machine
[SERVER-SCAFFOLD]   Send failed to client 1: [WinError 10054] An existing connection was forcibly closed by the remote host
[SERVER-SCAFFOLD]   Send failed to client 0: [WinError 10053] An established connection was aborted by the software in your host machine
[SERVER-SCAFFOLD]   Send failed to client 1: [WinError 10054] An existing connection was forcibly closed by the remote host
[SERVER-SCAFFOLD]   Send failed to client 0: [WinError 10053] An established connection was aborted by the software in your host machine
[SERVER-SCAFFOLD]   Send failed to client 1: [WinError 10054] An existing connection was forcibly closed by the remote host
[SERVER-SCAFFOLD]   Send failed to client 0: [WinError 10053] An established connection was aborted by the software in your host machine
[SERVER-SCAFFOLD]   Send failed to client 1: [WinError 10054] An existing connection was forcibly closed by the remote host
[SERVER-SCAFFOLD]   Send failed to client 0: [WinError 10053] An established connection was aborted by the software in your host machine
[SERVER-SCAFFOLD]   Send failed to client 1: [WinError 10054] An existing connection was forcibly closed by the remote host
[SERVER-SCAFFOLD]   Send failed to client 0: [WinError 10053] An established connection was aborted by the software in your host machine
[SERVER-SCAFFOLD]   Send failed to client 1: [WinError 10054] An existing connection was forcibly closed by the remote host
[SERVER-SCAFFOLD]   Send failed to client 0: [WinError 10053] An established connection was aborted by the software in your host machine
[SERVER-SCAFFOLD]   Send failed to client 1: [WinError 10054] An existing connection was forcibly closed by the remote host
[SERVER-SCAFFOLD]   Send failed to client 0: [WinError 10053] An established connection was aborted by the software in your host machine
[SERVER-SCAFFOLD]   Send failed to client 1: [WinError 10054] An existing connection was forcibly closed by the remote host
[SERVER-SCAFFOLD]   Send failed to client 0: [WinError 10053] An established connection was aborted by the software in your host machine
[SERVER-SCAFFOLD]   Send failed to client 1: [WinError 10054] An existing connection was forcibly closed by the remote host
[SERVER-SCAFFOLD]   Send failed to client 0: [WinError 10053] An established connection was aborted by the software in your host machine
[SERVER-SCAFFOLD]   Send failed to client 1: [WinError 10054] An existing connection was forcibly closed by the remote host
[SERVER-SCAFFOLD]   Send failed to client 0: [WinError 10053] An established connection was aborted by the software in your host machine
[SERVER-SCAFFOLD]   Send failed to client 1: [WinError 10054] An existing connection was forcibly closed by the remote host
[SERVER-SCAFFOLD]   Send failed to client 0: [WinError 10053] An established connection was aborted by the software in your host machine
[SERVER-SCAFFOLD]   Send failed to client 1: [WinError 10054] An existing connection was forcibly closed by the remote host
[SERVER-SCAFFOLD]   Send failed to client 0: [WinError 10053] An established connection was aborted by the software in your host machine
[SERVER-SCAFFOLD]   Send failed to client 1: [WinError 10054] An existing connection was forcibly closed by the remote host
[SERVER-SCAFFOLD]   Send failed to client 0: [WinError 10053] An established connection was aborted by the software in your host machine
[SERVER-SCAFFOLD]   Send failed to client 1: [WinError 10054] An existing connection was forcibly closed by the remote host
[SERVER-SCAFFOLD]   Send failed to client 0: [WinError 10053] An established connection was aborted by the software in your host machine
[SERVER-SCAFFOLD]   Send failed to client 1: [WinError 10054] An existing connection was forcibly closed by the remote host
[SERVER-SCAFFOLD]   Send failed to client 0: [WinError 10053] An established connection was aborted by the software in your host machine
[SERVER-SCAFFOLD]   Send failed to client 1: [WinError 10054] An existing connection was forcibly closed by the remote host
[SERVER-SCAFFOLD]   Send failed to client 0: [WinError 10053] An established connection was aborted by the software in your host machine
[SERVER-SCAFFOLD]   Send failed to client 1: [WinError 10054] An existing connection was forcibly closed by the remote host
[SERVER-SCAFFOLD]   Send failed to client 0: [WinError 10053] An established connection was aborted by the software in your host machine
[SERVER-SCAFFOLD]   Send failed to client 1: [WinError 10054] An existing connection was forcibly closed by the remote host
[SERVER-SCAFFOLD]   Send failed to client 0: [WinError 10053] An established connection was aborted by the software in your host machine
[SERVER-SCAFFOLD]   Send failed to client 1: [WinError 10054] An existing connection was forcibly closed by the remote host
[SERVER-SCAFFOLD]   Send failed to client 0: [WinError 10053] An established connection was aborted by the software in your host machine
[SERVER-SCAFFOLD]   Send failed to client 1: [WinError 10054] An existing connection was forcibly closed by the remote host
[SERVER-SCAFFOLD]   Send failed to client 0: [WinError 10053] An established connection was aborted by the software in your host machine
[SERVER-SCAFFOLD]   Send failed to client 1: [WinError 10054] An existing connection was forcibly closed by the remote host
[SERVER-SCAFFOLD]   Send failed to client 0: [WinError 10053] An established connection was aborted by the software in your host machine
[SERVER-SCAFFOLD]   Send failed to client 1: [WinError 10054] An existing connection was forcibly closed by the remote host
[SERVER-SCAFFOLD]   Send failed to client 0: [WinError 10053] An established connection was aborted by the software in your host machine
[SERVER-SCAFFOLD]   Send failed to client 1: [WinError 10054] An existing connection was forcibly closed by the remote host
[SERVER-SCAFFOLD]   Send failed to client 0: [WinError 10053] An established connection was aborted by the software in your host machine
[SERVER-SCAFFOLD]   Send failed to client 1: [WinError 10054] An existing connection was forcibly closed by the remote host
[SERVER-SCAFFOLD]   Send failed to client 0: [WinError 10053] An established connection was aborted by the software in your host machine
[SERVER-SCAFFOLD]   Send failed to client 1: [WinError 10054] An existing connection was forcibly closed by the remote host
[SERVER-SCAFFOLD]   Send failed to client 0: [WinError 10053] An established connection was aborted by the software in your host machine
[SERVER-SCAFFOLD]   Send failed to client 1: [WinError 10054] An existing connection was forcibly closed by the remote host
[SERVER-SCAFFOLD]   Send failed to client 0: [WinError 10053] An established connection was aborted by the software in your host machine
[SERVER-SCAFFOLD]   Send failed to client 1: [WinError 10054] An existing connection was forcibly closed by the remote host
[SERVER-SCAFFOLD]   Send failed to client 0: [WinError 10053] An established connection was aborted by the software in your host machine
[SERVER-SCAFFOLD]   Send failed to client 1: [WinError 10054] An existing connection was forcibly closed by the remote host
[SERVER-SCAFFOLD]   Send failed to client 0: [WinError 10053] An established connection was aborted by the software in your host machine
[SERVER-SCAFFOLD]   Send failed to client 1: [WinError 10054] An existing connection was forcibly closed by the remote host
[SERVER-SCAFFOLD]   Send failed to client 0: [WinError 10053] An established connection was aborted by the software in your host machine
[SERVER-SCAFFOLD]   Send failed to client 1: [WinError 10054] An existing connection was forcibly closed by the remote host
[SERVER-SCAFFOLD]   Send failed to client 0: [WinError 10053] An established connection was aborted by the software in your host machine
[SERVER-SCAFFOLD]   Send failed to client 1: [WinError 10054] An existing connection was forcibly closed by the remote host
[SERVER-SCAFFOLD]   Send failed to client 0: [WinError 10053] An established connection was aborted by the software in your host machine
[SERVER-SCAFFOLD]   Send failed to client 1: [WinError 10054] An existing connection was forcibly closed by the remote host
[SERVER-SCAFFOLD]   Send failed to client 0: [WinError 10053] An established connection was aborted by the software in your host machine
[SERVER-SCAFFOLD]   Send failed to client 1: [WinError 10054] An existing connection was forcibly closed by the remote host
[SERVER-SCAFFOLD]   Send failed to client 0: [WinError 10053] An established connection was aborted by the software in your host machine
[SERVER-SCAFFOLD]   Send failed to client 1: [WinError 10054] An existing connection was forcibly closed by the remote host
[SERVER-SCAFFOLD]   Send failed to client 0: [WinError 10053] An established connection was aborted by the software in your host machine
[SERVER-SCAFFOLD]   Send failed to client 1: [WinError 10054] An existing connection was forcibly closed by the remote host
[SERVER-SCAFFOLD]   Send failed to client 0: [WinError 10053] An established connection was aborted by the software in your host machine
[SERVER-SCAFFOLD]   Send failed to client 1: [WinError 10054] An existing connection was forcibly closed by the remote host
[SERVER-SCAFFOLD]   Send failed to client 0: [WinError 10053] An established connection was aborted by the software in your host machine
[SERVER-SCAFFOLD]   Send failed to client 1: [WinError 10054] An existing connection was forcibly closed by the remote host
[SERVER-SCAFFOLD]   Send failed to client 0: [WinError 10053] An established connection was aborted by the software in your host machine
[SERVER-SCAFFOLD]   Send failed to client 1: [WinError 10054] An existing connection was forcibly closed by the remote host
[SERVER-SCAFFOLD]   Send failed to client 0: [WinError 10053] An established connection was aborted by the software in your host machine
[SERVER-SCAFFOLD]   Send failed to client 1: [WinError 10054] An existing connection was forcibly closed by the remote host
[SERVER-SCAFFOLD]   Send failed to client 0: [WinError 10053] An established connection was aborted by the software in your host machine
[SERVER-SCAFFOLD]   Send failed to client 1: [WinError 10054] An existing connection was forcibly closed by the remote host
[SERVER-SCAFFOLD]   Send failed to client 0: [WinError 10053] An established connection was aborted by the software in your host machine
[SERVER-SCAFFOLD]   Send failed to client 1: [WinError 10054] An existing connection was forcibly closed by the remote host
[SERVER-SCAFFOLD]   Send failed to client 0: [WinError 10053] An established connection was aborted by the software in your host machine
[SERVER-SCAFFOLD]   Send failed to client 1: [WinError 10054] An existing connection was forcibly closed by the remote host
[SERVER-SCAFFOLD]   Send failed to client 0: [WinError 10053] An established connection was aborted by the software in your host machine
[SERVER-SCAFFOLD]   Send failed to client 1: [WinError 10054] An existing connection was forcibly closed by the remote host
[SERVER-SCAFFOLD]   Send failed to client 0: [WinError 10053] An established connection was aborted by the software in your host machine
[SERVER-SCAFFOLD]   Send failed to client 1: [WinError 10054] An existing connection was forcibly closed by the remote host
[SERVER-SCAFFOLD]   Send failed to client 0: [WinError 10053] An established connection was aborted by the software in your host machine
[SERVER-SCAFFOLD]   Send failed to client 1: [WinError 10054] An existing connection was forcibly closed by the remote host
[SERVER-SCAFFOLD]   Send failed to client 0: [WinError 10053] An established connection was aborted by the software in your host machine
[SERVER-SCAFFOLD]   Send failed to client 1: [WinError 10054] An existing connection was forcibly closed by the remote host
[SERVER-SCAFFOLD]   Send failed to client 0: [WinError 10053] An established connection was aborted by the software in your host machine
[SERVER-SCAFFOLD]   Send failed to client 1: [WinError 10054] An existing connection was forcibly closed by the remote host
[SERVER-SCAFFOLD]   Send failed to client 0: [WinError 10053] An established connection was aborted by the software in your host machine
[SERVER-SCAFFOLD]   Send failed to client 1: [WinError 10054] An existing connection was forcibly closed by the remote host
[SERVER-SCAFFOLD]   Send failed to client 0: [WinError 10053] An established connection was aborted by the software in your host machine
[SERVER-SCAFFOLD]   Send failed to client 1: [WinError 10054] An existing connection was forcibly closed by the remote host
[SERVER-SCAFFOLD]   Send failed to client 0: [WinError 10053] An established connection was aborted by the software in your host machine
[SERVER-SCAFFOLD]   Send failed to client 1: [WinError 10054] An existing connection was forcibly closed by the remote host
[SERVER-SCAFFOLD]   Send failed to client 0: [WinError 10053] An established connection was aborted by the software in your host machine
[SERVER-SCAFFOLD]   Send failed to client 1: [WinError 10054] An existing connection was forcibly closed by the remote host
[SERVER-SCAFFOLD]   Send failed to client 0: [WinError 10053] An established connection was aborted by the software in your host machine
[SERVER-SCAFFOLD]   Send failed to client 1: [WinError 10054] An existing connection was forcibly closed by the remote host
[SERVER-SCAFFOLD]   Send failed to client 0: [WinError 10053] An established connection was aborted by the software in your host machine
[SERVER-SCAFFOLD]   Send failed to client 1: [WinError 10054] An existing connection was forcibly closed by the remote host
[SERVER-SCAFFOLD]   Send failed to client 0: [WinError 10053] An established connection was aborted by the software in your host machine
[SERVER-SCAFFOLD]   Send failed to client 1: [WinError 10054] An existing connection was forcibly closed by the remote host
[SERVER-SCAFFOLD]   Send failed to client 0: [WinError 10053] An established connection was aborted by the software in your host machine
[SERVER-SCAFFOLD]   Send failed to client 1: [WinError 10054] An existing connection was forcibly closed by the remote host
[SERVER-SCAFFOLD]   Send failed to client 0: [WinError 10053] An established connection was aborted by the software in your host machine
[SERVER-SCAFFOLD]   Send failed to client 1: [WinError 10054] An existing connection was forcibly closed by the remote host
[SERVER-SCAFFOLD]   Send failed to client 0: [WinError 10053] An established connection was aborted by the software in your host machine
[SERVER-SCAFFOLD]   Send failed to client 1: [WinError 10054] An existing connection was forcibly closed by the remote host
[SERVER-SCAFFOLD]   Send failed to client 0: [WinError 10053] An established connection was aborted by the software in your host machine
[SERVER-SCAFFOLD]   Send failed to client 1: [WinError 10054] An existing connection was forcibly closed by the remote host
[SERVER-SCAFFOLD]   Send failed to client 0: [WinError 10053] An established connection was aborted by the software in your host machine
[SERVER-SCAFFOLD]   Send failed to client 1: [WinError 10054] An existing connection was forcibly closed by the remote host
[SERVER-SCAFFOLD]   Send failed to client 0: [WinError 10053] An established connection was aborted by the software in your host machine
[SERVER-SCAFFOLD]   Send failed to client 1: [WinError 10054] An existing connection was forcibly closed by the remote host
[SERVER-SCAFFOLD]   Send failed to client 0: [WinError 10053] An established connection was aborted by the software in your host machine
[SERVER-SCAFFOLD]   Send failed to client 1: [WinError 10054] An existing connection was forcibly closed by the remote host
[SERVER-SCAFFOLD]   Send failed to client 0: [WinError 10053] An established connection was aborted by the software in your host machine
[SERVER-SCAFFOLD]   Send failed to client 1: [WinError 10054] An existing connection was forcibly closed by the remote host
[SERVER-SCAFFOLD]   Send failed to client 0: [WinError 10053] An established connection was aborted by the software in your host machine
[SERVER-SCAFFOLD]   Send failed to client 1: [WinError 10054] An existing connection was forcibly closed by the remote host
[SERVER-SCAFFOLD]   Send failed to client 0: [WinError 10053] An established connection was aborted by the software in your host machine
[SERVER-SCAFFOLD]   Send failed to client 1: [WinError 10054] An existing connection was forcibly closed by the remote host
[SERVER-SCAFFOLD]   Send failed to client 0: [WinError 10053] An established connection was aborted by the software in your host machine
[SERVER-SCAFFOLD]   Send failed to client 1: [WinError 10054] An existing connection was forcibly closed by the remote host
[SERVER-SCAFFOLD]   Send failed to client 0: [WinError 10053] An established connection was aborted by the software in your host machine
[SERVER-SCAFFOLD]   Send failed to client 1: [WinError 10054] An existing connection was forcibly closed by the remote host
[SERVER-SCAFFOLD]   Send failed to client 0: [WinError 10053] An established connection was aborted by the software in your host machine
[SERVER-SCAFFOLD]   Send failed to client 1: [WinError 10054] An existing connection was forcibly closed by the remote host
[SERVER-SCAFFOLD] =================================================================
[SERVER-SCAFFOLD] SCAFFOLD + PERSONALIZATION TRAINING COMPLETE
[SERVER-SCAFFOLD]   BMTA (Local):        0.0870
[SERVER-SCAFFOLD]   BMTA (Personalized): 0.3090
[SERVER-SCAFFOLD]   Final checkpoint saved.
[SERVER-SCAFFOLD]   History saved: results\scaffold_multiclass_supcon\logs\training_history_20260326_120539.csv
[SERVER-SCAFFOLD] Server shut down cleanly.
