[CLIENT-1-SCAFFOLD] Run started at: 2026-03-23 10:04:16
[CLIENT-1-SCAFFOLD] ============================================================
[CLIENT-1-SCAFFOLD] FeCoGraph SCAFFOLD Client 1
[CLIENT-1-SCAFFOLD] Contrastive mode: supcon
[CLIENT-1-SCAFFOLD] Device: cpu
[CLIENT-1-SCAFFOLD] ============================================================
[CLIENT-1-SCAFFOLD] Train: 4,646 | Test: 10,842 | Labeled: 1392
[CLIENT-1-SCAFFOLD] Connecting to server 127.0.0.1:9999...
[CLIENT-1-SCAFFOLD] Connected and registered.
[CLIENT-1-SCAFFOLD]   Round 1 | Loss=6.2956 | Acc(G)=0.7840 | Acc(P)=0.7885 | F1(P)=0.6694 | Time=5.9s
[CLIENT-1-SCAFFOLD]   Round 2 | Loss=6.3406 | Acc(G)=0.7369 | Acc(P)=0.8992 | F1(P)=0.8744 | Time=5.6s
[CLIENT-1-SCAFFOLD]   Round 3 | Loss=6.2155 | Acc(G)=0.8905 | Acc(P)=0.9130 | F1(P)=0.8943 | Time=6.1s
[CLIENT-1-SCAFFOLD]   Round 4 | Loss=6.3399 | Acc(G)=0.7358 | Acc(P)=0.9317 | F1(P)=0.9160 | Time=6.5s
[CLIENT-1-SCAFFOLD]   Round 5 | Loss=6.2156 | Acc(G)=0.9099 | Acc(P)=0.9325 | F1(P)=0.9172 | Time=6.2s
[CLIENT-1-SCAFFOLD]   Round 6 | Loss=6.3428 | Acc(G)=0.7839 | Acc(P)=0.9328 | F1(P)=0.9175 | Time=6.1s
[CLIENT-1-SCAFFOLD]   Round 7 | Loss=6.2164 | Acc(G)=0.9216 | Acc(P)=0.9331 | F1(P)=0.9178 | Time=5.7s
[CLIENT-1-SCAFFOLD]   Round 8 | Loss=6.3428 | Acc(G)=0.8028 | Acc(P)=0.9335 | F1(P)=0.9182 | Time=5.8s
[CLIENT-1-SCAFFOLD]   Round 9 | Loss=6.2125 | Acc(G)=0.9241 | Acc(P)=0.9376 | F1(P)=0.9231 | Time=5.9s
[CLIENT-1-SCAFFOLD]   Round 10 | Loss=6.3429 | Acc(G)=0.8111 | Acc(P)=0.9368 | F1(P)=0.9222 | Time=6.1s
[CLIENT-1-SCAFFOLD]   Round 11 | Loss=6.2193 | Acc(G)=0.9119 | Acc(P)=0.9374 | F1(P)=0.9228 | Time=5.7s
[CLIENT-1-SCAFFOLD]   Round 12 | Loss=6.3432 | Acc(G)=0.8187 | Acc(P)=0.9382 | F1(P)=0.9237 | Time=6.0s
[CLIENT-1-SCAFFOLD]   Round 13 | Loss=6.2191 | Acc(G)=0.9142 | Acc(P)=0.9387 | F1(P)=0.9244 | Time=5.9s
[CLIENT-1-SCAFFOLD]   Round 14 | Loss=6.3430 | Acc(G)=0.8224 | Acc(P)=0.9386 | F1(P)=0.9243 | Time=5.8s
[CLIENT-1-SCAFFOLD]   Round 15 | Loss=6.2173 | Acc(G)=0.9193 | Acc(P)=0.9373 | F1(P)=0.9228 | Time=16.1s
[CLIENT-1-SCAFFOLD]   Round 16 | Loss=6.3436 | Acc(G)=0.8263 | Acc(P)=0.9382 | F1(P)=0.9238 | Time=5.2s
[CLIENT-1-SCAFFOLD]   Round 17 | Loss=6.2194 | Acc(G)=0.9230 | Acc(P)=0.9386 | F1(P)=0.9243 | Time=5.9s
[CLIENT-1-SCAFFOLD]   Round 18 | Loss=6.3426 | Acc(G)=0.8311 | Acc(P)=0.9491 | F1(P)=0.9364 | Time=5.8s
[CLIENT-1-SCAFFOLD]   Round 19 | Loss=6.2171 | Acc(G)=0.9273 | Acc(P)=0.9368 | F1(P)=0.9221 | Time=6.1s
[CLIENT-1-SCAFFOLD]   Round 20 | Loss=6.3443 | Acc(G)=0.8310 | Acc(P)=0.9488 | F1(P)=0.9361 | Time=5.8s
[CLIENT-1-SCAFFOLD]   Round 21 | Loss=6.2134 | Acc(G)=0.9280 | Acc(P)=0.9456 | F1(P)=0.9323 | Time=6.6s
[CLIENT-1-SCAFFOLD]   Round 22 | Loss=6.3447 | Acc(G)=0.7874 | Acc(P)=0.9460 | F1(P)=0.9328 | Time=5.9s
[CLIENT-1-SCAFFOLD]   Round 23 | Loss=6.2183 | Acc(G)=0.8857 | Acc(P)=0.9353 | F1(P)=0.9206 | Time=6.0s
[CLIENT-1-SCAFFOLD]   Round 24 | Loss=6.3433 | Acc(G)=0.7807 | Acc(P)=0.9484 | F1(P)=0.9356 | Time=6.2s
[CLIENT-1-SCAFFOLD]   Round 25 | Loss=6.2207 | Acc(G)=0.8863 | Acc(P)=0.9485 | F1(P)=0.9357 | Time=5.9s
[CLIENT-1-SCAFFOLD]   Round 26 | Loss=6.3439 | Acc(G)=0.7834 | Acc(P)=0.9487 | F1(P)=0.9359 | Time=6.0s
[CLIENT-1-SCAFFOLD]   Round 27 | Loss=6.2187 | Acc(G)=0.8878 | Acc(P)=0.9487 | F1(P)=0.9360 | Time=6.3s
[CLIENT-1-SCAFFOLD]   Round 28 | Loss=6.3439 | Acc(G)=0.7881 | Acc(P)=0.9480 | F1(P)=0.9351 | Time=6.5s
[CLIENT-1-SCAFFOLD]   Round 29 | Loss=6.2192 | Acc(G)=0.8892 | Acc(P)=0.9393 | F1(P)=0.9252 | Time=5.8s
[CLIENT-1-SCAFFOLD]   Round 30 | Loss=6.3437 | Acc(G)=0.7924 | Acc(P)=0.9495 | F1(P)=0.9370 | Time=6.0s
[CLIENT-1-SCAFFOLD]   Round 31 | Loss=6.2186 | Acc(G)=0.8901 | Acc(P)=0.9495 | F1(P)=0.9369 | Time=6.2s
[CLIENT-1-SCAFFOLD]   Round 32 | Loss=6.3441 | Acc(G)=0.7930 | Acc(P)=0.9495 | F1(P)=0.9369 | Time=6.1s
[CLIENT-1-SCAFFOLD]   Round 33 | Loss=6.2147 | Acc(G)=0.8914 | Acc(P)=0.9487 | F1(P)=0.9360 | Time=6.4s
[CLIENT-1-SCAFFOLD]   Round 34 | Loss=6.3441 | Acc(G)=0.7945 | Acc(P)=0.9386 | F1(P)=0.9242 | Time=6.2s
[CLIENT-1-SCAFFOLD]   Round 35 | Loss=6.2161 | Acc(G)=0.8911 | Acc(P)=0.9498 | F1(P)=0.9373 | Time=6.3s
[CLIENT-1-SCAFFOLD]   Round 36 | Loss=6.3452 | Acc(G)=0.7951 | Acc(P)=0.9494 | F1(P)=0.9368 | Time=15.4s
[CLIENT-1-SCAFFOLD]   Round 37 | Loss=6.2167 | Acc(G)=0.8904 | Acc(P)=0.9498 | F1(P)=0.9374 | Time=12.7s
[CLIENT-1-SCAFFOLD]   Round 38 | Loss=6.3441 | Acc(G)=0.7880 | Acc(P)=0.9495 | F1(P)=0.9370 | Time=6.0s
[CLIENT-1-SCAFFOLD]   Round 39 | Loss=6.2195 | Acc(G)=0.8893 | Acc(P)=0.9420 | F1(P)=0.9282 | Time=6.4s
[CLIENT-1-SCAFFOLD]   Round 40 | Loss=6.3458 | Acc(G)=0.7845 | Acc(P)=0.9493 | F1(P)=0.9367 | Time=8.3s
[CLIENT-1-SCAFFOLD]   Round 41 | Loss=6.2178 | Acc(G)=0.8865 | Acc(P)=0.9492 | F1(P)=0.9365 | Time=13.6s
[CLIENT-1-SCAFFOLD]   Round 42 | Loss=6.3453 | Acc(G)=0.7824 | Acc(P)=0.9505 | F1(P)=0.9382 | Time=13.7s
[CLIENT-1-SCAFFOLD]   Round 43 | Loss=6.2195 | Acc(G)=0.8862 | Acc(P)=0.9496 | F1(P)=0.9371 | Time=14.8s
[CLIENT-1-SCAFFOLD]   Round 44 | Loss=6.3449 | Acc(G)=0.7666 | Acc(P)=0.9490 | F1(P)=0.9363 | Time=14.3s
[CLIENT-1-SCAFFOLD]   Round 45 | Loss=6.2204 | Acc(G)=0.8866 | Acc(P)=0.9499 | F1(P)=0.9376 | Time=13.9s
[CLIENT-1-SCAFFOLD]   Round 46 | Loss=6.3466 | Acc(G)=0.7641 | Acc(P)=0.9507 | F1(P)=0.9385 | Time=19.1s
[CLIENT-1-SCAFFOLD]   Round 47 | Loss=6.2163 | Acc(G)=0.8600 | Acc(P)=0.9495 | F1(P)=0.9373 | Time=14.3s
[CLIENT-1-SCAFFOLD]   Round 48 | Loss=6.3448 | Acc(G)=0.7613 | Acc(P)=0.9507 | F1(P)=0.9385 | Time=14.1s
[CLIENT-1-SCAFFOLD]   Round 49 | Loss=6.2196 | Acc(G)=0.8598 | Acc(P)=0.9491 | F1(P)=0.9364 | Time=13.9s
[CLIENT-1-SCAFFOLD]   Round 50 | Loss=6.3453 | Acc(G)=0.7582 | Acc(P)=0.9493 | F1(P)=0.9367 | Time=14.0s
[CLIENT-1-SCAFFOLD]   Round 51 | Loss=6.2176 | Acc(G)=0.8604 | Acc(P)=0.9503 | F1(P)=0.9380 | Time=14.0s
[CLIENT-1-SCAFFOLD]   Round 52 | Loss=6.3455 | Acc(G)=0.7558 | Acc(P)=0.9496 | F1(P)=0.9371 | Time=13.5s
[CLIENT-1-SCAFFOLD]   Round 53 | Loss=6.2195 | Acc(G)=0.8468 | Acc(P)=0.9501 | F1(P)=0.9377 | Time=14.6s
[CLIENT-1-SCAFFOLD]   Round 54 | Loss=6.3452 | Acc(G)=0.7514 | Acc(P)=0.9495 | F1(P)=0.9370 | Time=13.9s
[CLIENT-1-SCAFFOLD]   Round 55 | Loss=6.2190 | Acc(G)=0.7956 | Acc(P)=0.9394 | F1(P)=0.9252 | Time=11.2s
[CLIENT-1-SCAFFOLD]   Round 56 | Loss=6.3464 | Acc(G)=0.7489 | Acc(P)=0.9565 | F1(P)=0.9452 | Time=14.8s
[CLIENT-1-SCAFFOLD]   Round 57 | Loss=6.2175 | Acc(G)=0.7957 | Acc(P)=0.9604 | F1(P)=0.9500 | Time=15.2s
[CLIENT-1-SCAFFOLD]   Round 58 | Loss=6.3455 | Acc(G)=0.7479 | Acc(P)=0.9570 | F1(P)=0.9459 | Time=15.1s
[CLIENT-1-SCAFFOLD]   Round 59 | Loss=6.2172 | Acc(G)=0.7961 | Acc(P)=0.9494 | F1(P)=0.9368 | Time=5.2s
[CLIENT-1-SCAFFOLD]   Round 60 | Loss=6.3457 | Acc(G)=0.7465 | Acc(P)=0.9499 | F1(P)=0.9375 | Time=5.8s
[CLIENT-1-SCAFFOLD]   Round 61 | Loss=6.2180 | Acc(G)=0.7969 | Acc(P)=0.9495 | F1(P)=0.9370 | Time=6.1s
[CLIENT-1-SCAFFOLD]   Round 62 | Loss=6.3461 | Acc(G)=0.7466 | Acc(P)=0.9492 | F1(P)=0.9366 | Time=6.1s
[CLIENT-1-SCAFFOLD]   Round 63 | Loss=6.2205 | Acc(G)=0.7959 | Acc(P)=0.9500 | F1(P)=0.9376 | Time=6.0s
[CLIENT-1-SCAFFOLD]   Round 64 | Loss=6.3458 | Acc(G)=0.7491 | Acc(P)=0.9555 | F1(P)=0.9441 | Time=6.2s
[CLIENT-1-SCAFFOLD]   Round 65 | Loss=6.2249 | Acc(G)=0.7958 | Acc(P)=0.9505 | F1(P)=0.9381 | Time=6.3s
[CLIENT-1-SCAFFOLD]   Round 66 | Loss=6.3456 | Acc(G)=0.7466 | Acc(P)=0.9488 | F1(P)=0.9362 | Time=7.0s
[CLIENT-1-SCAFFOLD]   Round 67 | Loss=6.2196 | Acc(G)=0.7960 | Acc(P)=0.9494 | F1(P)=0.9368 | Time=6.3s
[CLIENT-1-SCAFFOLD]   Round 68 | Loss=6.3473 | Acc(G)=0.7463 | Acc(P)=0.9508 | F1(P)=0.9386 | Time=6.5s
[CLIENT-1-SCAFFOLD]   Round 69 | Loss=6.2187 | Acc(G)=0.7955 | Acc(P)=0.9526 | F1(P)=0.9406 | Time=6.5s
[CLIENT-1-SCAFFOLD]   Round 70 | Loss=6.3469 | Acc(G)=0.7470 | Acc(P)=0.9488 | F1(P)=0.9360 | Time=6.5s
[CLIENT-1-SCAFFOLD]   Round 71 | Loss=6.2216 | Acc(G)=0.7958 | Acc(P)=0.9407 | F1(P)=0.9267 | Time=6.4s
[CLIENT-1-SCAFFOLD]   Round 72 | Loss=6.3462 | Acc(G)=0.7467 | Acc(P)=0.9498 | F1(P)=0.9373 | Time=6.6s
[CLIENT-1-SCAFFOLD]   Round 73 | Loss=6.2214 | Acc(G)=0.7957 | Acc(P)=0.9497 | F1(P)=0.9372 | Time=7.0s
[CLIENT-1-SCAFFOLD]   Round 74 | Loss=6.3476 | Acc(G)=0.7462 | Acc(P)=0.9498 | F1(P)=0.9373 | Time=6.8s
[CLIENT-1-SCAFFOLD]   Round 75 | Loss=6.2208 | Acc(G)=0.7956 | Acc(P)=0.9495 | F1(P)=0.9369 | Time=7.0s
[CLIENT-1-SCAFFOLD]   Round 76 | Loss=6.3471 | Acc(G)=0.7454 | Acc(P)=0.9520 | F1(P)=0.9399 | Time=6.7s
[CLIENT-1-SCAFFOLD]   Round 77 | Loss=6.2192 | Acc(G)=0.7957 | Acc(P)=0.9531 | F1(P)=0.9413 | Time=6.8s
[CLIENT-1-SCAFFOLD]   Round 78 | Loss=6.3463 | Acc(G)=0.7446 | Acc(P)=0.9598 | F1(P)=0.9493 | Time=7.5s
[CLIENT-1-SCAFFOLD]   Round 79 | Loss=6.2219 | Acc(G)=0.7956 | Acc(P)=0.9602 | F1(P)=0.9496 | Time=7.0s
[CLIENT-1-SCAFFOLD]   Round 80 | Loss=6.3476 | Acc(G)=0.7459 | Acc(P)=0.9492 | F1(P)=0.9366 | Time=7.0s
[CLIENT-1-SCAFFOLD]   Round 81 | Loss=6.2245 | Acc(G)=0.7955 | Acc(P)=0.9577 | F1(P)=0.9466 | Time=8.1s
[CLIENT-1-SCAFFOLD]   Round 82 | Loss=6.3477 | Acc(G)=0.7460 | Acc(P)=0.9597 | F1(P)=0.9490 | Time=7.3s
[CLIENT-1-SCAFFOLD]   Round 83 | Loss=6.2228 | Acc(G)=0.7957 | Acc(P)=0.9501 | F1(P)=0.9374 | Time=6.6s
[CLIENT-1-SCAFFOLD]   Round 84 | Loss=6.3487 | Acc(G)=0.7487 | Acc(P)=0.9594 | F1(P)=0.9488 | Time=6.9s
[CLIENT-1-SCAFFOLD]   Round 85 | Loss=6.2194 | Acc(G)=0.7953 | Acc(P)=0.9522 | F1(P)=0.9401 | Time=7.2s
[CLIENT-1-SCAFFOLD]   Round 86 | Loss=6.3473 | Acc(G)=0.7478 | Acc(P)=0.9519 | F1(P)=0.9397 | Time=7.4s
[CLIENT-1-SCAFFOLD]   Round 87 | Loss=6.2198 | Acc(G)=0.7957 | Acc(P)=0.9598 | F1(P)=0.9492 | Time=7.6s
[CLIENT-1-SCAFFOLD]   Round 88 | Loss=6.3482 | Acc(G)=0.7464 | Acc(P)=0.9524 | F1(P)=0.9403 | Time=7.4s
[CLIENT-1-SCAFFOLD]   Round 89 | Loss=6.2211 | Acc(G)=0.7957 | Acc(P)=0.9513 | F1(P)=0.9389 | Time=7.3s
[CLIENT-1-SCAFFOLD]   Round 90 | Loss=6.3490 | Acc(G)=0.7482 | Acc(P)=0.9592 | F1(P)=0.9485 | Time=7.4s
[CLIENT-1-SCAFFOLD]   Round 91 | Loss=6.2191 | Acc(G)=0.7956 | Acc(P)=0.9601 | F1(P)=0.9496 | Time=7.4s
[CLIENT-1-SCAFFOLD]   Round 92 | Loss=6.3492 | Acc(G)=0.7471 | Acc(P)=0.9523 | F1(P)=0.9402 | Time=7.2s
[CLIENT-1-SCAFFOLD]   Round 93 | Loss=6.2212 | Acc(G)=0.7957 | Acc(P)=0.9599 | F1(P)=0.9493 | Time=7.4s
[CLIENT-1-SCAFFOLD]   Round 94 | Loss=6.3497 | Acc(G)=0.7500 | Acc(P)=0.9521 | F1(P)=0.9400 | Time=7.2s
[CLIENT-1-SCAFFOLD]   Round 95 | Loss=6.2224 | Acc(G)=0.7953 | Acc(P)=0.9499 | F1(P)=0.9374 | Time=7.3s
[CLIENT-1-SCAFFOLD]   Round 96 | Loss=6.3489 | Acc(G)=0.7461 | Acc(P)=0.9601 | F1(P)=0.9495 | Time=7.6s
[CLIENT-1-SCAFFOLD]   Round 97 | Loss=6.2223 | Acc(G)=0.7957 | Acc(P)=0.9497 | F1(P)=0.9371 | Time=7.6s
[CLIENT-1-SCAFFOLD]   Round 98 | Loss=6.3501 | Acc(G)=0.7470 | Acc(P)=0.9502 | F1(P)=0.9378 | Time=7.2s
[CLIENT-1-SCAFFOLD]   Round 99 | Loss=6.2242 | Acc(G)=0.7957 | Acc(P)=0.9590 | F1(P)=0.9483 | Time=7.5s
[CLIENT-1-SCAFFOLD]   Round 100 | Loss=6.3489 | Acc(G)=0.7482 | Acc(P)=0.9511 | F1(P)=0.9389 | Time=7.4s
[CLIENT-1-SCAFFOLD] Received SHUTDOWN. Training complete.
[CLIENT-1-SCAFFOLD] Client done.
