[SCAFFOLD-ZEROSHOT] ===========================================================================
[SCAFFOLD-ZEROSHOT] SCAFFOLD + ZERO-SHOT NOVELTY DETECTION
[SCAFFOLD-ZEROSHOT] ===========================================================================
[SCAFFOLD-ZEROSHOT] Run started at: 2026-03-26 00:04:36
[SCAFFOLD-ZEROSHOT] Run ID: 20260326_000436
[SCAFFOLD-ZEROSHOT] Log file: results\scaffold_zeroshot\logs\training_20260326_000436.log
[SCAFFOLD-ZEROSHOT] Holdout classes: ['DoS-SlowHTTPTest', 'DoS-Slowloris', 'FTP-BruteForce']
[SCAFFOLD-ZEROSHOT] Training rounds: 50
[SCAFFOLD-ZEROSHOT] Local epochs: 5
[SCAFFOLD-ZEROSHOT] Device: cpu
[SCAFFOLD-ZEROSHOT] ===========================================================================
[SCAFFOLD-ZEROSHOT] 
1. Loading data with holdout filtering...
[SCAFFOLD-ZEROSHOT]   Client 0: Train 25353 -> 25352 (removed 1 holdout samples)
[SCAFFOLD-ZEROSHOT]   Client 0: Test 59159 samples
[SCAFFOLD-ZEROSHOT]   Client 0: Seen classes (original IDs): [0, 1, 4, 6, 7, 8, 12, 14]
[SCAFFOLD-ZEROSHOT]   Client 0: Label map: {0: 0, 1: 1, 4: 2, 6: 3, 7: 4, 8: 5, 12: 6, 14: 7}
[SCAFFOLD-ZEROSHOT]   Client 0: Remapped unique values: [0, 1, 2, 3, 4, 5, 6, 7]
[SCAFFOLD-ZEROSHOT]   Client 1: Train 4646 -> 4562 (removed 84 holdout samples)
[SCAFFOLD-ZEROSHOT]   Client 1: Test 10842 samples
[SCAFFOLD-ZEROSHOT]   Client 1: Seen classes (original IDs): [0, 1, 2, 3, 4, 5, 6, 7, 8, 12, 14]
[SCAFFOLD-ZEROSHOT]   Client 1: Label map: {0: 0, 1: 1, 2: 2, 3: 3, 4: 4, 5: 5, 6: 6, 7: 7, 8: 8, 12: 9, 14: 10}
[SCAFFOLD-ZEROSHOT]   Client 1: Remapped unique values: [0, 1, 2, 3, 4, 5, 6, 7, 8, 9, 10]
[SCAFFOLD-ZEROSHOT] 
  Seen classes (8): ['Benign', 'Bot', 'DDoS-HOIC', 'DDoS-LOIC-HTTP', 'DoS-GoldenEye', 'DoS-Hulk', 'Infilteration', 'SSH-Bruteforce']
[SCAFFOLD-ZEROSHOT]   Holdout classes (3): ['DoS-SlowHTTPTest', 'DoS-Slowloris', 'FTP-BruteForce']
[SCAFFOLD-ZEROSHOT] 
2. Initializing SCAFFOLD models...
[SCAFFOLD-ZEROSHOT]   Model parameters: 59,176
[SCAFFOLD-ZEROSHOT] 
3. Starting SCAFFOLD training...
[SCAFFOLD-ZEROSHOT] ===========================================================================
