2026-03-12 07:13:18,015 [C0-MC-P0.1] Client 0 | MULTICLASS | LABEL_PROPORTION=0.1
2026-03-12 07:13:23,260 [C0-MC-P0.1] Labeled: 2535 / 25353
2026-03-12 07:13:39,387 [C0-MC-P0.1]   R1 Acc_P=0.0257 F1_P=0.0039
2026-03-12 07:13:54,036 [C0-MC-P0.1]   R2 Acc_P=0.4723 F1_P=0.0496
2026-03-12 07:14:09,200 [C0-MC-P0.1]   R3 Acc_P=0.6169 F1_P=0.0928
2026-03-12 07:14:27,029 [C0-MC-P0.1]   R4 Acc_P=0.7515 F1_P=0.0883
2026-03-12 07:14:41,356 [C0-MC-P0.1]   R5 Acc_P=0.7792 F1_P=0.1412
2026-03-12 07:14:56,231 [C0-MC-P0.1]   R6 Acc_P=0.8535 F1_P=0.0898
2026-03-12 07:15:11,354 [C0-MC-P0.1]   R7 Acc_P=0.9059 F1_P=0.0913
2026-03-12 07:15:26,104 [C0-MC-P0.1]   R8 Acc_P=0.9100 F1_P=0.0915
2026-03-12 07:15:41,041 [C0-MC-P0.1]   R9 Acc_P=0.9299 F1_P=0.0934
2026-03-12 07:15:55,875 [C0-MC-P0.1]   R10 Acc_P=0.9428 F1_P=0.0952
2026-03-12 07:16:10,620 [C0-MC-P0.1]   R11 Acc_P=0.9246 F1_P=0.1480
2026-03-12 07:16:25,399 [C0-MC-P0.1]   R12 Acc_P=0.9286 F1_P=0.1404
2026-03-12 07:16:40,186 [C0-MC-P0.1]   R13 Acc_P=0.9235 F1_P=0.3000
2026-03-12 07:16:54,957 [C0-MC-P0.1]   R14 Acc_P=0.9337 F1_P=0.2000
2026-03-12 07:17:10,144 [C0-MC-P0.1]   R15 Acc_P=0.9493 F1_P=0.1343
2026-03-12 07:17:25,044 [C0-MC-P0.1]   R16 Acc_P=0.9556 F1_P=0.1206
2026-03-12 07:17:39,947 [C0-MC-P0.1]   R17 Acc_P=0.9336 F1_P=0.1390
2026-03-12 07:17:54,961 [C0-MC-P0.1]   R18 Acc_P=0.9536 F1_P=0.1248
2026-03-12 07:18:11,448 [C0-MC-P0.1]   R19 Acc_P=0.9553 F1_P=0.1327
2026-03-12 07:18:28,811 [C0-MC-P0.1]   R20 Acc_P=0.9562 F1_P=0.1684
2026-03-12 07:18:46,050 [C0-MC-P0.1]   R21 Acc_P=0.9595 F1_P=0.1426
2026-03-12 07:19:02,199 [C0-MC-P0.1]   R22 Acc_P=0.9804 F1_P=0.1588
2026-03-12 07:19:19,476 [C0-MC-P0.1]   R23 Acc_P=0.9790 F1_P=0.2356
2026-03-12 07:19:36,901 [C0-MC-P0.1]   R24 Acc_P=0.9772 F1_P=0.3072
2026-03-12 07:19:53,514 [C0-MC-P0.1]   R25 Acc_P=0.9891 F1_P=0.2850
2026-03-12 07:20:09,854 [C0-MC-P0.1]   R26 Acc_P=0.9874 F1_P=0.2454
2026-03-12 07:20:26,518 [C0-MC-P0.1]   R27 Acc_P=0.9850 F1_P=0.2297
2026-03-12 07:20:43,967 [C0-MC-P0.1]   R28 Acc_P=0.9856 F1_P=0.1661
2026-03-12 07:21:00,590 [C0-MC-P0.1]   R29 Acc_P=0.9862 F1_P=0.1899
2026-03-12 07:21:17,623 [C0-MC-P0.1]   R30 Acc_P=0.9907 F1_P=0.3679
2026-03-12 07:21:34,446 [C0-MC-P0.1]   R31 Acc_P=0.9850 F1_P=0.2719
2026-03-12 07:21:51,365 [C0-MC-P0.1]   R32 Acc_P=0.9837 F1_P=0.2816
2026-03-12 07:22:08,744 [C0-MC-P0.1]   R33 Acc_P=0.9894 F1_P=0.3019
2026-03-12 07:22:26,270 [C0-MC-P0.1]   R34 Acc_P=0.9813 F1_P=0.2545
2026-03-12 07:22:43,244 [C0-MC-P0.1]   R35 Acc_P=0.9894 F1_P=0.2960
2026-03-12 07:22:59,806 [C0-MC-P0.1]   R36 Acc_P=0.9844 F1_P=0.3276
2026-03-12 07:23:16,788 [C0-MC-P0.1]   R37 Acc_P=0.9905 F1_P=0.3512
2026-03-12 07:23:33,974 [C0-MC-P0.1]   R38 Acc_P=0.9887 F1_P=0.3398
2026-03-12 07:23:50,983 [C0-MC-P0.1]   R39 Acc_P=0.9913 F1_P=0.3816
2026-03-12 07:24:07,294 [C0-MC-P0.1]   R40 Acc_P=0.9905 F1_P=0.3388
2026-03-12 07:24:23,781 [C0-MC-P0.1]   R41 Acc_P=0.9854 F1_P=0.3190
2026-03-12 07:24:40,945 [C0-MC-P0.1]   R42 Acc_P=0.9906 F1_P=0.3424
2026-03-12 07:24:58,407 [C0-MC-P0.1]   R43 Acc_P=0.9893 F1_P=0.3386
2026-03-12 07:25:18,721 [C0-MC-P0.1]   R44 Acc_P=0.9928 F1_P=0.3208
2026-03-12 07:25:40,258 [C0-MC-P0.1]   R45 Acc_P=0.9981 F1_P=0.4830
2026-03-12 07:26:00,885 [C0-MC-P0.1]   R46 Acc_P=0.9874 F1_P=0.3548
2026-03-12 07:26:21,626 [C0-MC-P0.1]   R47 Acc_P=0.9877 F1_P=0.3464
2026-03-12 07:26:42,854 [C0-MC-P0.1]   R48 Acc_P=0.9894 F1_P=0.3358
2026-03-12 07:27:03,377 [C0-MC-P0.1]   R49 Acc_P=0.9936 F1_P=0.3623
2026-03-12 07:27:24,332 [C0-MC-P0.1]   R50 Acc_P=0.9923 F1_P=0.3453
2026-03-12 07:27:45,707 [C0-MC-P0.1]   R51 Acc_P=0.9863 F1_P=0.3317
2026-03-12 07:28:07,082 [C0-MC-P0.1]   R52 Acc_P=0.9919 F1_P=0.3564
2026-03-12 07:28:27,710 [C0-MC-P0.1]   R53 Acc_P=0.9940 F1_P=0.3852
2026-03-12 07:28:48,249 [C0-MC-P0.1]   R54 Acc_P=0.9944 F1_P=0.3867
2026-03-12 07:29:06,174 [C0-MC-P0.1]   R55 Acc_P=0.9911 F1_P=0.3613
2026-03-12 07:29:22,641 [C0-MC-P0.1]   R56 Acc_P=0.9944 F1_P=0.4441
2026-03-12 07:29:39,070 [C0-MC-P0.1]   R57 Acc_P=0.9931 F1_P=0.4125
2026-03-12 07:29:55,578 [C0-MC-P0.1]   R58 Acc_P=0.9983 F1_P=0.5221
2026-03-12 07:30:11,494 [C0-MC-P0.1]   R59 Acc_P=0.9931 F1_P=0.4564
2026-03-12 07:30:27,722 [C0-MC-P0.1]   R60 Acc_P=0.9952 F1_P=0.4180
2026-03-12 07:30:43,557 [C0-MC-P0.1]   R61 Acc_P=0.9939 F1_P=0.4401
2026-03-12 07:30:59,471 [C0-MC-P0.1]   R62 Acc_P=0.9929 F1_P=0.4163
2026-03-12 07:31:15,254 [C0-MC-P0.1]   R63 Acc_P=0.9935 F1_P=0.4392
2026-03-12 07:31:31,433 [C0-MC-P0.1]   R64 Acc_P=0.9935 F1_P=0.4303
2026-03-12 07:31:47,301 [C0-MC-P0.1]   R65 Acc_P=0.9922 F1_P=0.4307
2026-03-12 07:32:03,424 [C0-MC-P0.1]   R66 Acc_P=0.9915 F1_P=0.4386
2026-03-12 07:32:19,492 [C0-MC-P0.1]   R67 Acc_P=0.9972 F1_P=0.5366
2026-03-12 07:32:35,542 [C0-MC-P0.1]   R68 Acc_P=0.9969 F1_P=0.4749
2026-03-12 07:32:51,284 [C0-MC-P0.1]   R69 Acc_P=0.9930 F1_P=0.4253
2026-03-12 07:33:07,353 [C0-MC-P0.1]   R70 Acc_P=0.9983 F1_P=0.5235
2026-03-12 07:33:23,252 [C0-MC-P0.1]   R71 Acc_P=0.9968 F1_P=0.4872
2026-03-12 07:33:39,682 [C0-MC-P0.1]   R72 Acc_P=0.9951 F1_P=0.4308
2026-03-12 07:33:55,929 [C0-MC-P0.1]   R73 Acc_P=0.9925 F1_P=0.4106
2026-03-12 07:34:12,391 [C0-MC-P0.1]   R74 Acc_P=0.9974 F1_P=0.5008
2026-03-12 07:34:28,454 [C0-MC-P0.1]   R75 Acc_P=0.9966 F1_P=0.4822
2026-03-12 07:34:44,258 [C0-MC-P0.1]   R76 Acc_P=0.9968 F1_P=0.4755
2026-03-12 07:35:00,239 [C0-MC-P0.1]   R77 Acc_P=0.9930 F1_P=0.4322
2026-03-12 07:35:17,083 [C0-MC-P0.1]   R78 Acc_P=0.9905 F1_P=0.4065
2026-03-12 07:35:34,485 [C0-MC-P0.1]   R79 Acc_P=0.9980 F1_P=0.5424
2026-03-12 07:35:51,560 [C0-MC-P0.1]   R80 Acc_P=0.9942 F1_P=0.4617
2026-03-12 07:36:07,886 [C0-MC-P0.1]   R81 Acc_P=0.9977 F1_P=0.4939
2026-03-12 07:36:24,641 [C0-MC-P0.1]   R82 Acc_P=0.9977 F1_P=0.5093
2026-03-12 07:36:41,937 [C0-MC-P0.1]   R83 Acc_P=0.9962 F1_P=0.4664
2026-03-12 07:37:00,430 [C0-MC-P0.1]   R84 Acc_P=0.9970 F1_P=0.4978
2026-03-12 07:37:18,719 [C0-MC-P0.1]   R85 Acc_P=0.9982 F1_P=0.5364
2026-03-12 07:37:37,784 [C0-MC-P0.1]   R86 Acc_P=0.9958 F1_P=0.4330
2026-03-12 07:37:56,165 [C0-MC-P0.1]   R87 Acc_P=0.9977 F1_P=0.5132
2026-03-12 07:38:14,702 [C0-MC-P0.1]   R88 Acc_P=0.9972 F1_P=0.5018
2026-03-12 07:38:33,483 [C0-MC-P0.1]   R89 Acc_P=0.9981 F1_P=0.5290
2026-03-12 07:38:52,521 [C0-MC-P0.1]   R90 Acc_P=0.9972 F1_P=0.5130
2026-03-12 07:39:11,546 [C0-MC-P0.1]   R91 Acc_P=0.9985 F1_P=0.5679
2026-03-12 07:39:29,844 [C0-MC-P0.1]   R92 Acc_P=0.9983 F1_P=0.5578
2026-03-12 07:39:49,155 [C0-MC-P0.1]   R93 Acc_P=0.9983 F1_P=0.5545
2026-03-12 07:40:07,213 [C0-MC-P0.1]   R94 Acc_P=0.9980 F1_P=0.5299
2026-03-12 07:40:25,117 [C0-MC-P0.1]   R95 Acc_P=0.9981 F1_P=0.5312
2026-03-12 07:40:43,044 [C0-MC-P0.1]   R96 Acc_P=0.9967 F1_P=0.4611
2026-03-12 07:41:01,252 [C0-MC-P0.1]   R97 Acc_P=0.9978 F1_P=0.5318
2026-03-12 07:41:19,591 [C0-MC-P0.1]   R98 Acc_P=0.9985 F1_P=0.5628
2026-03-12 07:41:37,316 [C0-MC-P0.1]   R99 Acc_P=0.9980 F1_P=0.5434
2026-03-12 07:41:54,876 [C0-MC-P0.1]   R100 Acc_P=0.9983 F1_P=0.5623
2026-03-12 07:41:55,297 [C0-MC-P0.1] Final: Acc=0.9983 F1=0.5623
2026-03-12 07:41:55,297 [C0-MC-P0.1] Grouped F1: {'BruteForce': 59.44, 'Bot': 86.27, 'DoS': 27.78, 'DDoS': 92.84, 'Infiltration': 16.67, 'Web Attacks': 0.0}
