2026-03-12 07:13:18,931 [C1-MC-P0.1] Client 1 | MULTICLASS | LABEL_PROPORTION=0.1
2026-03-12 07:13:21,133 [C1-MC-P0.1] Labeled: 461 / 4646
2026-03-12 07:13:28,768 [C1-MC-P0.1]   R1 Acc_P=0.0166 F1_P=0.0485
2026-03-12 07:13:42,743 [C1-MC-P0.1]   R2 Acc_P=0.0846 F1_P=0.1008
2026-03-12 07:13:57,453 [C1-MC-P0.1]   R3 Acc_P=0.1740 F1_P=0.2066
2026-03-12 07:14:12,759 [C1-MC-P0.1]   R4 Acc_P=0.1994 F1_P=0.2431
2026-03-12 07:14:30,399 [C1-MC-P0.1]   R5 Acc_P=0.2434 F1_P=0.2766
2026-03-12 07:14:44,882 [C1-MC-P0.1]   R6 Acc_P=0.2553 F1_P=0.2682
2026-03-12 07:14:59,698 [C1-MC-P0.1]   R7 Acc_P=0.2584 F1_P=0.2780
2026-03-12 07:15:14,957 [C1-MC-P0.1]   R8 Acc_P=0.2518 F1_P=0.2745
2026-03-12 07:15:29,691 [C1-MC-P0.1]   R9 Acc_P=0.2774 F1_P=0.3278
2026-03-12 07:15:44,513 [C1-MC-P0.1]   R10 Acc_P=0.2523 F1_P=0.2682
2026-03-12 07:15:59,348 [C1-MC-P0.1]   R11 Acc_P=0.2843 F1_P=0.2827
2026-03-12 07:16:14,106 [C1-MC-P0.1]   R12 Acc_P=0.3163 F1_P=0.2972
2026-03-12 07:16:28,872 [C1-MC-P0.1]   R13 Acc_P=0.3159 F1_P=0.3027
2026-03-12 07:16:43,704 [C1-MC-P0.1]   R14 Acc_P=0.3197 F1_P=0.3193
2026-03-12 07:16:58,557 [C1-MC-P0.1]   R15 Acc_P=0.4143 F1_P=0.3745
2026-03-12 07:17:13,648 [C1-MC-P0.1]   R16 Acc_P=0.6110 F1_P=0.4130
2026-03-12 07:17:28,584 [C1-MC-P0.1]   R17 Acc_P=0.6221 F1_P=0.3917
2026-03-12 07:17:43,469 [C1-MC-P0.1]   R18 Acc_P=0.6340 F1_P=0.4003
2026-03-12 07:17:59,240 [C1-MC-P0.1]   R19 Acc_P=0.6514 F1_P=0.4313
2026-03-12 07:18:15,773 [C1-MC-P0.1]   R20 Acc_P=0.6514 F1_P=0.4277
2026-03-12 07:18:33,031 [C1-MC-P0.1]   R21 Acc_P=0.6898 F1_P=0.4670
2026-03-12 07:18:49,617 [C1-MC-P0.1]   R22 Acc_P=0.7528 F1_P=0.4977
2026-03-12 07:19:06,656 [C1-MC-P0.1]   R23 Acc_P=0.7390 F1_P=0.4975
2026-03-12 07:19:23,818 [C1-MC-P0.1]   R24 Acc_P=0.7724 F1_P=0.5041
2026-03-12 07:19:40,910 [C1-MC-P0.1]   R25 Acc_P=0.7789 F1_P=0.5126
2026-03-12 07:19:57,341 [C1-MC-P0.1]   R26 Acc_P=0.7596 F1_P=0.5192
2026-03-12 07:20:13,618 [C1-MC-P0.1]   R27 Acc_P=0.7827 F1_P=0.5355
2026-03-12 07:20:30,656 [C1-MC-P0.1]   R28 Acc_P=0.7841 F1_P=0.5618
2026-03-12 07:20:47,722 [C1-MC-P0.1]   R29 Acc_P=0.8186 F1_P=0.6200
2026-03-12 07:21:04,804 [C1-MC-P0.1]   R30 Acc_P=0.8259 F1_P=0.6181
2026-03-12 07:21:21,703 [C1-MC-P0.1]   R31 Acc_P=0.8074 F1_P=0.5774
2026-03-12 07:21:38,405 [C1-MC-P0.1]   R32 Acc_P=0.7413 F1_P=0.5741
2026-03-12 07:21:55,462 [C1-MC-P0.1]   R33 Acc_P=0.5564 F1_P=0.5617
2026-03-12 07:22:12,934 [C1-MC-P0.1]   R34 Acc_P=0.5102 F1_P=0.5056
2026-03-12 07:22:30,375 [C1-MC-P0.1]   R35 Acc_P=0.4938 F1_P=0.4933
2026-03-12 07:22:47,211 [C1-MC-P0.1]   R36 Acc_P=0.5088 F1_P=0.5117
2026-03-12 07:23:03,923 [C1-MC-P0.1]   R37 Acc_P=0.6255 F1_P=0.6013
2026-03-12 07:23:20,887 [C1-MC-P0.1]   R38 Acc_P=0.5390 F1_P=0.5374
2026-03-12 07:23:38,138 [C1-MC-P0.1]   R39 Acc_P=0.5136 F1_P=0.5699
2026-03-12 07:23:54,795 [C1-MC-P0.1]   R40 Acc_P=0.5515 F1_P=0.5251
2026-03-12 07:24:11,069 [C1-MC-P0.1]   R41 Acc_P=0.7559 F1_P=0.5660
2026-03-12 07:24:28,371 [C1-MC-P0.1]   R42 Acc_P=0.5066 F1_P=0.5681
2026-03-12 07:24:44,678 [C1-MC-P0.1]   R43 Acc_P=0.8225 F1_P=0.6404
2026-03-12 07:25:04,142 [C1-MC-P0.1]   R44 Acc_P=0.8640 F1_P=0.6263
2026-03-12 07:25:24,434 [C1-MC-P0.1]   R45 Acc_P=0.8407 F1_P=0.6516
2026-03-12 07:25:46,003 [C1-MC-P0.1]   R46 Acc_P=0.8094 F1_P=0.6060
2026-03-12 07:26:06,433 [C1-MC-P0.1]   R47 Acc_P=0.7952 F1_P=0.5799
2026-03-12 07:26:27,387 [C1-MC-P0.1]   R48 Acc_P=0.7690 F1_P=0.5764
2026-03-12 07:26:48,841 [C1-MC-P0.1]   R49 Acc_P=0.8123 F1_P=0.6171
2026-03-12 07:27:09,046 [C1-MC-P0.1]   R50 Acc_P=0.7743 F1_P=0.5911
2026-03-12 07:27:30,264 [C1-MC-P0.1]   R51 Acc_P=0.8592 F1_P=0.6408
2026-03-12 07:27:51,661 [C1-MC-P0.1]   R52 Acc_P=0.7765 F1_P=0.6040
2026-03-12 07:28:12,885 [C1-MC-P0.1]   R53 Acc_P=0.6871 F1_P=0.6305
2026-03-12 07:28:33,572 [C1-MC-P0.1]   R54 Acc_P=0.8414 F1_P=0.6502
2026-03-12 07:28:53,765 [C1-MC-P0.1]   R55 Acc_P=0.8266 F1_P=0.6550
2026-03-12 07:29:09,862 [C1-MC-P0.1]   R56 Acc_P=0.7999 F1_P=0.6335
2026-03-12 07:29:26,460 [C1-MC-P0.1]   R57 Acc_P=0.8113 F1_P=0.6478
2026-03-12 07:29:42,705 [C1-MC-P0.1]   R58 Acc_P=0.8018 F1_P=0.6257
2026-03-12 07:29:59,239 [C1-MC-P0.1]   R59 Acc_P=0.8544 F1_P=0.6548
2026-03-12 07:30:15,260 [C1-MC-P0.1]   R60 Acc_P=0.8356 F1_P=0.6536
2026-03-12 07:30:31,389 [C1-MC-P0.1]   R61 Acc_P=0.7968 F1_P=0.5976
2026-03-12 07:30:47,224 [C1-MC-P0.1]   R62 Acc_P=0.8360 F1_P=0.6517
2026-03-12 07:31:03,140 [C1-MC-P0.1]   R63 Acc_P=0.8039 F1_P=0.6367
2026-03-12 07:31:18,891 [C1-MC-P0.1]   R64 Acc_P=0.8607 F1_P=0.6148
2026-03-12 07:31:35,218 [C1-MC-P0.1]   R65 Acc_P=0.8534 F1_P=0.6486
2026-03-12 07:31:50,954 [C1-MC-P0.1]   R66 Acc_P=0.8253 F1_P=0.6339
2026-03-12 07:32:07,075 [C1-MC-P0.1]   R67 Acc_P=0.7904 F1_P=0.6430
2026-03-12 07:32:23,145 [C1-MC-P0.1]   R68 Acc_P=0.8339 F1_P=0.6608
2026-03-12 07:32:39,182 [C1-MC-P0.1]   R69 Acc_P=0.5383 F1_P=0.5712
2026-03-12 07:32:54,973 [C1-MC-P0.1]   R70 Acc_P=0.7428 F1_P=0.6430
2026-03-12 07:33:11,060 [C1-MC-P0.1]   R71 Acc_P=0.7994 F1_P=0.6520
2026-03-12 07:33:26,921 [C1-MC-P0.1]   R72 Acc_P=0.5278 F1_P=0.5513
2026-03-12 07:33:43,458 [C1-MC-P0.1]   R73 Acc_P=0.5441 F1_P=0.6061
2026-03-12 07:33:59,715 [C1-MC-P0.1]   R74 Acc_P=0.5217 F1_P=0.5721
2026-03-12 07:34:16,153 [C1-MC-P0.1]   R75 Acc_P=0.5226 F1_P=0.5874
2026-03-12 07:34:32,113 [C1-MC-P0.1]   R76 Acc_P=0.5373 F1_P=0.5746
2026-03-12 07:34:48,049 [C1-MC-P0.1]   R77 Acc_P=0.7013 F1_P=0.6190
2026-03-12 07:35:03,867 [C1-MC-P0.1]   R78 Acc_P=0.6269 F1_P=0.6170
2026-03-12 07:35:21,254 [C1-MC-P0.1]   R79 Acc_P=0.6385 F1_P=0.6088
2026-03-12 07:35:38,313 [C1-MC-P0.1]   R80 Acc_P=0.8138 F1_P=0.6432
2026-03-12 07:35:55,191 [C1-MC-P0.1]   R81 Acc_P=0.5160 F1_P=0.5942
2026-03-12 07:36:11,482 [C1-MC-P0.1]   R82 Acc_P=0.8450 F1_P=0.6630
2026-03-12 07:36:28,736 [C1-MC-P0.1]   R83 Acc_P=0.8681 F1_P=0.6488
2026-03-12 07:36:46,289 [C1-MC-P0.1]   R84 Acc_P=0.5296 F1_P=0.6092
2026-03-12 07:37:04,595 [C1-MC-P0.1]   R85 Acc_P=0.5264 F1_P=0.5895
2026-03-12 07:37:22,889 [C1-MC-P0.1]   R86 Acc_P=0.5321 F1_P=0.5855
2026-03-12 07:37:41,730 [C1-MC-P0.1]   R87 Acc_P=0.5349 F1_P=0.6013
2026-03-12 07:38:00,270 [C1-MC-P0.1]   R88 Acc_P=0.5190 F1_P=0.6006
2026-03-12 07:38:18,954 [C1-MC-P0.1]   R89 Acc_P=0.6282 F1_P=0.6223
2026-03-12 07:38:37,781 [C1-MC-P0.1]   R90 Acc_P=0.5309 F1_P=0.5823
2026-03-12 07:38:57,033 [C1-MC-P0.1]   R91 Acc_P=0.5650 F1_P=0.5914
2026-03-12 07:39:15,632 [C1-MC-P0.1]   R92 Acc_P=0.5467 F1_P=0.6162
2026-03-12 07:39:34,207 [C1-MC-P0.1]   R93 Acc_P=0.5309 F1_P=0.5809
2026-03-12 07:39:53,340 [C1-MC-P0.1]   R94 Acc_P=0.5349 F1_P=0.5955
2026-03-12 07:40:11,069 [C1-MC-P0.1]   R95 Acc_P=0.5327 F1_P=0.5854
2026-03-12 07:40:28,941 [C1-MC-P0.1]   R96 Acc_P=0.5292 F1_P=0.5931
2026-03-12 07:40:47,009 [C1-MC-P0.1]   R97 Acc_P=0.5325 F1_P=0.5768
2026-03-12 07:41:05,246 [C1-MC-P0.1]   R98 Acc_P=0.5314 F1_P=0.5914
2026-03-12 07:41:23,505 [C1-MC-P0.1]   R99 Acc_P=0.5577 F1_P=0.5985
2026-03-12 07:41:41,180 [C1-MC-P0.1]   R100 Acc_P=0.5443 F1_P=0.5972
2026-03-12 07:41:55,173 [C1-MC-P0.1] Final: Acc=0.5443 F1=0.5972
2026-03-12 07:41:55,173 [C1-MC-P0.1] Grouped F1: {'BruteForce': 48.0, 'Bot': 98.84, 'DoS': 57.74, 'DDoS': 67.24, 'Infiltration': 34.92, 'Web Attacks': 0.0}
